[INFO] [launch]: All log files can be found below /root/.ros/log/2026-08-08-22-55-41-354435-d137359281ae-75755
[INFO] [launch]: Default logging verbosity is set to INFO
[INFO] [component_container_isolated-1]: process started with pid [75775]
[component_container_isolated-1] [INFO] [1786229742.526300010] [nav2_container]: Load Library: /opt/ros/jazzy/lib/libmap_server_core.so
[component_container_isolated-1] [INFO] [1786229742.590454770] [nav2_container]: Found class: rclcpp_components::NodeFactoryTemplate<nav2_map_server::CostmapFilterInfoServer>
[component_container_isolated-1] [INFO] [1786229742.590509971] [nav2_container]: Found class: rclcpp_components::NodeFactoryTemplate<nav2_map_server::MapSaver>
[component_container_isolated-1] [INFO] [1786229742.590518471] [nav2_container]: Found class: rclcpp_components::NodeFactoryTemplate<nav2_map_server::MapServer>
[component_container_isolated-1] [INFO] [1786229742.590525571] [nav2_container]: Instantiate class: rclcpp_components::NodeFactoryTemplate<nav2_map_server::MapServer>
[INFO] [launch_ros.actions.load_composable_nodes]: Loaded node '/map_server' in container '/nav2_container'
[component_container_isolated-1] [INFO] [1786229742.603144842] [map_server]: 
[component_container_isolated-1] 	map_server lifecycle node launched. 
[component_container_isolated-1] 	Waiting on external lifecycle transitions to activate
[component_container_isolated-1] 	See https://design.ros2.org/articles/node_lifecycle.html for more information.
[component_container_isolated-1] [INFO] [1786229742.603187442] [map_server]: Creating
[component_container_isolated-1] [INFO] [1786229742.603693945] [nav2_container]: Load Library: /opt/ros/jazzy/lib/libcontroller_server_core.so
[component_container_isolated-1] [INFO] [1786229742.620930941] [nav2_container]: Found class: rclcpp_components::NodeFactoryTemplate<nav2_controller::ControllerServer>
[component_container_isolated-1] [INFO] [1786229742.620959542] [nav2_container]: Instantiate class: rclcpp_components::NodeFactoryTemplate<nav2_controller::ControllerServer>
[component_container_isolated-1] [INFO] [1786229742.629755791] [controller_server]: 
[component_container_isolated-1] 	controller_server lifecycle node launched. 
[component_container_isolated-1] 	Waiting on external lifecycle transitions to activate
[component_container_isolated-1] 	See https://design.ros2.org/articles/node_lifecycle.html for more information.
[component_container_isolated-1] [INFO] [1786229742.635602524] [controller_server]: Creating controller server
[component_container_isolated-1] [INFO] [1786229742.646339984] [local_costmap.local_costmap]: 
[component_container_isolated-1] 	local_costmap lifecycle node launched. 
[component_container_isolated-1] 	Waiting on external lifecycle transitions to activate
[component_container_isolated-1] 	See https://design.ros2.org/articles/node_lifecycle.html for more information.
[component_container_isolated-1] [INFO] [1786229742.646848687] [local_costmap.local_costmap]: Creating Costmap
[INFO] [launch_ros.actions.load_composable_nodes]: Loaded node '/controller_server' in container '/nav2_container'
[component_container_isolated-1] [INFO] [1786229742.647491090] [nav2_container]: Load Library: /opt/ros/jazzy/lib/libamcl_core.so
[component_container_isolated-1] [INFO] [1786229742.663229479] [nav2_container]: Found class: rclcpp_components::NodeFactoryTemplate<nav2_amcl::AmclNode>
[component_container_isolated-1] [INFO] [1786229742.663264779] [nav2_container]: Instantiate class: rclcpp_components::NodeFactoryTemplate<nav2_amcl::AmclNode>
[component_container_isolated-1] [INFO] [1786229742.673518737] [amcl]: 
[component_container_isolated-1] 	amcl lifecycle node launched. 
[component_container_isolated-1] 	Waiting on external lifecycle transitions to activate
[component_container_isolated-1] 	See https://design.ros2.org/articles/node_lifecycle.html for more information.
[component_container_isolated-1] [INFO] [1786229742.674108840] [amcl]: Creating
[INFO] [launch_ros.actions.load_composable_nodes]: Loaded node '/amcl' in container '/nav2_container'
[component_container_isolated-1] [INFO] [1786229742.676065951] [nav2_container]: Load Library: /opt/ros/jazzy/lib/libsmoother_server_core.so
[component_container_isolated-1] [INFO] [1786229742.680988979] [nav2_container]: Found class: rclcpp_components::NodeFactoryTemplate<nav2_smoother::SmootherServer>
[component_container_isolated-1] [INFO] [1786229742.681015779] [nav2_container]: Instantiate class: rclcpp_components::NodeFactoryTemplate<nav2_smoother::SmootherServer>
[component_container_isolated-1] [INFO] [1786229742.690703233] [smoother_server]: 
[component_container_isolated-1] 	smoother_server lifecycle node launched. 
[component_container_isolated-1] 	Waiting on external lifecycle transitions to activate
[component_container_isolated-1] 	See https://design.ros2.org/articles/node_lifecycle.html for more information.
[component_container_isolated-1] [INFO] [1786229742.692486443] [smoother_server]: Creating smoother server
[component_container_isolated-1] [INFO] [1786229742.693040346] [nav2_container]: Load Library: /opt/ros/jazzy/lib/libnav2_lifecycle_manager_core.so
[INFO] [launch_ros.actions.load_composable_nodes]: Loaded node '/smoother_server' in container '/nav2_container'
[component_container_isolated-1] [INFO] [1786229742.700290587] [nav2_container]: Found class: rclcpp_components::NodeFactoryTemplate<nav2_lifecycle_manager::LifecycleManager>
[component_container_isolated-1] [INFO] [1786229742.700324487] [nav2_container]: Instantiate class: rclcpp_components::NodeFactoryTemplate<nav2_lifecycle_manager::LifecycleManager>
[component_container_isolated-1] [INFO] [1786229742.711495250] [lifecycle_manager_localization]: Creating
[component_container_isolated-1] [INFO] [1786229742.718484189] [lifecycle_manager_localization]: [34m[1mCreating and initializing lifecycle service clients[0m[0m
[INFO] [launch_ros.actions.load_composable_nodes]: Loaded node '/lifecycle_manager_localization' in container '/nav2_container'
[component_container_isolated-1] [INFO] [1786229742.718597590] [nav2_container]: Load Library: /opt/ros/jazzy/lib/libplanner_server_core.so
[component_container_isolated-1] [INFO] [1786229742.721318805] [nav2_container]: Found class: rclcpp_components::NodeFactoryTemplate<nav2_planner::PlannerServer>
[component_container_isolated-1] [INFO] [1786229742.721347705] [nav2_container]: Instantiate class: rclcpp_components::NodeFactoryTemplate<nav2_planner::PlannerServer>
[component_container_isolated-1] [INFO] [1786229742.724498423] [lifecycle_manager_localization]: [34m[1mStarting managed nodes bringup...[0m[0m
[component_container_isolated-1] [INFO] [1786229742.724583023] [lifecycle_manager_localization]: [34m[1mConfiguring map_server[0m[0m
[component_container_isolated-1] [INFO] [1786229742.725158126] [map_server]: Configuring
[component_container_isolated-1] [INFO] [1786229742.725537029] [map_io]: Loading yaml file: /oomwoo/contributions/compute-benchmark/OsakaTX/results/run-2026-08-08/nav2_map.yaml
[component_container_isolated-1] [INFO] [1786229742.726400233] [map_io]: resolution: 0.05
[component_container_isolated-1] [INFO] [1786229742.726425034] [map_io]: origin[0]: -5
[component_container_isolated-1] [INFO] [1786229742.726431934] [map_io]: origin[1]: -5
[component_container_isolated-1] [INFO] [1786229742.726436234] [map_io]: origin[2]: 0
[component_container_isolated-1] [INFO] [1786229742.726440834] [map_io]: free_thresh: 0.196
[component_container_isolated-1] [INFO] [1786229742.726446334] [map_io]: occupied_thresh: 0.65
[component_container_isolated-1] [INFO] [1786229742.726455234] [map_io]: mode: trinary
[component_container_isolated-1] [INFO] [1786229742.726459834] [map_io]: negate: 0
[component_container_isolated-1] [INFO] [1786229742.736725891] [planner_server]: 
[component_container_isolated-1] 	planner_server lifecycle node launched. 
[component_container_isolated-1] 	Waiting on external lifecycle transitions to activate
[component_container_isolated-1] 	See https://design.ros2.org/articles/node_lifecycle.html for more information.
[component_container_isolated-1] [INFO] [1786229742.738375801] [planner_server]: Creating
[component_container_isolated-1] [INFO] [1786229742.750816170] [global_costmap.global_costmap]: 
[component_container_isolated-1] 	global_costmap lifecycle node launched. 
[component_container_isolated-1] 	Waiting on external lifecycle transitions to activate
[component_container_isolated-1] 	See https://design.ros2.org/articles/node_lifecycle.html for more information.
[component_container_isolated-1] [INFO] [1786229742.751156672] [global_costmap.global_costmap]: Creating Costmap
[INFO] [launch_ros.actions.load_composable_nodes]: Loaded node '/planner_server' in container '/nav2_container'
[component_container_isolated-1] [INFO] [1786229742.755539797] [nav2_container]: Load Library: /opt/ros/jazzy/lib/libroute_server_core.so
[component_container_isolated-1] [INFO] [1786229742.756148000] [map_io]: Loading image_file: /oomwoo/contributions/compute-benchmark/OsakaTX/results/run-2026-08-08/nav2_map.pgm
[component_container_isolated-1] [INFO] [1786229742.760746726] [nav2_container]: Found class: rclcpp_components::NodeFactoryTemplate<nav2_route::RouteServer>
[component_container_isolated-1] [INFO] [1786229742.760779226] [nav2_container]: Instantiate class: rclcpp_components::NodeFactoryTemplate<nav2_route::RouteServer>
[component_container_isolated-1] [INFO] [1786229742.771471386] [map_io]: Read map /oomwoo/contributions/compute-benchmark/OsakaTX/results/run-2026-08-08/nav2_map.pgm: 200 X 200 map @ 0.05 m/cell
[component_container_isolated-1] [INFO] [1786229742.774133901] [route_server]: 
[component_container_isolated-1] 	route_server lifecycle node launched. 
[component_container_isolated-1] 	Waiting on external lifecycle transitions to activate
[component_container_isolated-1] 	See https://design.ros2.org/articles/node_lifecycle.html for more information.
[INFO] [launch_ros.actions.load_composable_nodes]: Loaded node '/route_server' in container '/nav2_container'
[component_container_isolated-1] [INFO] [1786229742.776811416] [nav2_container]: Load Library: /opt/ros/jazzy/lib/libbehavior_server_core.so
[component_container_isolated-1] [INFO] [1786229742.777412420] [lifecycle_manager_localization]: [34m[1mConfiguring amcl[0m[0m
[component_container_isolated-1] [INFO] [1786229742.777561121] [amcl]: Configuring
[component_container_isolated-1] [INFO] [1786229742.777668321] [amcl]: initTransforms
[component_container_isolated-1] [INFO] [1786229742.780252836] [nav2_container]: Found class: rclcpp_components::NodeFactoryTemplate<behavior_server::BehaviorServer>
[component_container_isolated-1] [INFO] [1786229742.780284036] [nav2_container]: Instantiate class: rclcpp_components::NodeFactoryTemplate<behavior_server::BehaviorServer>
[component_container_isolated-1] [INFO] [1786229742.790158391] [amcl]: initPubSub
[component_container_isolated-1] [INFO] [1786229742.801280654] [amcl]: Subscribed to map topic.
[component_container_isolated-1] [INFO] [1786229742.807882791] [lifecycle_manager_localization]: [34m[1mActivating map_server[0m[0m
[component_container_isolated-1] [INFO] [1786229742.808018592] [map_server]: Activating
[component_container_isolated-1] [INFO] [1786229742.808179692] [map_server]: Creating bond (map_server) to lifecycle manager.
[component_container_isolated-1] [INFO] [1786229742.808320293] [amcl]: Received a 200 X 200 map @ 0.050 m/pix
[component_container_isolated-1] [INFO] [1786229742.810968808] [behavior_server]: 
[component_container_isolated-1] 	behavior_server lifecycle node launched. 
[component_container_isolated-1] 	Waiting on external lifecycle transitions to activate
[component_container_isolated-1] 	See https://design.ros2.org/articles/node_lifecycle.html for more information.
[INFO] [launch_ros.actions.load_composable_nodes]: Loaded node '/behavior_server' in container '/nav2_container'
[component_container_isolated-1] [INFO] [1786229742.818782252] [nav2_container]: Load Library: /opt/ros/jazzy/lib/libbt_navigator_core.so
[component_container_isolated-1] [INFO] [1786229742.878536987] [nav2_container]: Found class: rclcpp_components::NodeFactoryTemplate<nav2_bt_navigator::BtNavigator>
[component_container_isolated-1] [INFO] [1786229742.878575288] [nav2_container]: Instantiate class: rclcpp_components::NodeFactoryTemplate<nav2_bt_navigator::BtNavigator>
[component_container_isolated-1] [INFO] [1786229742.894769479] [bt_navigator]: 
[component_container_isolated-1] 	bt_navigator lifecycle node launched. 
[component_container_isolated-1] 	Waiting on external lifecycle transitions to activate
[component_container_isolated-1] 	See https://design.ros2.org/articles/node_lifecycle.html for more information.
[component_container_isolated-1] [INFO] [1786229742.897131792] [bt_navigator]: Creating
[INFO] [launch_ros.actions.load_composable_nodes]: Loaded node '/bt_navigator' in container '/nav2_container'
[component_container_isolated-1] [INFO] [1786229742.901325315] [nav2_container]: Load Library: /opt/ros/jazzy/lib/libwaypoint_follower_core.so
[component_container_isolated-1] [INFO] [1786229742.915256894] [nav2_container]: Found class: rclcpp_components::NodeFactoryTemplate<nav2_waypoint_follower::WaypointFollower>
[component_container_isolated-1] [INFO] [1786229742.915290594] [nav2_container]: Instantiate class: rclcpp_components::NodeFactoryTemplate<nav2_waypoint_follower::WaypointFollower>
[component_container_isolated-1] [INFO] [1786229742.916565801] [lifecycle_manager_localization]: Server map_server connected with bond.
[component_container_isolated-1] [INFO] [1786229742.916603301] [lifecycle_manager_localization]: [34m[1mActivating amcl[0m[0m
[component_container_isolated-1] [INFO] [1786229742.916905103] [amcl]: Activating
[component_container_isolated-1] [INFO] [1786229742.916955103] [amcl]: initialPoseReceived
[component_container_isolated-1] [INFO] [1786229742.918688213] [amcl]: Setting pose (1786229742.918688): 1.500 0.000 1.571
[component_container_isolated-1] [INFO] [1786229742.919264216] [amcl]: Creating bond (amcl) to lifecycle manager.
[component_container_isolated-1] [INFO] [1786229742.932551691] [waypoint_follower]: 
[component_container_isolated-1] 	waypoint_follower lifecycle node launched. 
[component_container_isolated-1] 	Waiting on external lifecycle transitions to activate
[component_container_isolated-1] 	See https://design.ros2.org/articles/node_lifecycle.html for more information.
[component_container_isolated-1] [INFO] [1786229742.933064994] [waypoint_follower]: Creating
[INFO] [launch_ros.actions.load_composable_nodes]: Loaded node '/waypoint_follower' in container '/nav2_container'
[component_container_isolated-1] [INFO] [1786229742.935901109] [nav2_container]: Load Library: /opt/ros/jazzy/lib/libvelocity_smoother_core.so
[component_container_isolated-1] [INFO] [1786229742.938966127] [nav2_container]: Found class: rclcpp_components::NodeFactoryTemplate<nav2_velocity_smoother::VelocitySmoother>
[component_container_isolated-1] [INFO] [1786229742.938998827] [nav2_container]: Instantiate class: rclcpp_components::NodeFactoryTemplate<nav2_velocity_smoother::VelocitySmoother>
[component_container_isolated-1] [INFO] [1786229742.952656503] [velocity_smoother]: 
[component_container_isolated-1] 	velocity_smoother lifecycle node launched. 
[component_container_isolated-1] 	Waiting on external lifecycle transitions to activate
[component_container_isolated-1] 	See https://design.ros2.org/articles/node_lifecycle.html for more information.
[INFO] [launch_ros.actions.load_composable_nodes]: Loaded node '/velocity_smoother' in container '/nav2_container'
[component_container_isolated-1] [INFO] [1786229742.954928716] [nav2_container]: Load Library: /opt/ros/jazzy/lib/libcollision_monitor_core.so
[component_container_isolated-1] [INFO] [1786229742.958927039] [amcl]: createLaserObject
[component_container_isolated-1] [INFO] [1786229742.961414153] [nav2_container]: Found class: rclcpp_components::NodeFactoryTemplate<nav2_collision_monitor::CollisionMonitor>
[component_container_isolated-1] [INFO] [1786229742.961488453] [nav2_container]: Instantiate class: rclcpp_components::NodeFactoryTemplate<nav2_collision_monitor::CollisionMonitor>
[INFO] [launch_ros.actions.load_composable_nodes]: Loaded node '/collision_monitor' in container '/nav2_container'
[component_container_isolated-1] [INFO] [1786229742.978281547] [collision_monitor]: 
[component_container_isolated-1] 	collision_monitor lifecycle node launched. 
[component_container_isolated-1] 	Waiting on external lifecycle transitions to activate
[component_container_isolated-1] 	See https://design.ros2.org/articles/node_lifecycle.html for more information.
[component_container_isolated-1] [INFO] [1786229742.980724361] [nav2_container]: Load Library: /opt/ros/jazzy/lib/libopennav_docking_core.so
[component_container_isolated-1] [INFO] [1786229742.987212797] [nav2_container]: Found class: rclcpp_components::NodeFactoryTemplate<opennav_docking::DockingServer>
[component_container_isolated-1] [INFO] [1786229742.987242398] [nav2_container]: Instantiate class: rclcpp_components::NodeFactoryTemplate<opennav_docking::DockingServer>
[component_container_isolated-1] [INFO] [1786229743.004304893] [docking_server]: 
[component_container_isolated-1] 	docking_server lifecycle node launched. 
[component_container_isolated-1] 	Waiting on external lifecycle transitions to activate
[component_container_isolated-1] 	See https://design.ros2.org/articles/node_lifecycle.html for more information.
[component_container_isolated-1] [INFO] [1786229743.004352294] [docking_server]: Creating docking_server
[INFO] [launch_ros.actions.load_composable_nodes]: Loaded node '/docking_server' in container '/nav2_container'
[component_container_isolated-1] [INFO] [1786229743.009680124] [nav2_container]: Found class: rclcpp_components::NodeFactoryTemplate<nav2_lifecycle_manager::LifecycleManager>
[component_container_isolated-1] [INFO] [1786229743.009707524] [nav2_container]: Instantiate class: rclcpp_components::NodeFactoryTemplate<nav2_lifecycle_manager::LifecycleManager>
[component_container_isolated-1] [INFO] [1786229743.024090804] [lifecycle_manager_navigation]: Creating
[component_container_isolated-1] [INFO] [1786229743.025097610] [lifecycle_manager_localization]: Server amcl connected with bond.
[component_container_isolated-1] [INFO] [1786229743.025133810] [lifecycle_manager_localization]: [34m[1mManaged nodes are active[0m[0m
[component_container_isolated-1] [INFO] [1786229743.025151110] [lifecycle_manager_localization]: [34m[1mCreating bond timer...[0m[0m
[INFO] [launch_ros.actions.load_composable_nodes]: Loaded node '/lifecycle_manager_navigation' in container '/nav2_container'
[component_container_isolated-1] [INFO] [1786229743.028520629] [lifecycle_manager_navigation]: [34m[1mCreating and initializing lifecycle service clients[0m[0m
[component_container_isolated-1] [INFO] [1786229743.050862255] [lifecycle_manager_navigation]: [34m[1mStarting managed nodes bringup...[0m[0m
[component_container_isolated-1] [INFO] [1786229743.050893555] [lifecycle_manager_navigation]: [34m[1mConfiguring controller_server[0m[0m
[component_container_isolated-1] [INFO] [1786229743.051060256] [controller_server]: Configuring controller interface
[component_container_isolated-1] [INFO] [1786229743.051095756] [controller_server]: getting progress checker plugins..
[component_container_isolated-1] [INFO] [1786229743.051639459] [controller_server]: getting goal checker plugins..
[component_container_isolated-1] [INFO] [1786229743.052107762] [controller_server]: Controller frequency set to 20.0000Hz
[component_container_isolated-1] [INFO] [1786229743.052169462] [local_costmap.local_costmap]: Configuring
[component_container_isolated-1] [INFO] [1786229743.058491398] [local_costmap.local_costmap]: Using plugin "voxel_layer"
[component_container_isolated-1] [INFO] [1786229743.066320741] [local_costmap.local_costmap]: Subscribed to Topics: scan
[component_container_isolated-1] [INFO] [1786229743.072380775] [local_costmap.local_costmap]: Initialized plugin "voxel_layer"
[component_container_isolated-1] [INFO] [1786229743.072403576] [local_costmap.local_costmap]: Using plugin "inflation_layer"
[component_container_isolated-1] [INFO] [1786229743.073209480] [local_costmap.local_costmap]: Initialized plugin "inflation_layer"
[component_container_isolated-1] [INFO] [1786229743.089140170] [controller_server]: Created progress_checker : progress_checker of type nav2_controller::SimpleProgressChecker
[component_container_isolated-1] [INFO] [1786229743.089729473] [controller_server]: Controller Server has progress_checker  progress checkers available.
[component_container_isolated-1] [INFO] [1786229743.091153781] [controller_server]: Created goal checker : general_goal_checker of type nav2_controller::SimpleGoalChecker
[component_container_isolated-1] [INFO] [1786229743.091679184] [controller_server]: Controller Server has general_goal_checker  goal checkers available.
[component_container_isolated-1] [INFO] [1786229743.095491505] [controller_server]: Created controller : FollowPath of type nav2_mppi_controller::MPPIController
[component_container_isolated-1] [INFO] [1786229743.099805729] [controller_server]: Controller period is equal to model dt. Control sequence shifting is ON
[component_container_isolated-1] [INFO] [1786229743.107626573] [controller_server]: ConstraintCritic instantiated with 1 power and 4.000000 weight.
[component_container_isolated-1] [INFO] [1786229743.107661873] [controller_server]: Critic loaded : mppi::critics::ConstraintCritic
[component_container_isolated-1] [INFO] [1786229743.110325388] [controller_server]: InflationCostCritic instantiated with 1 power and 300.000000 / 0.015000 weights. Critic will collision check based on circular cost.
[component_container_isolated-1] [INFO] [1786229743.110354589] [controller_server]: Critic loaded : mppi::critics::CostCritic
[component_container_isolated-1] [INFO] [1786229743.111879397] [controller_server]: GoalCritic instantiated with 1 power and 5.000000 weight.
[component_container_isolated-1] [INFO] [1786229743.111906597] [controller_server]: Critic loaded : mppi::critics::GoalCritic
[component_container_isolated-1] [INFO] [1786229743.112885303] [controller_server]: GoalAngleCritic instantiated with 1 power, 3.000000 weight, 0.500000 angular threshold and symmetric_yaw_tolerance disabled
[component_container_isolated-1] [INFO] [1786229743.112912003] [controller_server]: Critic loaded : mppi::critics::GoalAngleCritic
[component_container_isolated-1] [INFO] [1786229743.115634618] [controller_server]: ReferenceTrajectoryCritic instantiated with 1 power and 14.000000 weight
[component_container_isolated-1] [INFO] [1786229743.115661018] [controller_server]: Critic loaded : mppi::critics::PathAlignCritic
[component_container_isolated-1] [INFO] [1786229743.116826125] [controller_server]: Critic loaded : mppi::critics::PathFollowCritic
[component_container_isolated-1] [INFO] [1786229743.119299739] [controller_server]: PathAngleCritic instantiated with 1 power and 2.000000 weight. Mode set to: Forward Preference
[component_container_isolated-1] [INFO] [1786229743.119324939] [controller_server]: Critic loaded : mppi::critics::PathAngleCritic
[component_container_isolated-1] [INFO] [1786229743.120721547] [controller_server]: PreferForwardCritic instantiated with 1 power and 5.000000 weight.
[component_container_isolated-1] [INFO] [1786229743.120756647] [controller_server]: Critic loaded : mppi::critics::PreferForwardCritic
[component_container_isolated-1] [INFO] [1786229743.124915170] [controller_server]: Optimizer reset
[component_container_isolated-1] [INFO] [1786229743.131069305] [MPPIController]: Configured MPPI Controller: FollowPath
[component_container_isolated-1] [INFO] [1786229743.131092805] [controller_server]: Controller Server has FollowPath  controllers available.
[component_container_isolated-1] [INFO] [1786229743.141335162] [lifecycle_manager_navigation]: [34m[1mConfiguring smoother_server[0m[0m
[component_container_isolated-1] [INFO] [1786229743.141453563] [smoother_server]: Configuring smoother server
[component_container_isolated-1] [INFO] [1786229743.147686898] [smoother_server]: Created smoother : simple_smoother of type nav2_smoother::SimpleSmoother
[component_container_isolated-1] [INFO] [1786229743.148566903] [smoother_server]: Smoother Server has simple_smoother  smoothers available.
[component_container_isolated-1] [INFO] [1786229743.153248029] [lifecycle_manager_navigation]: [34m[1mConfiguring planner_server[0m[0m
[component_container_isolated-1] [INFO] [1786229743.153395130] [planner_server]: Configuring
[component_container_isolated-1] [INFO] [1786229743.153448630] [global_costmap.global_costmap]: Configuring
[component_container_isolated-1] [INFO] [1786229743.158563759] [global_costmap.global_costmap]: Using plugin "static_layer"
[component_container_isolated-1] [INFO] [1786229743.159698766] [global_costmap.global_costmap]: Subscribing to the map topic (/map) with transient local durability
[component_container_isolated-1] [INFO] [1786229743.160436570] [global_costmap.global_costmap]: Initialized plugin "static_layer"
[component_container_isolated-1] [INFO] [1786229743.160460770] [global_costmap.global_costmap]: Using plugin "obstacle_layer"
[component_container_isolated-1] [INFO] [1786229743.161474176] [global_costmap.global_costmap]: Subscribed to Topics: scan
[component_container_isolated-1] [INFO] [1786229743.165004495] [global_costmap.global_costmap]: Initialized plugin "obstacle_layer"
[component_container_isolated-1] [INFO] [1786229743.165029095] [global_costmap.global_costmap]: Using plugin "inflation_layer"
[component_container_isolated-1] [INFO] [1786229743.165831600] [global_costmap.global_costmap]: Initialized plugin "inflation_layer"
[component_container_isolated-1] [INFO] [1786229743.182676895] [planner_server]: Created global planner plugin GridBased of type nav2_navfn_planner::NavfnPlanner
[component_container_isolated-1] [INFO] [1786229743.182713695] [planner_server]: Configuring plugin GridBased of type NavfnPlanner
[component_container_isolated-1] [INFO] [1786229743.183455999] [planner_server]: Planner Server has GridBased  planners available.
[component_container_isolated-1] [INFO] [1786229743.192340649] [lifecycle_manager_navigation]: [34m[1mConfiguring route_server[0m[0m
[component_container_isolated-1] [INFO] [1786229743.192469049] [route_server]: Configuring
[component_container_isolated-1] [INFO] [1786229743.214578774] [route_server]: Created GraphFileLoader GeoJsonGraphFileLoader of type nav2_route::GeoJsonGraphFileLoader
[component_container_isolated-1] [INFO] [1786229743.214607774] [route_server]: Configuring geojson graph file loader
[component_container_isolated-1] [INFO] [1786229743.214617074] [route_server]: No graph file provided to load yet.
[component_container_isolated-1] [INFO] [1786229743.223949726] [route_server]: Created edge cost function plugin DistanceScorer of type nav2_route::DistanceScorer
[component_container_isolated-1] [INFO] [1786229743.223981326] [route_server]: Configuring distance scorer.
[component_container_isolated-1] [INFO] [1786229743.224471329] [route_server]: Created edge cost function plugin CostmapScorer of type nav2_route::CostmapScorer
[component_container_isolated-1] [INFO] [1786229743.224492729] [route_server]: Configuring costmap scorer.
[component_container_isolated-1] [INFO] [1786229743.230652564] [global_costmap.global_costmap]: StaticLayer: Resizing costmap to 200 X 200 at 0.050000 m/pix
[component_container_isolated-1] [INFO] [1786229743.234065483] [route_server]: Created route operation AdjustSpeedLimit of type nav2_route::AdjustSpeedLimit
[component_container_isolated-1] [INFO] [1786229743.234093583] [route_server]: Configuring Adjust speed limit operation.
[component_container_isolated-1] [INFO] [1786229743.235208489] [route_server]: Created route operation ReroutingService of type nav2_route::ReroutingService
[component_container_isolated-1] [INFO] [1786229743.235231389] [route_server]: Configuring Rerouting service operation.
[component_container_isolated-1] [INFO] [1786229743.236329096] [route_server]: Created route operation CollisionMonitor of type nav2_route::CollisionMonitor
[component_container_isolated-1] [INFO] [1786229743.236525597] [route_server]: Using costmap topic: local_costmap/costmap_raw instead of server costmap topic: global_costmap/costmap_raw for CollisionMonitor.
[component_container_isolated-1] [INFO] [1786229743.239913416] [lifecycle_manager_navigation]: [34m[1mConfiguring behavior_server[0m[0m
[component_container_isolated-1] [INFO] [1786229743.240055917] [behavior_server]: Configuring
[component_container_isolated-1] [INFO] [1786229743.242981833] [behavior_server]: Creating behavior plugin spin of type nav2_behaviors::Spin
[component_container_isolated-1] [INFO] [1786229743.245196545] [behavior_server]: Creating behavior plugin backup of type nav2_behaviors::BackUp
[component_container_isolated-1] [INFO] [1786229743.260214330] [behavior_server]: Creating behavior plugin drive_on_heading of type nav2_behaviors::DriveOnHeading
[component_container_isolated-1] [INFO] [1786229743.262502243] [behavior_server]: Creating behavior plugin assisted_teleop of type nav2_behaviors::AssistedTeleop
[component_container_isolated-1] [INFO] [1786229743.278125530] [behavior_server]: Creating behavior plugin wait of type nav2_behaviors::Wait
[component_container_isolated-1] [INFO] [1786229743.287091981] [behavior_server]: Configuring spin
[component_container_isolated-1] [INFO] [1786229743.292871713] [behavior_server]: Configuring backup
[component_container_isolated-1] [INFO] [1786229743.297486739] [behavior_server]: Configuring drive_on_heading
[component_container_isolated-1] [INFO] [1786229743.302242366] [behavior_server]: Configuring assisted_teleop
[component_container_isolated-1] [INFO] [1786229743.315637441] [behavior_server]: Configuring wait
[component_container_isolated-1] [INFO] [1786229743.320544168] [lifecycle_manager_navigation]: [34m[1mConfiguring velocity_smoother[0m[0m
[component_container_isolated-1] [INFO] [1786229743.320714469] [velocity_smoother]: Configuring velocity smoother
[component_container_isolated-1] [INFO] [1786229743.324569391] [lifecycle_manager_navigation]: [34m[1mConfiguring collision_monitor[0m[0m
[component_container_isolated-1] [INFO] [1786229743.324721792] [collision_monitor]: Configuring
[component_container_isolated-1] [INFO] [1786229743.329198217] [collision_monitor]: [scan]: Creating Scan
[component_container_isolated-1] [INFO] [1786229743.330689725] [collision_monitor]: [FootprintApproach]: Creating Polygon
[component_container_isolated-1] [INFO] [1786229743.330960727] [collision_monitor]: [FootprintApproach]: Polygon points are not defined. Using dynamic subscription instead.
[component_container_isolated-1] [INFO] [1786229743.332626136] [collision_monitor]: [FootprintApproach]: Making footprint subscriber on /local_costmap/published_footprint topic
[component_container_isolated-1] [INFO] [1786229743.337061761] [lifecycle_manager_navigation]: [34m[1mConfiguring bt_navigator[0m[0m
[component_container_isolated-1] [INFO] [1786229743.337198862] [bt_navigator]: Configuring
[component_container_isolated-1] [INFO] [1786229743.340784982] [bt_navigator]: Creating navigator id navigate_to_pose of type nav2_bt_navigator::NavigateToPoseNavigator
[component_container_isolated-1] [INFO] [1786229743.569161064] [bt_navigator]: Creating navigator id navigate_through_poses of type nav2_bt_navigator::NavigateThroughPosesNavigator
[component_container_isolated-1] [INFO] [1786229743.599080032] [lifecycle_manager_navigation]: [34m[1mConfiguring waypoint_follower[0m[0m
[component_container_isolated-1] [INFO] [1786229743.599230832] [waypoint_follower]: Configuring
[component_container_isolated-1] [INFO] [1786229743.620587552] [waypoint_follower]: Created waypoint_task_executor : wait_at_waypoint of type nav2_waypoint_follower::WaitAtWaypoint
[component_container_isolated-1] [INFO] [1786229743.621350857] [lifecycle_manager_navigation]: [34m[1mConfiguring docking_server[0m[0m
[component_container_isolated-1] [INFO] [1786229743.621483357] [docking_server]: Configuring docking_server
[component_container_isolated-1] [INFO] [1786229743.621540658] [docking_server]: Controller frequency set to 50.0000Hz
[component_container_isolated-1] [INFO] [1786229743.644345486] [docking_server]: Created charging dock plugin simple_charging_dock of type opennav_docking::SimpleChargingDock
[component_container_isolated-1] [WARN] [1786229743.650147718] [docking_server]: Dock database filepath nor dock parameters set. Docking actions can only be executed specifying the dock pose via the action request. Or update the dock database via the reload_database service.
[component_container_isolated-1] [INFO] [1786229743.650187518] [docking_server]: Docking Server has 1 dock types and 0 dock instances available.
[component_container_isolated-1] [INFO] [1786229743.651594526] [lifecycle_manager_navigation]: [34m[1mActivating controller_server[0m[0m
[component_container_isolated-1] [INFO] [1786229743.651779227] [controller_server]: Activating
[component_container_isolated-1] [INFO] [1786229743.651816728] [local_costmap.local_costmap]: Activating
[component_container_isolated-1] [INFO] [1786229743.651827728] [local_costmap.local_costmap]: Checking transform
[component_container_isolated-1] [INFO] [1786229743.651944128] [local_costmap.local_costmap]: start
[component_container_isolated-1] [WARN] [1786229743.903128838] [controller_server]: Parameter controller_server.verbose not found
[component_container_isolated-1] [INFO] [1786229743.906339156] [controller_server]: Optimizer reset
[component_container_isolated-1] [INFO] [1786229743.906885659] [MPPIController]: Activated MPPI Controller: FollowPath
[component_container_isolated-1] [INFO] [1786229743.906923159] [controller_server]: Creating bond (controller_server) to lifecycle manager.
[component_container_isolated-1] [INFO] [1786229744.014262462] [lifecycle_manager_navigation]: Server controller_server connected with bond.
[component_container_isolated-1] [INFO] [1786229744.014347062] [lifecycle_manager_navigation]: [34m[1mActivating smoother_server[0m[0m
[component_container_isolated-1] [INFO] [1786229744.014667264] [smoother_server]: Activating
[component_container_isolated-1] [INFO] [1786229744.014709064] [smoother_server]: Creating bond (smoother_server) to lifecycle manager.
[component_container_isolated-1] [INFO] [1786229744.121077461] [lifecycle_manager_navigation]: Server smoother_server connected with bond.
[component_container_isolated-1] [INFO] [1786229744.121182362] [lifecycle_manager_navigation]: [34m[1mActivating planner_server[0m[0m
[component_container_isolated-1] [INFO] [1786229744.121565464] [planner_server]: Activating
[component_container_isolated-1] [INFO] [1786229744.121690665] [global_costmap.global_costmap]: Activating
[component_container_isolated-1] [INFO] [1786229744.121711165] [global_costmap.global_costmap]: Checking transform
[component_container_isolated-1] [INFO] [1786229744.121843965] [global_costmap.global_costmap]: start
[component_container_isolated-1] [INFO] [1786229745.123158684] [planner_server]: Activating plugin GridBased of type NavfnPlanner
[component_container_isolated-1] [INFO] [1786229745.126514803] [planner_server]: Creating bond (planner_server) to lifecycle manager.
[component_container_isolated-1] [INFO] [1786229745.233061801] [lifecycle_manager_navigation]: Server planner_server connected with bond.
[component_container_isolated-1] [INFO] [1786229745.233150402] [lifecycle_manager_navigation]: [34m[1mActivating route_server[0m[0m
[component_container_isolated-1] [INFO] [1786229745.233781005] [route_server]: Activating
[component_container_isolated-1] [INFO] [1786229745.234179107] [route_server]: Creating bond (route_server) to lifecycle manager.
[component_container_isolated-1] [INFO] [1786229745.340267103] [lifecycle_manager_navigation]: Server route_server connected with bond.
[component_container_isolated-1] [INFO] [1786229745.340354103] [lifecycle_manager_navigation]: [34m[1mActivating behavior_server[0m[0m
[component_container_isolated-1] [INFO] [1786229745.341002107] [behavior_server]: Activating
[component_container_isolated-1] [INFO] [1786229745.341054007] [behavior_server]: Activating spin
[component_container_isolated-1] [INFO] [1786229745.341090407] [behavior_server]: Activating backup
[component_container_isolated-1] [INFO] [1786229745.341107507] [behavior_server]: Activating drive_on_heading
[component_container_isolated-1] [INFO] [1786229745.341122707] [behavior_server]: Activating assisted_teleop
[component_container_isolated-1] [INFO] [1786229745.341138207] [behavior_server]: Activating wait
[component_container_isolated-1] [INFO] [1786229745.341156608] [behavior_server]: Creating bond (behavior_server) to lifecycle manager.
[component_container_isolated-1] [INFO] [1786229745.447817206] [lifecycle_manager_navigation]: Server behavior_server connected with bond.
[component_container_isolated-1] [INFO] [1786229745.447853706] [lifecycle_manager_navigation]: [34m[1mActivating velocity_smoother[0m[0m
[component_container_isolated-1] [INFO] [1786229745.448099108] [velocity_smoother]: Activating
[component_container_isolated-1] [INFO] [1786229745.452262131] [velocity_smoother]: Creating bond (velocity_smoother) to lifecycle manager.
[component_container_isolated-1] [INFO] [1786229745.558492827] [lifecycle_manager_navigation]: Server velocity_smoother connected with bond.
[component_container_isolated-1] [INFO] [1786229745.558545627] [lifecycle_manager_navigation]: [34m[1mActivating collision_monitor[0m[0m
[component_container_isolated-1] [INFO] [1786229745.558791729] [collision_monitor]: Activating
[component_container_isolated-1] [INFO] [1786229745.558873629] [collision_monitor]: Creating bond (collision_monitor) to lifecycle manager.
[component_container_isolated-1] [INFO] [1786229745.665880230] [lifecycle_manager_navigation]: Server collision_monitor connected with bond.
[component_container_isolated-1] [INFO] [1786229745.665937930] [lifecycle_manager_navigation]: [34m[1mActivating bt_navigator[0m[0m
[component_container_isolated-1] [INFO] [1786229745.666170231] [bt_navigator]: Activating
[component_container_isolated-1] [INFO] [1786229745.741860656] [bt_navigator]: Creating bond (bt_navigator) to lifecycle manager.
[component_container_isolated-1] [INFO] [1786229745.848698255] [lifecycle_manager_navigation]: Server bt_navigator connected with bond.
[component_container_isolated-1] [INFO] [1786229745.848751056] [lifecycle_manager_navigation]: [34m[1mActivating waypoint_follower[0m[0m
[component_container_isolated-1] [INFO] [1786229745.849045857] [waypoint_follower]: Activating
[component_container_isolated-1] [INFO] [1786229745.849096458] [waypoint_follower]: Creating bond (waypoint_follower) to lifecycle manager.
[component_container_isolated-1] [INFO] [1786229745.957362465] [lifecycle_manager_navigation]: Server waypoint_follower connected with bond.
[component_container_isolated-1] [INFO] [1786229745.957413365] [lifecycle_manager_navigation]: [34m[1mActivating docking_server[0m[0m
[component_container_isolated-1] [INFO] [1786229745.957724167] [docking_server]: Activating docking_server
[component_container_isolated-1] [INFO] [1786229745.968360827] [docking_server]: Creating bond (docking_server) to lifecycle manager.
[component_container_isolated-1] [INFO] [1786229746.075275327] [lifecycle_manager_navigation]: Server docking_server connected with bond.
[component_container_isolated-1] [INFO] [1786229746.075316927] [lifecycle_manager_navigation]: [34m[1mManaged nodes are active[0m[0m
[component_container_isolated-1] [INFO] [1786229746.075324327] [lifecycle_manager_navigation]: [34m[1mCreating bond timer...[0m[0m
