[INFO] [launch]: All log files can be found below /root/.ros/log/2026-09-19-05-26-33-831822-89594396727c-20579
[INFO] [launch]: Default logging verbosity is set to INFO
[INFO] [component_container_isolated-1]: process started with pid [20600]
[INFO] [component_container_isolated-2]: process started with pid [20601]
[component_container_isolated-1] [INFO] [1789795594.763323985] [nav2_container]: Load Library: /opt/ros/jazzy/lib/libmap_server_core.so
[component_container_isolated-2] [INFO] [1789795594.763431986] [hybrid_core_container]: Load Library: /opt/ros/jazzy/lib/libbt_navigator_core.so
[component_container_isolated-2] [INFO] [1789795594.772440125] [hybrid_core_container]: Found class: rclcpp_components::NodeFactoryTemplate<nav2_bt_navigator::BtNavigator>
[component_container_isolated-2] [INFO] [1789795594.772599926] [hybrid_core_container]: Instantiate class: rclcpp_components::NodeFactoryTemplate<nav2_bt_navigator::BtNavigator>
[component_container_isolated-1] [INFO] [1789795594.780365260] [nav2_container]: Found class: rclcpp_components::NodeFactoryTemplate<nav2_map_server::CostmapFilterInfoServer>
[component_container_isolated-1] [INFO] [1789795594.780395560] [nav2_container]: Found class: rclcpp_components::NodeFactoryTemplate<nav2_map_server::MapSaver>
[component_container_isolated-1] [INFO] [1789795594.780400260] [nav2_container]: Found class: rclcpp_components::NodeFactoryTemplate<nav2_map_server::MapServer>
[component_container_isolated-1] [INFO] [1789795594.780404260] [nav2_container]: Instantiate class: rclcpp_components::NodeFactoryTemplate<nav2_map_server::MapServer>
[component_container_isolated-2] [INFO] [1789795594.781880467] [bt_navigator]: 
[component_container_isolated-2] 	bt_navigator lifecycle node launched. 
[component_container_isolated-2] 	Waiting on external lifecycle transitions to activate
[component_container_isolated-2] 	See https://design.ros2.org/articles/node_lifecycle.html for more information.
[component_container_isolated-2] [INFO] [1789795594.783312073] [bt_navigator]: Creating
[INFO] [launch_ros.actions.load_composable_nodes]: Loaded node '/bt_navigator' in container '/hybrid_core_container'
[component_container_isolated-2] [INFO] [1789795594.786919089] [hybrid_core_container]: Load Library: /opt/ros/jazzy/lib/libcontroller_server_core.so
[component_container_isolated-1] [INFO] [1789795594.790803506] [map_server]: 
[component_container_isolated-1] 	map_server lifecycle node launched. 
[component_container_isolated-1] 	Waiting on external lifecycle transitions to activate
[component_container_isolated-1] 	See https://design.ros2.org/articles/node_lifecycle.html for more information.
[component_container_isolated-1] [INFO] [1789795594.790836206] [map_server]: Creating
[component_container_isolated-1] [INFO] [1789795594.791172508] [nav2_container]: Load Library: /opt/ros/jazzy/lib/libamcl_core.so
[INFO] [launch_ros.actions.load_composable_nodes]: Loaded node '/map_server' in container '/nav2_container'
[component_container_isolated-2] [INFO] [1789795594.793391518] [hybrid_core_container]: Found class: rclcpp_components::NodeFactoryTemplate<nav2_controller::ControllerServer>
[component_container_isolated-2] [INFO] [1789795594.793420518] [hybrid_core_container]: Instantiate class: rclcpp_components::NodeFactoryTemplate<nav2_controller::ControllerServer>
[component_container_isolated-1] [INFO] [1789795594.795648827] [nav2_container]: Found class: rclcpp_components::NodeFactoryTemplate<nav2_amcl::AmclNode>
[component_container_isolated-1] [INFO] [1789795594.795677328] [nav2_container]: Instantiate class: rclcpp_components::NodeFactoryTemplate<nav2_amcl::AmclNode>
[component_container_isolated-2] [INFO] [1789795594.801323252] [controller_server]: 
[component_container_isolated-2] 	controller_server lifecycle node launched. 
[component_container_isolated-2] 	Waiting on external lifecycle transitions to activate
[component_container_isolated-2] 	See https://design.ros2.org/articles/node_lifecycle.html for more information.
[component_container_isolated-1] [INFO] [1789795594.804532266] [amcl]: 
[component_container_isolated-1] 	amcl lifecycle node launched. 
[component_container_isolated-1] 	Waiting on external lifecycle transitions to activate
[component_container_isolated-1] 	See https://design.ros2.org/articles/node_lifecycle.html for more information.
[component_container_isolated-1] [INFO] [1789795594.804793868] [amcl]: Creating
[component_container_isolated-2] [INFO] [1789795594.804858968] [controller_server]: Creating controller server
[INFO] [launch_ros.actions.load_composable_nodes]: Loaded node '/amcl' in container '/nav2_container'
[component_container_isolated-1] [INFO] [1789795594.806554675] [nav2_container]: Load Library: /opt/ros/jazzy/lib/libsmoother_server_core.so
[component_container_isolated-1] [INFO] [1789795594.810382292] [nav2_container]: Found class: rclcpp_components::NodeFactoryTemplate<nav2_smoother::SmootherServer>
[component_container_isolated-1] [INFO] [1789795594.810412692] [nav2_container]: Instantiate class: rclcpp_components::NodeFactoryTemplate<nav2_smoother::SmootherServer>
[component_container_isolated-2] [INFO] [1789795594.813939408] [local_costmap.local_costmap]: 
[component_container_isolated-2] 	local_costmap lifecycle node launched. 
[component_container_isolated-2] 	Waiting on external lifecycle transitions to activate
[component_container_isolated-2] 	See https://design.ros2.org/articles/node_lifecycle.html for more information.
[component_container_isolated-2] [INFO] [1789795594.814393010] [local_costmap.local_costmap]: Creating Costmap
[INFO] [launch_ros.actions.load_composable_nodes]: Loaded node '/controller_server' in container '/hybrid_core_container'
[component_container_isolated-2] [INFO] [1789795594.816632820] [hybrid_core_container]: Load Library: /opt/ros/jazzy/lib/libplanner_server_core.so
[component_container_isolated-2] [INFO] [1789795594.817719724] [hybrid_core_container]: Found class: rclcpp_components::NodeFactoryTemplate<nav2_planner::PlannerServer>
[component_container_isolated-2] [INFO] [1789795594.817749825] [hybrid_core_container]: Instantiate class: rclcpp_components::NodeFactoryTemplate<nav2_planner::PlannerServer>
[component_container_isolated-1] [INFO] [1789795594.820465636] [smoother_server]: 
[component_container_isolated-1] 	smoother_server lifecycle node launched. 
[component_container_isolated-1] 	Waiting on external lifecycle transitions to activate
[component_container_isolated-1] 	See https://design.ros2.org/articles/node_lifecycle.html for more information.
[component_container_isolated-1] [INFO] [1789795594.821810342] [smoother_server]: Creating smoother server
[component_container_isolated-1] [INFO] [1789795594.822393145] [nav2_container]: Load Library: /opt/ros/jazzy/lib/libnav2_lifecycle_manager_core.so
[INFO] [launch_ros.actions.load_composable_nodes]: Loaded node '/smoother_server' in container '/nav2_container'
[component_container_isolated-1] [INFO] [1789795594.823508650] [nav2_container]: Found class: rclcpp_components::NodeFactoryTemplate<nav2_lifecycle_manager::LifecycleManager>
[component_container_isolated-1] [INFO] [1789795594.823537150] [nav2_container]: Instantiate class: rclcpp_components::NodeFactoryTemplate<nav2_lifecycle_manager::LifecycleManager>
[component_container_isolated-2] [INFO] [1789795594.828152770] [planner_server]: 
[component_container_isolated-2] 	planner_server lifecycle node launched. 
[component_container_isolated-2] 	Waiting on external lifecycle transitions to activate
[component_container_isolated-2] 	See https://design.ros2.org/articles/node_lifecycle.html for more information.
[component_container_isolated-2] [INFO] [1789795594.829756177] [planner_server]: Creating
[component_container_isolated-1] [INFO] [1789795594.833301693] [lifecycle_manager_localization]: Creating
[component_container_isolated-1] [INFO] [1789795594.838612616] [lifecycle_manager_localization]: [34m[1mCreating and initializing lifecycle service clients[0m[0m
[component_container_isolated-1] [INFO] [1789795594.838661816] [nav2_container]: Load Library: /opt/ros/jazzy/lib/libroute_server_core.so
[INFO] [launch_ros.actions.load_composable_nodes]: Loaded node '/lifecycle_manager_localization' in container '/nav2_container'
[component_container_isolated-2] [INFO] [1789795594.839950422] [global_costmap.global_costmap]: 
[component_container_isolated-2] 	global_costmap lifecycle node launched. 
[component_container_isolated-2] 	Waiting on external lifecycle transitions to activate
[component_container_isolated-2] 	See https://design.ros2.org/articles/node_lifecycle.html for more information.
[component_container_isolated-2] [INFO] [1789795594.840301124] [global_costmap.global_costmap]: Creating Costmap
[component_container_isolated-1] [INFO] [1789795594.840915626] [nav2_container]: Found class: rclcpp_components::NodeFactoryTemplate<nav2_route::RouteServer>
[component_container_isolated-1] [INFO] [1789795594.840940726] [nav2_container]: Instantiate class: rclcpp_components::NodeFactoryTemplate<nav2_route::RouteServer>
[INFO] [launch_ros.actions.load_composable_nodes]: Loaded node '/planner_server' in container '/hybrid_core_container'
[component_container_isolated-1] [INFO] [1789795594.846900253] [lifecycle_manager_localization]: [34m[1mStarting managed nodes bringup...[0m[0m
[component_container_isolated-1] [INFO] [1789795594.846933953] [lifecycle_manager_localization]: [34m[1mConfiguring map_server[0m[0m
[component_container_isolated-1] [INFO] [1789795594.847100854] [map_server]: Configuring
[component_container_isolated-1] [INFO] [1789795594.847164254] [map_io]: Loading yaml file: /wt/contributions/compute-benchmark/OsakaTX/scripts/../results/topology_abc/topoABC_nav2_map_r.yaml
[component_container_isolated-1] [INFO] [1789795594.847438355] [map_io]: resolution: 0.05
[component_container_isolated-1] [INFO] [1789795594.847463855] [map_io]: origin[0]: -5
[component_container_isolated-1] [INFO] [1789795594.847470655] [map_io]: origin[1]: -5
[component_container_isolated-1] [INFO] [1789795594.847475155] [map_io]: origin[2]: 0
[component_container_isolated-1] [INFO] [1789795594.847480455] [map_io]: free_thresh: 0.196
[component_container_isolated-1] [INFO] [1789795594.847485655] [map_io]: occupied_thresh: 0.65
[component_container_isolated-1] [INFO] [1789795594.847492255] [map_io]: mode: trinary
[component_container_isolated-1] [INFO] [1789795594.847498655] [map_io]: negate: 0
[component_container_isolated-1] [INFO] [1789795594.847745056] [map_io]: Loading image_file: /wt/contributions/compute-benchmark/OsakaTX/scripts/../results/topology_abc/topoABC_nav2_map_r.pgm
[component_container_isolated-1] [INFO] [1789795594.849204863] [map_io]: Read map /wt/contributions/compute-benchmark/OsakaTX/scripts/../results/topology_abc/topoABC_nav2_map_r.pgm: 200 X 200 map @ 0.05 m/cell
[component_container_isolated-1] [INFO] [1789795594.853750683] [lifecycle_manager_localization]: [34m[1mConfiguring amcl[0m[0m
[component_container_isolated-1] [INFO] [1789795594.853845083] [amcl]: Configuring
[component_container_isolated-1] [INFO] [1789795594.853932484] [amcl]: initTransforms
[component_container_isolated-1] [INFO] [1789795594.858544404] [route_server]: 
[component_container_isolated-1] 	route_server lifecycle node launched. 
[component_container_isolated-1] 	Waiting on external lifecycle transitions to activate
[component_container_isolated-1] 	See https://design.ros2.org/articles/node_lifecycle.html for more information.
[INFO] [launch_ros.actions.load_composable_nodes]: Loaded node '/route_server' in container '/nav2_container'
[component_container_isolated-1] [INFO] [1789795594.860957814] [nav2_container]: Load Library: /opt/ros/jazzy/lib/libbehavior_server_core.so
[component_container_isolated-1] [INFO] [1789795594.861964119] [amcl]: initPubSub
[component_container_isolated-1] [INFO] [1789795594.862770722] [nav2_container]: Found class: rclcpp_components::NodeFactoryTemplate<behavior_server::BehaviorServer>
[component_container_isolated-1] [INFO] [1789795594.862798823] [nav2_container]: Instantiate class: rclcpp_components::NodeFactoryTemplate<behavior_server::BehaviorServer>
[component_container_isolated-1] [INFO] [1789795594.869351751] [amcl]: Subscribed to map topic.
[component_container_isolated-1] [INFO] [1789795594.874711875] [lifecycle_manager_localization]: [34m[1mActivating map_server[0m[0m
[component_container_isolated-1] [INFO] [1789795594.874820075] [map_server]: Activating
[component_container_isolated-1] [INFO] [1789795594.875004776] [map_server]: Creating bond (map_server) to lifecycle manager.
[component_container_isolated-1] [INFO] [1789795594.875234277] [amcl]: Received a 200 X 200 map @ 0.050 m/pix
[component_container_isolated-1] [INFO] [1789795594.881233704] [behavior_server]: 
[component_container_isolated-1] 	behavior_server lifecycle node launched. 
[component_container_isolated-1] 	Waiting on external lifecycle transitions to activate
[component_container_isolated-1] 	See https://design.ros2.org/articles/node_lifecycle.html for more information.
[INFO] [launch_ros.actions.load_composable_nodes]: Loaded node '/behavior_server' in container '/nav2_container'
[component_container_isolated-1] [INFO] [1789795594.884793119] [nav2_container]: Load Library: /opt/ros/jazzy/lib/libwaypoint_follower_core.so
[component_container_isolated-1] [INFO] [1789795594.886002825] [nav2_container]: Found class: rclcpp_components::NodeFactoryTemplate<nav2_waypoint_follower::WaypointFollower>
[component_container_isolated-1] [INFO] [1789795594.886028025] [nav2_container]: Instantiate class: rclcpp_components::NodeFactoryTemplate<nav2_waypoint_follower::WaypointFollower>
[component_container_isolated-1] [INFO] [1789795594.895998668] [waypoint_follower]: 
[component_container_isolated-1] 	waypoint_follower lifecycle node launched. 
[component_container_isolated-1] 	Waiting on external lifecycle transitions to activate
[component_container_isolated-1] 	See https://design.ros2.org/articles/node_lifecycle.html for more information.
[component_container_isolated-1] [INFO] [1789795594.896307470] [waypoint_follower]: Creating
[INFO] [launch_ros.actions.load_composable_nodes]: Loaded node '/waypoint_follower' in container '/nav2_container'
[component_container_isolated-1] [INFO] [1789795594.898321879] [nav2_container]: Load Library: /opt/ros/jazzy/lib/libvelocity_smoother_core.so
[component_container_isolated-1] [INFO] [1789795594.899288883] [nav2_container]: Found class: rclcpp_components::NodeFactoryTemplate<nav2_velocity_smoother::VelocitySmoother>
[component_container_isolated-1] [INFO] [1789795594.899314483] [nav2_container]: Instantiate class: rclcpp_components::NodeFactoryTemplate<nav2_velocity_smoother::VelocitySmoother>
[component_container_isolated-1] [INFO] [1789795594.909565128] [velocity_smoother]: 
[component_container_isolated-1] 	velocity_smoother lifecycle node launched. 
[component_container_isolated-1] 	Waiting on external lifecycle transitions to activate
[component_container_isolated-1] 	See https://design.ros2.org/articles/node_lifecycle.html for more information.
[INFO] [launch_ros.actions.load_composable_nodes]: Loaded node '/velocity_smoother' in container '/nav2_container'
[component_container_isolated-1] [INFO] [1789795594.911213035] [nav2_container]: Load Library: /opt/ros/jazzy/lib/libcollision_monitor_core.so
[component_container_isolated-1] [INFO] [1789795594.914303849] [nav2_container]: Found class: rclcpp_components::NodeFactoryTemplate<nav2_collision_monitor::CollisionMonitor>
[component_container_isolated-1] [INFO] [1789795594.914329249] [nav2_container]: Instantiate class: rclcpp_components::NodeFactoryTemplate<nav2_collision_monitor::CollisionMonitor>
[component_container_isolated-1] [INFO] [1789795594.925415398] [collision_monitor]: 
[component_container_isolated-1] 	collision_monitor lifecycle node launched. 
[component_container_isolated-1] 	Waiting on external lifecycle transitions to activate
[component_container_isolated-1] 	See https://design.ros2.org/articles/node_lifecycle.html for more information.
[INFO] [launch_ros.actions.load_composable_nodes]: Loaded node '/collision_monitor' in container '/nav2_container'
[component_container_isolated-1] [INFO] [1789795594.927269406] [nav2_container]: Load Library: /opt/ros/jazzy/lib/libopennav_docking_core.so
[component_container_isolated-1] [INFO] [1789795594.929107314] [nav2_container]: Found class: rclcpp_components::NodeFactoryTemplate<opennav_docking::DockingServer>
[component_container_isolated-1] [INFO] [1789795594.929134214] [nav2_container]: Instantiate class: rclcpp_components::NodeFactoryTemplate<opennav_docking::DockingServer>
[component_container_isolated-1] [INFO] [1789795594.941173467] [docking_server]: 
[component_container_isolated-1] 	docking_server lifecycle node launched. 
[component_container_isolated-1] 	Waiting on external lifecycle transitions to activate
[component_container_isolated-1] 	See https://design.ros2.org/articles/node_lifecycle.html for more information.
[component_container_isolated-1] [INFO] [1789795594.941241967] [docking_server]: Creating docking_server
[INFO] [launch_ros.actions.load_composable_nodes]: Loaded node '/docking_server' in container '/nav2_container'
[component_container_isolated-1] [INFO] [1789795594.943599878] [nav2_container]: Found class: rclcpp_components::NodeFactoryTemplate<nav2_lifecycle_manager::LifecycleManager>
[component_container_isolated-1] [INFO] [1789795594.943622578] [nav2_container]: Instantiate class: rclcpp_components::NodeFactoryTemplate<nav2_lifecycle_manager::LifecycleManager>
[component_container_isolated-1] [INFO] [1789795594.952188215] [lifecycle_manager_navigation]: Creating
[INFO] [launch_ros.actions.load_composable_nodes]: Loaded node '/lifecycle_manager_navigation' in container '/nav2_container'
[component_container_isolated-1] [INFO] [1789795594.954298525] [lifecycle_manager_navigation]: [34m[1mCreating and initializing lifecycle service clients[0m[0m
[component_container_isolated-1] [INFO] [1789795594.976965624] [lifecycle_manager_navigation]: [34m[1mStarting managed nodes bringup...[0m[0m
[component_container_isolated-1] [INFO] [1789795594.977001024] [lifecycle_manager_navigation]: [34m[1mConfiguring controller_server[0m[0m
[component_container_isolated-2] [INFO] [1789795594.977248326] [controller_server]: Configuring controller interface
[component_container_isolated-2] [INFO] [1789795594.977299726] [controller_server]: getting progress checker plugins..
[component_container_isolated-2] [INFO] [1789795594.977465426] [controller_server]: getting goal checker plugins..
[component_container_isolated-2] [INFO] [1789795594.977580627] [controller_server]: Controller frequency set to 20.0000Hz
[component_container_isolated-2] [INFO] [1789795594.977640627] [local_costmap.local_costmap]: Configuring
[component_container_isolated-1] [INFO] [1789795594.979902937] [lifecycle_manager_localization]: Server map_server connected with bond.
[component_container_isolated-1] [INFO] [1789795594.979936837] [lifecycle_manager_localization]: [34m[1mActivating amcl[0m[0m
[component_container_isolated-1] [INFO] [1789795594.980050838] [amcl]: Activating
[component_container_isolated-1] [INFO] [1789795594.980085638] [amcl]: initialPoseReceived
[component_container_isolated-1] [INFO] [1789795594.980208539] [amcl]: Setting pose (1789795594.980208): 1.500 0.000 1.571
[component_container_isolated-1] [INFO] [1789795594.980816341] [amcl]: Creating bond (amcl) to lifecycle manager.
[component_container_isolated-2] [INFO] [1789795594.985060660] [local_costmap.local_costmap]: Using plugin "voxel_layer"
[component_container_isolated-2] [INFO] [1789795594.988472275] [local_costmap.local_costmap]: Subscribed to Topics: scan
[component_container_isolated-2] [INFO] [1789795594.998717620] [local_costmap.local_costmap]: Initialized plugin "voxel_layer"
[component_container_isolated-2] [INFO] [1789795594.998743520] [local_costmap.local_costmap]: Using plugin "inflation_layer"
[component_container_isolated-2] [INFO] [1789795594.999291022] [local_costmap.local_costmap]: Initialized plugin "inflation_layer"
[component_container_isolated-2] [INFO] [1789795595.010396771] [controller_server]: Created progress_checker : progress_checker of type nav2_controller::SimpleProgressChecker
[component_container_isolated-2] [INFO] [1789795595.010697373] [controller_server]: Controller Server has progress_checker  progress checkers available.
[component_container_isolated-2] [INFO] [1789795595.011295975] [controller_server]: Created goal checker : general_goal_checker of type nav2_controller::SimpleGoalChecker
[component_container_isolated-2] [INFO] [1789795595.011700077] [controller_server]: Controller Server has general_goal_checker  goal checkers available.
[component_container_isolated-2] [INFO] [1789795595.013209284] [controller_server]: Created controller : FollowPath of type nav2_mppi_controller::MPPIController
[component_container_isolated-2] [INFO] [1789795595.014954991] [controller_server]: Controller period is equal to model dt. Control sequence shifting is ON
[component_container_isolated-2] [INFO] [1789795595.016577398] [controller_server]: ConstraintCritic instantiated with 1 power and 4.000000 weight.
[component_container_isolated-2] [INFO] [1789795595.016607798] [controller_server]: Critic loaded : mppi::critics::ConstraintCritic
[component_container_isolated-2] [INFO] [1789795595.017446202] [controller_server]: InflationCostCritic instantiated with 1 power and 300.000000 / 0.015000 weights. Critic will collision check based on circular cost.
[component_container_isolated-2] [INFO] [1789795595.017484502] [controller_server]: Critic loaded : mppi::critics::CostCritic
[component_container_isolated-2] [INFO] [1789795595.017800904] [controller_server]: GoalCritic instantiated with 1 power and 5.000000 weight.
[component_container_isolated-2] [INFO] [1789795595.017824704] [controller_server]: Critic loaded : mppi::critics::GoalCritic
[component_container_isolated-2] [INFO] [1789795595.018204706] [controller_server]: GoalAngleCritic instantiated with 1 power, 3.000000 weight, 0.500000 angular threshold and symmetric_yaw_tolerance disabled
[component_container_isolated-2] [INFO] [1789795595.018230406] [controller_server]: Critic loaded : mppi::critics::GoalAngleCritic
[component_container_isolated-2] [INFO] [1789795595.018860108] [controller_server]: ReferenceTrajectoryCritic instantiated with 1 power and 14.000000 weight
[component_container_isolated-2] [INFO] [1789795595.018887609] [controller_server]: Critic loaded : mppi::critics::PathAlignCritic
[component_container_isolated-2] [INFO] [1789795595.019280210] [controller_server]: Critic loaded : mppi::critics::PathFollowCritic
[component_container_isolated-2] [INFO] [1789795595.020054214] [controller_server]: PathAngleCritic instantiated with 1 power and 2.000000 weight. Mode set to: Forward Preference
[component_container_isolated-2] [INFO] [1789795595.020081514] [controller_server]: Critic loaded : mppi::critics::PathAngleCritic
[component_container_isolated-2] [INFO] [1789795595.020392815] [controller_server]: PreferForwardCritic instantiated with 1 power and 5.000000 weight.
[component_container_isolated-2] [INFO] [1789795595.020415015] [controller_server]: Critic loaded : mppi::critics::PreferForwardCritic
[component_container_isolated-2] [INFO] [1789795595.023440429] [controller_server]: Optimizer reset
[component_container_isolated-2] [INFO] [1789795595.027149745] [MPPIController]: Configured MPPI Controller: FollowPath
[component_container_isolated-2] [INFO] [1789795595.027169445] [controller_server]: Controller Server has FollowPath  controllers available.
[component_container_isolated-1] [INFO] [1789795595.033447173] [lifecycle_manager_navigation]: [34m[1mConfiguring smoother_server[0m[0m
[component_container_isolated-1] [INFO] [1789795595.033600973] [smoother_server]: Configuring smoother server
[component_container_isolated-1] [INFO] [1789795595.040070502] [smoother_server]: Created smoother : simple_smoother of type nav2_smoother::SimpleSmoother
[component_container_isolated-1] [INFO] [1789795595.040904905] [smoother_server]: Smoother Server has simple_smoother  smoothers available.
[component_container_isolated-1] [INFO] [1789795595.041541008] [amcl]: createLaserObject
[component_container_isolated-1] [INFO] [1789795595.046602530] [lifecycle_manager_navigation]: [34m[1mConfiguring planner_server[0m[0m
[component_container_isolated-2] [INFO] [1789795595.046817231] [planner_server]: Configuring
[component_container_isolated-2] [INFO] [1789795595.046861431] [global_costmap.global_costmap]: Configuring
[component_container_isolated-2] [INFO] [1789795595.051244251] [global_costmap.global_costmap]: Using plugin "static_layer"
[component_container_isolated-2] [INFO] [1789795595.052297755] [global_costmap.global_costmap]: Subscribing to the map topic (/map) with transient local durability
[component_container_isolated-2] [INFO] [1789795595.053037259] [global_costmap.global_costmap]: Initialized plugin "static_layer"
[component_container_isolated-2] [INFO] [1789795595.053064659] [global_costmap.global_costmap]: Using plugin "obstacle_layer"
[component_container_isolated-2] [INFO] [1789795595.053863062] [global_costmap.global_costmap]: Subscribed to Topics: scan
[component_container_isolated-2] [INFO] [1789795595.057384378] [global_costmap.global_costmap]: Initialized plugin "obstacle_layer"
[component_container_isolated-2] [INFO] [1789795595.057408178] [global_costmap.global_costmap]: Using plugin "inflation_layer"
[component_container_isolated-2] [INFO] [1789795595.057950080] [global_costmap.global_costmap]: Initialized plugin "inflation_layer"
[component_container_isolated-2] [INFO] [1789795595.068662427] [global_costmap.global_costmap]: StaticLayer: Resizing costmap to 200 X 200 at 0.050000 m/pix
[component_container_isolated-2] [INFO] [1789795595.069089329] [planner_server]: Created global planner plugin GridBased of type nav2_navfn_planner::NavfnPlanner
[component_container_isolated-2] [INFO] [1789795595.069124429] [planner_server]: Configuring plugin GridBased of type NavfnPlanner
[component_container_isolated-2] [INFO] [1789795595.069654632] [planner_server]: Planner Server has GridBased  planners available.
[component_container_isolated-1] [INFO] [1789795595.076939364] [lifecycle_manager_navigation]: [34m[1mConfiguring route_server[0m[0m
[component_container_isolated-1] [INFO] [1789795595.077074164] [route_server]: Configuring
[component_container_isolated-1] [INFO] [1789795595.083588093] [lifecycle_manager_localization]: Server amcl connected with bond.
[component_container_isolated-1] [INFO] [1789795595.083624093] [lifecycle_manager_localization]: [34m[1mManaged nodes are active[0m[0m
[component_container_isolated-1] [INFO] [1789795595.083640193] [lifecycle_manager_localization]: [34m[1mCreating bond timer...[0m[0m
[component_container_isolated-1] [INFO] [1789795595.099011961] [route_server]: Created GraphFileLoader GeoJsonGraphFileLoader of type nav2_route::GeoJsonGraphFileLoader
[component_container_isolated-1] [INFO] [1789795595.099043361] [route_server]: Configuring geojson graph file loader
[component_container_isolated-1] [INFO] [1789795595.099052661] [route_server]: No graph file provided to load yet.
[component_container_isolated-1] [INFO] [1789795595.102702977] [route_server]: Created edge cost function plugin DistanceScorer of type nav2_route::DistanceScorer
[component_container_isolated-1] [INFO] [1789795595.102732877] [route_server]: Configuring distance scorer.
[component_container_isolated-1] [INFO] [1789795595.103403480] [route_server]: Created edge cost function plugin CostmapScorer of type nav2_route::CostmapScorer
[component_container_isolated-1] [INFO] [1789795595.103427380] [route_server]: Configuring costmap scorer.
[component_container_isolated-1] [INFO] [1789795595.107188897] [route_server]: Created route operation AdjustSpeedLimit of type nav2_route::AdjustSpeedLimit
[component_container_isolated-1] [INFO] [1789795595.107260997] [route_server]: Configuring Adjust speed limit operation.
[component_container_isolated-1] [INFO] [1789795595.108632403] [route_server]: Created route operation ReroutingService of type nav2_route::ReroutingService
[component_container_isolated-1] [INFO] [1789795595.108659003] [route_server]: Configuring Rerouting service operation.
[component_container_isolated-1] [INFO] [1789795595.109944209] [route_server]: Created route operation CollisionMonitor of type nav2_route::CollisionMonitor
[component_container_isolated-1] [INFO] [1789795595.110134010] [route_server]: Using costmap topic: local_costmap/costmap_raw instead of server costmap topic: global_costmap/costmap_raw for CollisionMonitor.
[component_container_isolated-1] [INFO] [1789795595.113121823] [lifecycle_manager_navigation]: [34m[1mConfiguring behavior_server[0m[0m
[component_container_isolated-1] [INFO] [1789795595.113267323] [behavior_server]: Configuring
[component_container_isolated-1] [INFO] [1789795595.115612034] [behavior_server]: Creating behavior plugin spin of type nav2_behaviors::Spin
[component_container_isolated-1] [INFO] [1789795595.116853439] [behavior_server]: Creating behavior plugin backup of type nav2_behaviors::BackUp
[component_container_isolated-1] [INFO] [1789795595.118023544] [behavior_server]: Creating behavior plugin drive_on_heading of type nav2_behaviors::DriveOnHeading
[component_container_isolated-1] [INFO] [1789795595.119134549] [behavior_server]: Creating behavior plugin assisted_teleop of type nav2_behaviors::AssistedTeleop
[component_container_isolated-1] [INFO] [1789795595.121287259] [behavior_server]: Creating behavior plugin wait of type nav2_behaviors::Wait
[component_container_isolated-1] [INFO] [1789795595.123698569] [behavior_server]: Configuring spin
[component_container_isolated-1] [INFO] [1789795595.128597391] [behavior_server]: Configuring backup
[component_container_isolated-1] [INFO] [1789795595.132672709] [behavior_server]: Configuring drive_on_heading
[component_container_isolated-1] [INFO] [1789795595.136503025] [behavior_server]: Configuring assisted_teleop
[component_container_isolated-1] [INFO] [1789795595.142290551] [behavior_server]: Configuring wait
[component_container_isolated-1] [INFO] [1789795595.146528970] [lifecycle_manager_navigation]: [34m[1mConfiguring velocity_smoother[0m[0m
[component_container_isolated-1] [INFO] [1789795595.146701270] [velocity_smoother]: Configuring velocity smoother
[component_container_isolated-1] [INFO] [1789795595.149748884] [lifecycle_manager_navigation]: [34m[1mConfiguring collision_monitor[0m[0m
[component_container_isolated-1] [INFO] [1789795595.149866384] [collision_monitor]: Configuring
[component_container_isolated-1] [INFO] [1789795595.153804502] [collision_monitor]: [scan]: Creating Scan
[component_container_isolated-1] [INFO] [1789795595.155708810] [collision_monitor]: [FootprintApproach]: Creating Polygon
[component_container_isolated-1] [INFO] [1789795595.156128512] [collision_monitor]: [FootprintApproach]: Polygon points are not defined. Using dynamic subscription instead.
[component_container_isolated-1] [INFO] [1789795595.157597618] [collision_monitor]: [FootprintApproach]: Making footprint subscriber on /local_costmap/published_footprint topic
[component_container_isolated-1] [INFO] [1789795595.162528640] [lifecycle_manager_navigation]: [34m[1mConfiguring bt_navigator[0m[0m
[component_container_isolated-2] [INFO] [1789795595.162749841] [bt_navigator]: Configuring
[component_container_isolated-2] [INFO] [1789795595.165856454] [bt_navigator]: Creating navigator id navigate_to_pose of type nav2_bt_navigator::NavigateToPoseNavigator
[component_container_isolated-2] [INFO] [1789795595.230225437] [bt_navigator]: Creating navigator id navigate_through_poses of type nav2_bt_navigator::NavigateThroughPosesNavigator
[component_container_isolated-1] [INFO] [1789795595.252327235] [lifecycle_manager_navigation]: [34m[1mConfiguring waypoint_follower[0m[0m
[component_container_isolated-1] [INFO] [1789795595.252492335] [waypoint_follower]: Configuring
[component_container_isolated-1] [INFO] [1789795595.267268500] [waypoint_follower]: Created waypoint_task_executor : wait_at_waypoint of type nav2_waypoint_follower::WaitAtWaypoint
[component_container_isolated-1] [INFO] [1789795595.267884603] [lifecycle_manager_navigation]: [34m[1mConfiguring docking_server[0m[0m
[component_container_isolated-1] [INFO] [1789795595.268038804] [docking_server]: Configuring docking_server
[component_container_isolated-1] [INFO] [1789795595.268089204] [docking_server]: Controller frequency set to 50.0000Hz
[component_container_isolated-1] [INFO] [1789795595.282779968] [docking_server]: Created charging dock plugin simple_charging_dock of type opennav_docking::SimpleChargingDock
[component_container_isolated-1] [WARN] [1789795595.287510789] [docking_server]: Dock database filepath nor dock parameters set. Docking actions can only be executed specifying the dock pose via the action request. Or update the dock database via the reload_database service.
[component_container_isolated-1] [INFO] [1789795595.287546589] [docking_server]: Docking Server has 1 dock types and 0 dock instances available.
[component_container_isolated-1] [INFO] [1789795595.288697794] [lifecycle_manager_navigation]: [34m[1mActivating controller_server[0m[0m
[component_container_isolated-2] [INFO] [1789795595.288890695] [controller_server]: Activating
[component_container_isolated-2] [INFO] [1789795595.288940795] [local_costmap.local_costmap]: Activating
[component_container_isolated-2] [INFO] [1789795595.288980196] [local_costmap.local_costmap]: Checking transform
[component_container_isolated-2] [INFO] [1789795595.289120596] [local_costmap.local_costmap]: start
[component_container_isolated-2] [WARN] [1789795595.539962599] [controller_server]: Parameter controller_server.verbose not found
[component_container_isolated-2] [INFO] [1789795595.542607910] [controller_server]: Optimizer reset
[component_container_isolated-2] [INFO] [1789795595.543106713] [MPPIController]: Activated MPPI Controller: FollowPath
[component_container_isolated-2] [INFO] [1789795595.543160513] [controller_server]: Creating bond (controller_server) to lifecycle manager.
[component_container_isolated-1] [INFO] [1789795595.650929686] [lifecycle_manager_navigation]: Server controller_server connected with bond.
[component_container_isolated-1] [INFO] [1789795595.650986487] [lifecycle_manager_navigation]: [34m[1mActivating smoother_server[0m[0m
[component_container_isolated-1] [INFO] [1789795595.651286488] [smoother_server]: Activating
[component_container_isolated-1] [INFO] [1789795595.651327588] [smoother_server]: Creating bond (smoother_server) to lifecycle manager.
[component_container_isolated-1] [INFO] [1789795595.757411954] [lifecycle_manager_navigation]: Server smoother_server connected with bond.
[component_container_isolated-1] [INFO] [1789795595.757476555] [lifecycle_manager_navigation]: [34m[1mActivating planner_server[0m[0m
[component_container_isolated-2] [INFO] [1789795595.757782056] [planner_server]: Activating
[component_container_isolated-2] [INFO] [1789795595.757839856] [global_costmap.global_costmap]: Activating
[component_container_isolated-2] [INFO] [1789795595.757853356] [global_costmap.global_costmap]: Checking transform
[component_container_isolated-2] [INFO] [1789795595.757888057] [global_costmap.global_costmap]: Timed out waiting for transform from base_link to map to become available, tf error: Lookup would require extrapolation into the past.  Requested time 1789795595.739127 but the earliest data is at time 1789795595.939489, when looking up transform from frame [base_link] to frame [map]
[component_container_isolated-2] [INFO] [1789795596.258018155] [global_costmap.global_costmap]: start
[component_container_isolated-2] [INFO] [1789795597.259503357] [planner_server]: Activating plugin GridBased of type NavfnPlanner
[component_container_isolated-2] [INFO] [1789795597.263932877] [planner_server]: Creating bond (planner_server) to lifecycle manager.
[component_container_isolated-1] [INFO] [1789795597.372258853] [lifecycle_manager_navigation]: Server planner_server connected with bond.
[component_container_isolated-1] [INFO] [1789795597.372330653] [lifecycle_manager_navigation]: [34m[1mActivating route_server[0m[0m
[component_container_isolated-1] [INFO] [1789795597.372862456] [route_server]: Activating
[component_container_isolated-1] [INFO] [1789795597.373012656] [route_server]: Creating bond (route_server) to lifecycle manager.
[component_container_isolated-1] [INFO] [1789795597.482065236] [lifecycle_manager_navigation]: Server route_server connected with bond.
[component_container_isolated-1] [INFO] [1789795597.482173536] [lifecycle_manager_navigation]: [34m[1mActivating behavior_server[0m[0m
[component_container_isolated-1] [INFO] [1789795597.482531438] [behavior_server]: Activating
[component_container_isolated-1] [INFO] [1789795597.482560838] [behavior_server]: Activating spin
[component_container_isolated-1] [INFO] [1789795597.482592438] [behavior_server]: Activating backup
[component_container_isolated-1] [INFO] [1789795597.482607238] [behavior_server]: Activating drive_on_heading
[component_container_isolated-1] [INFO] [1789795597.482620238] [behavior_server]: Activating assisted_teleop
[component_container_isolated-1] [INFO] [1789795597.482630638] [behavior_server]: Activating wait
[component_container_isolated-1] [INFO] [1789795597.482645438] [behavior_server]: Creating bond (behavior_server) to lifecycle manager.
[component_container_isolated-1] [INFO] [1789795597.589690009] [lifecycle_manager_navigation]: Server behavior_server connected with bond.
[component_container_isolated-1] [INFO] [1789795597.589737209] [lifecycle_manager_navigation]: [34m[1mActivating velocity_smoother[0m[0m
[component_container_isolated-1] [INFO] [1789795597.590015310] [velocity_smoother]: Activating
[component_container_isolated-1] [INFO] [1789795597.590078411] [velocity_smoother]: Creating bond (velocity_smoother) to lifecycle manager.
[component_container_isolated-1] [INFO] [1789795597.695834275] [lifecycle_manager_navigation]: Server velocity_smoother connected with bond.
[component_container_isolated-1] [INFO] [1789795597.695882576] [lifecycle_manager_navigation]: [34m[1mActivating collision_monitor[0m[0m
[component_container_isolated-1] [INFO] [1789795597.696121977] [collision_monitor]: Activating
[component_container_isolated-1] [INFO] [1789795597.696178977] [collision_monitor]: Creating bond (collision_monitor) to lifecycle manager.
[component_container_isolated-1] [INFO] [1789795597.802437444] [lifecycle_manager_navigation]: Server collision_monitor connected with bond.
[component_container_isolated-1] [INFO] [1789795597.802491844] [lifecycle_manager_navigation]: [34m[1mActivating bt_navigator[0m[0m
[component_container_isolated-2] [INFO] [1789795597.802740545] [bt_navigator]: Activating
[component_container_isolated-2] [INFO] [1789795597.863310412] [bt_navigator]: Creating bond (bt_navigator) to lifecycle manager.
[component_container_isolated-1] [INFO] [1789795597.969648379] [lifecycle_manager_navigation]: Server bt_navigator connected with bond.
[component_container_isolated-1] [INFO] [1789795597.969745880] [lifecycle_manager_navigation]: [34m[1mActivating waypoint_follower[0m[0m
[component_container_isolated-1] [INFO] [1789795597.970103781] [waypoint_follower]: Activating
[component_container_isolated-1] [INFO] [1789795597.970151181] [waypoint_follower]: Creating bond (waypoint_follower) to lifecycle manager.
[component_container_isolated-1] [INFO] [1789795598.078025056] [lifecycle_manager_navigation]: Server waypoint_follower connected with bond.
[component_container_isolated-1] [INFO] [1789795598.078063156] [lifecycle_manager_navigation]: [34m[1mActivating docking_server[0m[0m
[component_container_isolated-1] [INFO] [1789795598.078348757] [docking_server]: Activating docking_server
[component_container_isolated-1] [INFO] [1789795598.087236596] [docking_server]: Creating bond (docking_server) to lifecycle manager.
[component_container_isolated-1] [INFO] [1789795598.194049866] [lifecycle_manager_navigation]: Server docking_server connected with bond.
[component_container_isolated-1] [INFO] [1789795598.194127266] [lifecycle_manager_navigation]: [34m[1mManaged nodes are active[0m[0m
[component_container_isolated-1] [INFO] [1789795598.194146766] [lifecycle_manager_navigation]: [34m[1mCreating bond timer...[0m[0m
[component_container_isolated-2] [INFO] [1789795635.607706381] [bt_navigator]: Begin navigating from current location (1.64, 1.18) to (4.00, 4.00)
[component_container_isolated-2] [WARN] [1789795635.609290488] [planner_server]: GridBased plugin failed to plan from (1.64, 1.18) to (4.00, 4.00): "Failed to create plan with tolerance of: 0.500000"
[component_container_isolated-2] [WARN] [1789795635.609339888] [planner_server]: [compute_path_to_pose] [ActionServer] Aborting handle.
[component_container_isolated-2] [INFO] [1789795635.628367672] [global_costmap.global_costmap]: Received request to clear entirely the global_costmap
[component_container_isolated-2] [WARN] [1789795636.259570958] [planner_server]: GridBased plugin failed to plan from (1.88, 1.24) to (4.00, 4.00): "Failed to create plan with tolerance of: 0.500000"
[component_container_isolated-2] [WARN] [1789795636.259623858] [planner_server]: [compute_path_to_pose] [ActionServer] Aborting handle.
[component_container_isolated-2] [INFO] [1789795636.278646642] [local_costmap.local_costmap]: Received request to clear entirely the local_costmap
[component_container_isolated-2] [INFO] [1789795636.279142245] [global_costmap.global_costmap]: Received request to clear entirely the global_costmap
[component_container_isolated-2] [WARN] [1789795637.260114975] [planner_server]: GridBased plugin failed to plan from (1.82, 1.26) to (4.00, 4.00): "Failed to create plan with tolerance of: 0.500000"
[component_container_isolated-2] [WARN] [1789795637.260170875] [planner_server]: [compute_path_to_pose] [ActionServer] Aborting handle.
[component_container_isolated-2] [INFO] [1789795637.278256055] [global_costmap.global_costmap]: Received request to clear entirely the global_costmap
[component_container_isolated-2] [WARN] [1789795638.259197885] [planner_server]: GridBased plugin failed to plan from (1.91, 1.28) to (4.00, 4.00): "Failed to create plan with tolerance of: 0.500000"
[component_container_isolated-2] [WARN] [1789795638.259268986] [planner_server]: [compute_path_to_pose] [ActionServer] Aborting handle.
[component_container_isolated-1] [INFO] [1789795638.278705472] [behavior_server]: Running spin
[component_container_isolated-1] [INFO] [1789795638.278812672] [behavior_server]: Turning 1.57 for spin behavior.
[component_container_isolated-1] [INFO] [1789795641.679001686] [behavior_server]: spin completed successfully
[component_container_isolated-2] [WARN] [1789795641.699152475] [planner_server]: GridBased plugin failed to plan from (1.95, 0.60) to (4.00, 4.00): "Failed to create plan with tolerance of: 0.500000"
[component_container_isolated-2] [WARN] [1789795641.699238775] [planner_server]: [compute_path_to_pose] [ActionServer] Aborting handle.
[component_container_isolated-2] [INFO] [1789795641.718235259] [global_costmap.global_costmap]: Received request to clear entirely the global_costmap
[component_container_isolated-2] [WARN] [1789795642.259196548] [planner_server]: GridBased plugin failed to plan from (2.07, 0.54) to (4.00, 4.00): "Failed to create plan with tolerance of: 0.500000"
[component_container_isolated-2] [WARN] [1789795642.259262549] [planner_server]: [compute_path_to_pose] [ActionServer] Aborting handle.
[component_container_isolated-1] [INFO] [1789795642.278750235] [behavior_server]: Running wait
[component_container_isolated-1] [INFO] [1789795647.278920924] [behavior_server]: wait completed successfully
[component_container_isolated-2] [INFO] [1789795647.318596000] [controller_server]: Received a goal, begin computing control effort.
[component_container_isolated-2] [WARN] [1789795647.318665600] [controller_server]: No goal checker was specified in parameter 'current_goal_checker'. Server will use only plugin loaded general_goal_checker . This warning will appear once.
[component_container_isolated-2] [WARN] [1789795647.318685700] [controller_server]: No progress checker was specified in parameter 'current_progress_checker'. Server will use only plugin loaded progress_checker . This warning will appear once.
[component_container_isolated-2] [INFO] [1789795648.368849941] [controller_server]: Passing new path to controller.
[component_container_isolated-2] [INFO] [1789795649.418841081] [controller_server]: Passing new path to controller.
[component_container_isolated-2] [INFO] [1789795650.418845501] [controller_server]: Passing new path to controller.
[component_container_isolated-2] [ERROR] [1789795651.168947117] [controller_server]: Resulting plan has 0 poses in it.
[component_container_isolated-2] [INFO] [1789795651.170629724] [controller_server]: Optimizer reset
[component_container_isolated-2] [WARN] [1789795651.170667824] [controller_server]: [follow_path] [ActionServer] Aborting handle.
[component_container_isolated-2] [WARN] [1789795651.197947445] [bt_navigator]: [navigate_to_pose] [ActionServer] Aborting handle.
[component_container_isolated-2] [ERROR] [1789795651.198125446] [bt_navigator]: Goal failed
[component_container_isolated-2] [INFO] [1789795652.203578291] [bt_navigator]: Begin navigating from current location (-1.51, 2.96) to (4.00, 4.00)
[component_container_isolated-2] [INFO] [1789795652.224344882] [controller_server]: Received a goal, begin computing control effort.
[component_container_isolated-2] [INFO] [1789795653.274504225] [controller_server]: Passing new path to controller.
[component_container_isolated-2] [INFO] [1789795654.324485068] [controller_server]: Passing new path to controller.
[component_container_isolated-2] [INFO] [1789795655.324478690] [controller_server]: Passing new path to controller.
[component_container_isolated-2] [ERROR] [1789795655.874589023] [controller_server]: Resulting plan has 0 poses in it.
[component_container_isolated-2] [INFO] [1789795655.876359631] [controller_server]: Optimizer reset
[component_container_isolated-2] [WARN] [1789795655.876405231] [controller_server]: [follow_path] [ActionServer] Aborting handle.
[component_container_isolated-2] [WARN] [1789795655.903760252] [bt_navigator]: [navigate_to_pose] [ActionServer] Aborting handle.
[component_container_isolated-2] [ERROR] [1789795655.903896853] [bt_navigator]: Goal failed
[component_container_isolated-2] [INFO] [1789795656.908887597] [bt_navigator]: Begin navigating from current location (1.26, 0.99) to (4.00, 4.00)
[component_container_isolated-2] [INFO] [1789795656.929771790] [controller_server]: Received a goal, begin computing control effort.
[component_container_isolated-2] [ERROR] [1789795657.630027287] [controller_server]: Resulting plan has 0 poses in it.
[component_container_isolated-2] [INFO] [1789795657.631332093] [controller_server]: Optimizer reset
[component_container_isolated-2] [WARN] [1789795657.631367993] [controller_server]: [follow_path] [ActionServer] Aborting handle.
[component_container_isolated-2] [WARN] [1789795657.659056015] [bt_navigator]: [navigate_to_pose] [ActionServer] Aborting handle.
[component_container_isolated-2] [ERROR] [1789795657.659195616] [bt_navigator]: Goal failed
[component_container_isolated-2] [INFO] [1789795658.665079966] [bt_navigator]: Begin navigating from current location (-0.88, -2.10) to (4.00, 4.00)
[component_container_isolated-2] [INFO] [1789795658.686426060] [controller_server]: Received a goal, begin computing control effort.
[component_container_isolated-2] [INFO] [1789795659.736632106] [controller_server]: Passing new path to controller.
[component_container_isolated-2] [INFO] [1789795660.786630852] [controller_server]: Passing new path to controller.
[component_container_isolated-2] [INFO] [1789795661.786631976] [controller_server]: Passing new path to controller.
[component_container_isolated-2] [INFO] [1789795662.836627523] [controller_server]: Passing new path to controller.
[component_container_isolated-2] [INFO] [1789795663.836633049] [controller_server]: Passing new path to controller.
[component_container_isolated-2] [INFO] [1789795664.886632896] [controller_server]: Passing new path to controller.
[component_container_isolated-2] [INFO] [1789795665.886632622] [controller_server]: Passing new path to controller.
[component_container_isolated-2] [ERROR] [1789795666.136772430] [controller_server]: Resulting plan has 0 poses in it.
[component_container_isolated-2] [INFO] [1789795666.138239036] [controller_server]: Optimizer reset
[component_container_isolated-2] [WARN] [1789795666.138279536] [controller_server]: [follow_path] [ActionServer] Aborting handle.
[component_container_isolated-2] [WARN] [1789795666.165257556] [bt_navigator]: [navigate_to_pose] [ActionServer] Aborting handle.
[component_container_isolated-2] [ERROR] [1789795666.165427557] [bt_navigator]: Goal failed
[component_container_isolated-2] [INFO] [1789795667.171296410] [bt_navigator]: Begin navigating from current location (-1.48, -0.04) to (4.00, 4.00)
[component_container_isolated-2] [INFO] [1789795667.191938201] [controller_server]: Received a goal, begin computing control effort.
[component_container_isolated-2] [INFO] [1789795668.242115151] [controller_server]: Passing new path to controller.
[component_container_isolated-2] [INFO] [1789795669.292103600] [controller_server]: Passing new path to controller.
[component_container_isolated-2] [ERROR] [1789795669.692335672] [controller_server]: Resulting plan has 0 poses in it.
[component_container_isolated-2] [INFO] [1789795669.693147476] [controller_server]: Optimizer reset
[component_container_isolated-2] [WARN] [1789795669.693190176] [controller_server]: [follow_path] [ActionServer] Aborting handle.
[component_container_isolated-2] [WARN] [1789795669.721632002] [bt_navigator]: [navigate_to_pose] [ActionServer] Aborting handle.
[component_container_isolated-2] [ERROR] [1789795669.721970604] [bt_navigator]: Goal failed
[component_container_isolated-2] [INFO] [1789795670.727683557] [bt_navigator]: Begin navigating from current location (1.79, -2.15) to (4.00, 4.00)
[component_container_isolated-2] [INFO] [1789795670.748434249] [controller_server]: Received a goal, begin computing control effort.
[component_container_isolated-2] [ERROR] [1789795671.498696572] [controller_server]: Resulting plan has 0 poses in it.
[component_container_isolated-2] [INFO] [1789795671.499713677] [controller_server]: Optimizer reset
[component_container_isolated-2] [WARN] [1789795671.499750877] [controller_server]: [follow_path] [ActionServer] Aborting handle.
[component_container_isolated-2] [WARN] [1789795671.528000702] [bt_navigator]: [navigate_to_pose] [ActionServer] Aborting handle.
[component_container_isolated-2] [ERROR] [1789795671.528272303] [bt_navigator]: Goal failed
[component_container_isolated-2] [INFO] [1789795672.533743857] [bt_navigator]: Begin navigating from current location (2.92, -2.46) to (4.00, 4.00)
[component_container_isolated-2] [INFO] [1789795672.554849350] [controller_server]: Received a goal, begin computing control effort.
[component_container_isolated-2] [ERROR] [1789795672.705235516] [controller_server]: Resulting plan has 0 poses in it.
[component_container_isolated-2] [INFO] [1789795672.706614022] [controller_server]: Optimizer reset
[component_container_isolated-2] [WARN] [1789795672.706655623] [controller_server]: [follow_path] [ActionServer] Aborting handle.
[component_container_isolated-2] [WARN] [1789795672.733929843] [bt_navigator]: [navigate_to_pose] [ActionServer] Aborting handle.
[component_container_isolated-2] [ERROR] [1789795672.734078644] [bt_navigator]: Goal failed
[component_container_isolated-2] [INFO] [1789795673.739668199] [bt_navigator]: Begin navigating from current location (1.65, 1.38) to (4.00, 4.00)
[component_container_isolated-2] [WARN] [1789795673.740483002] [planner_server]: GridBased plugin failed to plan from (1.65, 1.38) to (4.00, 4.00): "Failed to create plan with tolerance of: 0.500000"
[component_container_isolated-2] [WARN] [1789795673.740535402] [planner_server]: [compute_path_to_pose] [ActionServer] Aborting handle.
[component_container_isolated-2] [INFO] [1789795673.760115989] [global_costmap.global_costmap]: Received request to clear entirely the global_costmap
[component_container_isolated-2] [WARN] [1789795674.260761307] [planner_server]: GridBased plugin failed to plan from (1.71, 1.38) to (4.00, 4.00): "Failed to create plan with tolerance of: 0.500000"
[component_container_isolated-2] [WARN] [1789795674.260812407] [planner_server]: [compute_path_to_pose] [ActionServer] Aborting handle.
[component_container_isolated-2] [INFO] [1789795674.280175093] [local_costmap.local_costmap]: Received request to clear entirely the local_costmap
[component_container_isolated-2] [INFO] [1789795674.280517895] [global_costmap.global_costmap]: Received request to clear entirely the global_costmap
[component_container_isolated-2] [WARN] [1789795675.261338640] [planner_server]: GridBased plugin failed to plan from (-1.91, -2.17) to (4.00, 4.00): "Failed to create plan with tolerance of: 0.500000"
[component_container_isolated-2] [WARN] [1789795675.261391240] [planner_server]: [compute_path_to_pose] [ActionServer] Aborting handle.
[component_container_isolated-2] [INFO] [1789795675.280177424] [global_costmap.global_costmap]: Received request to clear entirely the global_costmap
[component_container_isolated-2] [WARN] [1789795676.261050770] [planner_server]: GridBased plugin failed to plan from (-2.10, -2.30) to (4.00, 4.00): "Failed to create plan with tolerance of: 0.500000"
[component_container_isolated-2] [WARN] [1789795676.261112670] [planner_server]: [compute_path_to_pose] [ActionServer] Aborting handle.
[component_container_isolated-1] [INFO] [1789795676.280378055] [behavior_server]: Running spin
[component_container_isolated-1] [INFO] [1789795676.280444556] [behavior_server]: Turning 1.57 for spin behavior.
[component_container_isolated-1] [INFO] [1789795679.680632624] [behavior_server]: spin completed successfully
[component_container_isolated-2] [WARN] [1789795679.701602917] [planner_server]: GridBased plugin failed to plan from (-1.37, -2.26) to (4.00, 4.00): "Failed to create plan with tolerance of: 0.500000"
[component_container_isolated-2] [WARN] [1789795679.701688618] [planner_server]: [compute_path_to_pose] [ActionServer] Aborting handle.
[component_container_isolated-2] [INFO] [1789795679.721056503] [global_costmap.global_costmap]: Received request to clear entirely the global_costmap
[component_container_isolated-2] [WARN] [1789795680.264486012] [planner_server]: Planner loop missed its desired rate of 20.0000 Hz. Current loop rate is 1.8425 Hz
[component_container_isolated-2] [INFO] [1789795680.280486983] [controller_server]: Received a goal, begin computing control effort.
[component_container_isolated-2] [INFO] [1789795681.330672938] [controller_server]: Passing new path to controller.
[component_container_isolated-2] [WARN] [1789795682.320507827] [planner_server]: GridBased plugin failed to plan from (-1.29, -1.52) to (4.00, 4.00): "Failed to create plan with tolerance of: 0.500000"
[component_container_isolated-2] [WARN] [1789795682.320562427] [planner_server]: [compute_path_to_pose] [ActionServer] Aborting handle.
[component_container_isolated-2] [INFO] [1789795682.340255114] [global_costmap.global_costmap]: Received request to clear entirely the global_costmap
[component_container_isolated-2] [ERROR] [1789795682.480760237] [controller_server]: Resulting plan has 0 poses in it.
[component_container_isolated-2] [INFO] [1789795682.481628841] [controller_server]: Optimizer reset
[component_container_isolated-2] [WARN] [1789795682.481660641] [controller_server]: [follow_path] [ActionServer] Aborting handle.
[component_container_isolated-2] [ERROR] [1789795682.520516213] [bt_navigator_navigate_to_pose_rclcpp_node]: Failed to get result for compute_path_to_pose in node halt!
[component_container_isolated-2] [WARN] [1789795682.520663514] [bt_navigator]: [navigate_to_pose] [ActionServer] Aborting handle.
[component_container_isolated-2] [ERROR] [1789795682.520789115] [bt_navigator]: Goal failed
[component_container_isolated-2] [INFO] [1789795683.261291198] [planner_server]: Goal was canceled. Canceling planning action.
[component_container_isolated-2] [INFO] [1789795683.261343498] [planner_server]: [compute_path_to_pose] [ActionServer] Client requested to cancel the goal. Cancelling.
[component_container_isolated-2] [INFO] [1789795683.526056972] [bt_navigator]: Begin navigating from current location (-1.81, -1.62) to (4.00, 4.00)
[component_container_isolated-2] [WARN] [1789795683.526981076] [planner_server]: GridBased plugin failed to plan from (-1.81, -1.62) to (4.00, 4.00): "Failed to create plan with tolerance of: 0.500000"
[component_container_isolated-2] [WARN] [1789795683.527030676] [planner_server]: [compute_path_to_pose] [ActionServer] Aborting handle.
[component_container_isolated-2] [INFO] [1789795683.546580563] [global_costmap.global_costmap]: Received request to clear entirely the global_costmap
[component_container_isolated-2] [WARN] [1789795684.268604764] [planner_server]: Planner loop missed its desired rate of 20.0000 Hz. Current loop rate is 1.3857 Hz
[component_container_isolated-2] [INFO] [1789795684.287108746] [controller_server]: Received a goal, begin computing control effort.
[component_container_isolated-2] [INFO] [1789795685.337306303] [controller_server]: Passing new path to controller.
[component_container_isolated-2] [INFO] [1789795686.337292038] [controller_server]: Passing new path to controller.
[component_container_isolated-2] [INFO] [1789795687.387291295] [controller_server]: Passing new path to controller.
[component_container_isolated-2] [INFO] [1789795688.387286131] [controller_server]: Passing new path to controller.
[component_container_isolated-2] [INFO] [1789795689.437282689] [controller_server]: Passing new path to controller.
[component_container_isolated-2] [INFO] [1789795690.437300826] [controller_server]: Passing new path to controller.
[component_container_isolated-2] [ERROR] [1789795691.337447220] [controller_server]: Resulting plan has 0 poses in it.
[component_container_isolated-2] [INFO] [1789795691.340323032] [controller_server]: Optimizer reset
[component_container_isolated-2] [WARN] [1789795691.340368233] [controller_server]: [follow_path] [ActionServer] Aborting handle.
[component_container_isolated-2] [WARN] [1789795691.366300648] [bt_navigator]: [navigate_to_pose] [ActionServer] Aborting handle.
[component_container_isolated-2] [ERROR] [1789795691.366466048] [bt_navigator]: Goal failed
[component_container_isolated-2] [INFO] [1789795692.374490721] [bt_navigator]: Begin navigating from current location (-1.61, 2.31) to (4.00, 4.00)
[component_container_isolated-2] [INFO] [1789795692.395300514] [controller_server]: Received a goal, begin computing control effort.
[component_container_isolated-2] [INFO] [1789795693.445506574] [controller_server]: Passing new path to controller.
[component_container_isolated-2] [INFO] [1789795694.495557634] [controller_server]: Passing new path to controller.
[component_container_isolated-2] [ERROR] [1789795694.845552188] [controller_server]: Resulting plan has 0 poses in it.
[component_container_isolated-2] [INFO] [1789795694.846289391] [controller_server]: Optimizer reset
[component_container_isolated-2] [WARN] [1789795694.846325691] [controller_server]: [follow_path] [ActionServer] Aborting handle.
[component_container_isolated-2] [WARN] [1789795694.874681317] [bt_navigator]: [navigate_to_pose] [ActionServer] Aborting handle.
[component_container_isolated-2] [ERROR] [1789795694.874816418] [bt_navigator]: Goal failed
[component_container_isolated-2] [INFO] [1789795695.880574982] [bt_navigator]: Begin navigating from current location (-1.30, -1.34) to (4.00, 4.00)
[component_container_isolated-2] [INFO] [1789795695.901847376] [controller_server]: Received a goal, begin computing control effort.
[component_container_isolated-2] [WARN] [1789795696.911657059] [planner_server]: GridBased plugin failed to plan from (-1.42, -1.62) to (4.00, 4.00): "Failed to create plan with tolerance of: 0.500000"
[component_container_isolated-2] [WARN] [1789795696.911718459] [planner_server]: [compute_path_to_pose] [ActionServer] Aborting handle.
[component_container_isolated-2] [INFO] [1789795696.931153446] [global_costmap.global_costmap]: Received request to clear entirely the global_costmap
[component_container_isolated-2] [WARN] [1789795697.261888314] [planner_server]: GridBased plugin failed to plan from (-1.36, -1.67) to (4.00, 4.00): "Failed to create plan with tolerance of: 0.500000"
[component_container_isolated-2] [WARN] [1789795697.261948014] [planner_server]: [compute_path_to_pose] [ActionServer] Aborting handle.
[component_container_isolated-2] [INFO] [1789795697.302056192] [controller_server]: Cancellation was successful. Stopping the robot.
[component_container_isolated-2] [INFO] [1789795697.302148093] [controller_server]: [follow_path] [ActionServer] Client requested to cancel the goal. Cancelling.
[component_container_isolated-2] [ERROR] [1789795697.302083192] [bt_navigator_navigate_to_pose_rclcpp_node]: Failed to get result for follow_path in node halt!
[component_container_isolated-2] [INFO] [1789795697.302510794] [local_costmap.local_costmap]: Received request to clear entirely the local_costmap
[component_container_isolated-2] [INFO] [1789795697.302807796] [global_costmap.global_costmap]: Received request to clear entirely the global_costmap
[component_container_isolated-2] [INFO] [1789795697.303282298] [controller_server]: Optimizer reset
[component_container_isolated-2] [WARN] [1789795698.263996463] [planner_server]: GridBased plugin failed to plan from (-1.26, -1.88) to (4.00, 4.00): "Failed to create plan with tolerance of: 0.500000"
[component_container_isolated-2] [WARN] [1789795698.264157864] [planner_server]: [compute_path_to_pose] [ActionServer] Aborting handle.
[component_container_isolated-2] [INFO] [1789795698.274584010] [global_costmap.global_costmap]: Received request to clear entirely the global_costmap
[component_container_isolated-2] [WARN] [1789795699.265610110] [planner_server]: GridBased plugin failed to plan from (-1.28, -2.24) to (4.00, 4.00): "Failed to create plan with tolerance of: 0.500000"
[component_container_isolated-2] [WARN] [1789795699.265661410] [planner_server]: [compute_path_to_pose] [ActionServer] Aborting handle.
[component_container_isolated-1] [INFO] [1789795699.284977896] [behavior_server]: Running spin
[component_container_isolated-1] [INFO] [1789795699.285049396] [behavior_server]: Turning 1.57 for spin behavior.
[component_container_isolated-1] [INFO] [1789795702.685217096] [behavior_server]: spin completed successfully
[component_container_isolated-2] [WARN] [1789795702.705112785] [planner_server]: GridBased plugin failed to plan from (-2.11, -2.30) to (4.00, 4.00): "Failed to create plan with tolerance of: 0.500000"
[component_container_isolated-2] [WARN] [1789795702.705161385] [planner_server]: [compute_path_to_pose] [ActionServer] Aborting handle.
[component_container_isolated-2] [INFO] [1789795702.724643571] [global_costmap.global_costmap]: Received request to clear entirely the global_costmap
[component_container_isolated-2] [WARN] [1789795703.265524474] [planner_server]: GridBased plugin failed to plan from (-2.05, -2.38) to (4.00, 4.00): "Failed to create plan with tolerance of: 0.500000"
[component_container_isolated-2] [WARN] [1789795703.265581974] [planner_server]: [compute_path_to_pose] [ActionServer] Aborting handle.
[component_container_isolated-1] [INFO] [1789795703.284533158] [behavior_server]: Running wait
[component_container_isolated-1] [INFO] [1789795708.284679273] [behavior_server]: wait completed successfully
[component_container_isolated-2] [INFO] [1789795708.325309853] [controller_server]: Received a goal, begin computing control effort.
[component_container_isolated-2] [INFO] [1789795709.375515320] [controller_server]: Passing new path to controller.
[component_container_isolated-2] [INFO] [1789795710.377195172] [controller_server]: Passing new path to controller.
[component_container_isolated-2] [ERROR] [1789795710.425676087] [controller_server]: Resulting plan has 0 poses in it.
[component_container_isolated-2] [INFO] [1789795710.427226294] [controller_server]: Optimizer reset
[component_container_isolated-2] [WARN] [1789795710.427271395] [controller_server]: [follow_path] [ActionServer] Aborting handle.
[component_container_isolated-2] [WARN] [1789795710.454115714] [bt_navigator]: [navigate_to_pose] [ActionServer] Aborting handle.
[component_container_isolated-2] [ERROR] [1789795710.454275915] [bt_navigator]: Goal failed
[component_container_isolated-2] [INFO] [1789795711.463369600] [bt_navigator]: Begin navigating from current location (-3.00, -1.15) to (4.00, 4.00)
[component_container_isolated-2] [INFO] [1789795711.484177092] [controller_server]: Received a goal, begin computing control effort.
[component_container_isolated-2] [ERROR] [1789795711.684503583] [controller_server]: Resulting plan has 0 poses in it.
[component_container_isolated-2] [INFO] [1789795711.685675588] [controller_server]: Optimizer reset
[component_container_isolated-2] [WARN] [1789795711.685711188] [controller_server]: [follow_path] [ActionServer] Aborting handle.
[component_container_isolated-2] [WARN] [1789795711.713542312] [bt_navigator]: [navigate_to_pose] [ActionServer] Aborting handle.
[component_container_isolated-2] [ERROR] [1789795711.713696512] [bt_navigator]: Goal failed
[component_container_isolated-2] [INFO] [1789795712.718978381] [bt_navigator]: Begin navigating from current location (-2.06, -1.80) to (4.00, 4.00)
[component_container_isolated-2] [WARN] [1789795712.719954186] [planner_server]: GridBased plugin failed to plan from (-2.06, -1.80) to (4.00, 4.00): "Failed to create plan with tolerance of: 0.500000"
[component_container_isolated-2] [WARN] [1789795712.720003986] [planner_server]: [compute_path_to_pose] [ActionServer] Aborting handle.
[component_container_isolated-2] [INFO] [1789795712.739466872] [global_costmap.global_costmap]: Received request to clear entirely the global_costmap
[component_container_isolated-2] [WARN] [1789795713.260271388] [planner_server]: GridBased plugin failed to plan from (-2.13, -1.84) to (4.00, 4.00): "Failed to create plan with tolerance of: 0.500000"
[component_container_isolated-2] [WARN] [1789795713.260344988] [planner_server]: [compute_path_to_pose] [ActionServer] Aborting handle.
[component_container_isolated-2] [INFO] [1789795713.279495673] [local_costmap.local_costmap]: Received request to clear entirely the local_costmap
[component_container_isolated-2] [INFO] [1789795713.279827574] [global_costmap.global_costmap]: Received request to clear entirely the global_costmap
[component_container_isolated-2] [WARN] [1789795714.260805136] [planner_server]: GridBased plugin failed to plan from (-2.11, -2.15) to (4.00, 4.00): "Failed to create plan with tolerance of: 0.500000"
[component_container_isolated-2] [WARN] [1789795714.260872336] [planner_server]: [compute_path_to_pose] [ActionServer] Aborting handle.
[component_container_isolated-2] [INFO] [1789795714.279422018] [global_costmap.global_costmap]: Received request to clear entirely the global_costmap
[component_container_isolated-2] [WARN] [1789795715.262319089] [planner_server]: Planner loop missed its desired rate of 20.0000 Hz. Current loop rate is 1.0180 Hz
[component_container_isolated-2] [INFO] [1789795715.279890367] [controller_server]: Received a goal, begin computing control effort.
[component_container_isolated-1] [INFO] [1789795715.300395958] [collision_monitor]: Robot to approach for 1.200000 seconds away from collision
[component_container_isolated-1] [INFO] [1789795715.460607870] [collision_monitor]: Robot to continue normal operation
[component_container_isolated-2] [INFO] [1789795715.487691291] [controller_server]: Optimizer reset
[component_container_isolated-2] [INFO] [1789795715.495826327] [controller_server]: Optimizer reset
[component_container_isolated-2] [WARN] [1789795715.495912327] [controller_server]: Optimizer fail to compute path
[component_container_isolated-2] [WARN] [1789795716.289994758] [planner_server]: GridBased plugin failed to plan from (-1.85, -2.36) to (4.00, 4.00): "Failed to create plan with tolerance of: 0.500000"
[component_container_isolated-2] [WARN] [1789795716.290048659] [planner_server]: [compute_path_to_pose] [ActionServer] Aborting handle.
[component_container_isolated-2] [INFO] [1789795716.309409245] [global_costmap.global_costmap]: Received request to clear entirely the global_costmap
[component_container_isolated-2] [WARN] [1789795717.260233873] [planner_server]: GridBased plugin failed to plan from (-2.06, -2.36) to (4.00, 4.00): "Failed to create plan with tolerance of: 0.500000"
[component_container_isolated-2] [WARN] [1789795717.260460174] [planner_server]: [compute_path_to_pose] [ActionServer] Aborting handle.
[component_container_isolated-2] [ERROR] [1789795717.300446852] [bt_navigator_navigate_to_pose_rclcpp_node]: Failed to get result for follow_path in node halt!
[component_container_isolated-1] [INFO] [1789795717.300989054] [behavior_server]: Running spin
[component_container_isolated-1] [INFO] [1789795717.301062954] [behavior_server]: Turning 1.57 for spin behavior.
[component_container_isolated-2] [INFO] [1789795717.330108784] [controller_server]: Cancellation was successful. Stopping the robot.
[component_container_isolated-2] [INFO] [1789795717.330163584] [controller_server]: [follow_path] [ActionServer] Client requested to cancel the goal. Cancelling.
[component_container_isolated-2] [INFO] [1789795717.331482990] [controller_server]: Optimizer reset
[component_container_isolated-1] [INFO] [1789795720.701259178] [behavior_server]: spin completed successfully
[component_container_isolated-2] [WARN] [1789795720.712349727] [planner_server]: GridBased plugin failed to plan from (-2.05, -2.61) to (4.00, 4.00): "Failed to create plan with tolerance of: 0.500000"
[component_container_isolated-2] [WARN] [1789795720.712396427] [planner_server]: [compute_path_to_pose] [ActionServer] Aborting handle.
[component_container_isolated-2] [INFO] [1789795720.731911614] [global_costmap.global_costmap]: Received request to clear entirely the global_costmap
[component_container_isolated-2] [WARN] [1789795721.264010281] [planner_server]: Planner loop missed its desired rate of 20.0000 Hz. Current loop rate is 1.8804 Hz
[component_container_isolated-2] [INFO] [1789795721.281937661] [controller_server]: Received a goal, begin computing control effort.
[component_container_isolated-2] [ERROR] [1789795721.382203707] [controller_server]: Resulting plan has 0 poses in it.
[component_container_isolated-2] [INFO] [1789795721.382885610] [controller_server]: Optimizer reset
[component_container_isolated-2] [WARN] [1789795721.382917610] [controller_server]: [follow_path] [ActionServer] Aborting handle.
[component_container_isolated-2] [WARN] [1789795721.411447437] [bt_navigator]: [navigate_to_pose] [ActionServer] Aborting handle.
[component_container_isolated-2] [ERROR] [1789795721.411617438] [bt_navigator]: Goal failed
[component_container_isolated-2] [INFO] [1789795722.417020111] [bt_navigator]: Begin navigating from current location (-1.82, -1.38) to (4.00, 4.00)
[component_container_isolated-2] [INFO] [1789795722.438330006] [controller_server]: Received a goal, begin computing control effort.
[component_container_isolated-2] [INFO] [1789795723.489416982] [controller_server]: Passing new path to controller.
[component_container_isolated-2] [INFO] [1789795724.488491428] [controller_server]: Passing new path to controller.
[component_container_isolated-2] [INFO] [1789795725.538478000] [controller_server]: Passing new path to controller.
[component_container_isolated-2] [INFO] [1789795726.538473351] [controller_server]: Passing new path to controller.
[component_container_isolated-2] [INFO] [1789795727.588508024] [controller_server]: Passing new path to controller.
[component_container_isolated-2] [INFO] [1789795728.588483175] [controller_server]: Passing new path to controller.
[component_container_isolated-2] [INFO] [1789795729.638489250] [controller_server]: Passing new path to controller.
[component_container_isolated-2] [INFO] [1789795730.638475401] [controller_server]: Passing new path to controller.
[component_container_isolated-2] [INFO] [1789795731.688500076] [controller_server]: Passing new path to controller.
[component_container_isolated-2] [INFO] [1789795732.688474329] [controller_server]: Passing new path to controller.
[component_container_isolated-2] [INFO] [1789795733.738508505] [controller_server]: Passing new path to controller.
[component_container_isolated-2] [ERROR] [1789795733.888563673] [controller_server]: Resulting plan has 0 poses in it.
[component_container_isolated-2] [INFO] [1789795733.889889679] [controller_server]: Optimizer reset
[component_container_isolated-2] [WARN] [1789795733.889931879] [controller_server]: [follow_path] [ActionServer] Aborting handle.
[component_container_isolated-2] [WARN] [1789795733.917213101] [bt_navigator]: [navigate_to_pose] [ActionServer] Aborting handle.
[component_container_isolated-2] [ERROR] [1789795733.917387302] [bt_navigator]: Goal failed
[component_container_isolated-2] [INFO] [1789795734.922908580] [bt_navigator]: Begin navigating from current location (-0.85, -1.58) to (4.00, 4.00)
[component_container_isolated-2] [INFO] [1789795734.943776573] [controller_server]: Received a goal, begin computing control effort.
[component_container_isolated-2] [WARN] [1789795735.953830571] [planner_server]: GridBased plugin failed to plan from (-1.24, -2.28) to (4.00, 4.00): "Failed to create plan with tolerance of: 0.500000"
[component_container_isolated-2] [WARN] [1789795735.953886771] [planner_server]: [compute_path_to_pose] [ActionServer] Aborting handle.
[component_container_isolated-2] [INFO] [1789795735.973435259] [global_costmap.global_costmap]: Received request to clear entirely the global_costmap
[component_container_isolated-2] [WARN] [1789795736.264954757] [planner_server]: GridBased plugin failed to plan from (-1.43, -2.09) to (4.00, 4.00): "Failed to create plan with tolerance of: 0.500000"
[component_container_isolated-2] [WARN] [1789795736.265598060] [planner_server]: [compute_path_to_pose] [ActionServer] Aborting handle.
[component_container_isolated-2] [INFO] [1789795736.293973186] [controller_server]: Cancellation was successful. Stopping the robot.
[component_container_isolated-2] [INFO] [1789795736.294038187] [controller_server]: [follow_path] [ActionServer] Client requested to cancel the goal. Cancelling.
[component_container_isolated-2] [INFO] [1789795736.294704390] [local_costmap.local_costmap]: Received request to clear entirely the local_costmap
[component_container_isolated-2] [INFO] [1789795736.295147792] [global_costmap.global_costmap]: Received request to clear entirely the global_costmap
[component_container_isolated-2] [INFO] [1789795736.296919499] [controller_server]: Optimizer reset
[component_container_isolated-2] [WARN] [1789795737.266476118] [planner_server]: GridBased plugin failed to plan from (-1.59, -2.51) to (4.00, 4.00): "Failed to create plan with tolerance of: 0.500000"
[component_container_isolated-2] [WARN] [1789795737.266530018] [planner_server]: [compute_path_to_pose] [ActionServer] Aborting handle.
[component_container_isolated-2] [INFO] [1789795737.283838196] [global_costmap.global_costmap]: Received request to clear entirely the global_costmap
[component_container_isolated-2] [WARN] [1789795738.264642865] [planner_server]: GridBased plugin failed to plan from (-1.16, -2.53) to (4.00, 4.00): "Failed to create plan with tolerance of: 0.500000"
[component_container_isolated-2] [WARN] [1789795738.264698765] [planner_server]: [compute_path_to_pose] [ActionServer] Aborting handle.
[component_container_isolated-1] [INFO] [1789795738.283802550] [behavior_server]: Running spin
[component_container_isolated-1] [INFO] [1789795738.283890051] [behavior_server]: Turning 1.57 for spin behavior.
[component_container_isolated-1] [INFO] [1789795741.684035700] [behavior_server]: spin completed successfully
[component_container_isolated-2] [INFO] [1789795741.723620976] [controller_server]: Received a goal, begin computing control effort.
[component_container_isolated-2] [INFO] [1789795742.773802156] [controller_server]: Passing new path to controller.
[component_container_isolated-2] [INFO] [1789795743.823797736] [controller_server]: Passing new path to controller.
[component_container_isolated-2] [ERROR] [1789795744.723874648] [controller_server]: Resulting plan has 0 poses in it.
[component_container_isolated-2] [INFO] [1789795744.725318554] [controller_server]: Optimizer reset
[component_container_isolated-2] [WARN] [1789795744.725364354] [controller_server]: [follow_path] [ActionServer] Aborting handle.
[component_container_isolated-2] [WARN] [1789795744.753096978] [bt_navigator]: [navigate_to_pose] [ActionServer] Aborting handle.
[component_container_isolated-2] [ERROR] [1789795744.753281879] [bt_navigator]: Goal failed
[component_container_isolated-2] [INFO] [1789795745.759259663] [bt_navigator]: Begin navigating from current location (-2.04, -3.72) to (4.00, 4.00)
[component_container_isolated-2] [INFO] [1789795745.780153756] [controller_server]: Received a goal, begin computing control effort.
[component_container_isolated-2] [INFO] [1789795746.830351738] [controller_server]: Passing new path to controller.
[component_container_isolated-2] [ERROR] [1789795746.980546907] [controller_server]: Resulting plan has 0 poses in it.
[component_container_isolated-2] [INFO] [1789795746.981555712] [controller_server]: Optimizer reset
[component_container_isolated-2] [WARN] [1789795746.981591912] [controller_server]: [follow_path] [ActionServer] Aborting handle.
[component_container_isolated-2] [WARN] [1789795747.009595137] [bt_navigator]: [navigate_to_pose] [ActionServer] Aborting handle.
[component_container_isolated-2] [ERROR] [1789795747.009849838] [bt_navigator]: Goal failed
