[INFO] [1786950039.354396093] [periodic_relocalize]: relocalize -> (1.26, 0.82, yaw -2.98)
[INFO] [1786950041.314010362] [periodic_relocalize]: relocalize -> (0.94, 1.17, yaw -2.04)
[INFO] [1786950043.313375844] [periodic_relocalize]: relocalize -> (0.53, 1.40, yaw -1.09)
[INFO] [1786950045.314899636] [periodic_relocalize]: relocalize -> (0.08, 1.50, yaw -0.15)
[INFO] [1786950047.312667255] [periodic_relocalize]: relocalize -> (-0.39, 1.45, yaw 0.79)
[INFO] [1786950049.312757336] [periodic_relocalize]: relocalize -> (-0.82, 1.26, yaw 1.73)
[INFO] [1786950051.313426141] [periodic_relocalize]: relocalize -> (-1.17, 0.94, yaw 2.68)
[INFO] [1786950053.312654465] [periodic_relocalize]: relocalize -> (-1.40, 0.53, yaw -2.66)
[INFO] [1786950055.312450312] [periodic_relocalize]: relocalize -> (-1.50, 0.08, yaw -1.72)
[INFO] [1786950057.312441969] [periodic_relocalize]: relocalize -> (-1.45, -0.39, yaw -0.78)
[INFO] [1786950059.313031127] [periodic_relocalize]: relocalize -> (-1.26, -0.82, yaw 0.17)
[INFO] [1786950061.313178850] [periodic_relocalize]: relocalize -> (-0.94, -1.17, yaw 1.11)
[INFO] [1786950063.312656856] [periodic_relocalize]: relocalize -> (-0.53, -1.40, yaw 2.05)
[INFO] [1786950065.312619335] [periodic_relocalize]: relocalize -> (-0.08, -1.50, yaw 2.99)
[INFO] [1786950067.312577276] [periodic_relocalize]: relocalize -> (0.39, -1.45, yaw -2.35)
[INFO] [1786950069.313071396] [periodic_relocalize]: relocalize -> (0.82, -1.26, yaw -1.41)
[INFO] [1786950071.312915769] [periodic_relocalize]: relocalize -> (1.17, -0.94, yaw -0.46)
[INFO] [1786950073.313129108] [periodic_relocalize]: relocalize -> (1.40, -0.53, yaw 0.48)
[INFO] [1786950075.314793507] [periodic_relocalize]: relocalize -> (1.50, -0.08, yaw 1.42)
[INFO] [1786950077.312817033] [periodic_relocalize]: relocalize -> (1.45, 0.39, yaw 2.36)
[INFO] [1786950079.312899248] [periodic_relocalize]: relocalize -> (1.26, 0.82, yaw -2.98)
[INFO] [1786950081.312825918] [periodic_relocalize]: relocalize -> (0.94, 1.17, yaw -2.04)
[INFO] [1786950083.312726322] [periodic_relocalize]: relocalize -> (0.53, 1.40, yaw -1.09)
[INFO] [1786950085.312901290] [periodic_relocalize]: relocalize -> (0.08, 1.50, yaw -0.15)
[INFO] [1786950087.313030762] [periodic_relocalize]: relocalize -> (-0.39, 1.45, yaw 0.79)
[INFO] [1786950089.313586536] [periodic_relocalize]: relocalize -> (-0.82, 1.26, yaw 1.73)
[INFO] [1786950091.314229807] [periodic_relocalize]: relocalize -> (-1.17, 0.94, yaw 2.68)
[INFO] [1786950093.314089773] [periodic_relocalize]: relocalize -> (-1.40, 0.53, yaw -2.66)
[INFO] [1786950095.313299389] [periodic_relocalize]: relocalize -> (-1.50, 0.07, yaw -1.72)
[INFO] [1786950097.312771362] [periodic_relocalize]: relocalize -> (-1.45, -0.39, yaw -0.78)
[INFO] [1786950099.320443409] [periodic_relocalize]: relocalize -> (-1.26, -0.82, yaw 0.16)
[INFO] [1786950101.313264366] [periodic_relocalize]: relocalize -> (-0.94, -1.17, yaw 1.11)
[INFO] [1786950103.313145861] [periodic_relocalize]: relocalize -> (-0.53, -1.40, yaw 2.05)
[INFO] [1786950105.312885915] [periodic_relocalize]: relocalize -> (-0.08, -1.50, yaw 2.99)
[INFO] [1786950107.312704917] [periodic_relocalize]: relocalize -> (0.39, -1.45, yaw -2.35)
[INFO] [1786950109.312873469] [periodic_relocalize]: relocalize -> (0.82, -1.26, yaw -1.41)
[INFO] [1786950111.312713098] [periodic_relocalize]: relocalize -> (1.17, -0.94, yaw -0.46)
[INFO] [1786950113.312881318] [periodic_relocalize]: relocalize -> (1.40, -0.53, yaw 0.48)
[INFO] [1786950115.316700714] [periodic_relocalize]: relocalize -> (1.50, -0.08, yaw 1.42)
[INFO] [1786950117.312978162] [periodic_relocalize]: relocalize -> (1.45, 0.39, yaw 2.36)
[INFO] [1786950119.312749713] [periodic_relocalize]: relocalize -> (1.26, 0.82, yaw -2.98)
[INFO] [1786950121.314211287] [periodic_relocalize]: relocalize -> (0.94, 1.17, yaw -2.04)
[INFO] [1786950123.313265232] [periodic_relocalize]: relocalize -> (0.53, 1.40, yaw -1.09)
[INFO] [1786950125.314946593] [periodic_relocalize]: relocalize -> (0.08, 1.50, yaw -0.15)
[INFO] [1786950127.312900964] [periodic_relocalize]: relocalize -> (-0.39, 1.45, yaw 0.79)
[INFO] [1786950129.312889653] [periodic_relocalize]: relocalize -> (-0.82, 1.26, yaw 1.73)
[INFO] [1786950131.314987151] [periodic_relocalize]: relocalize -> (-1.17, 0.94, yaw 2.68)
[INFO] [1786950133.313206865] [periodic_relocalize]: relocalize -> (-1.40, 0.53, yaw -2.66)
[INFO] [1786950135.312801103] [periodic_relocalize]: relocalize -> (-1.50, 0.08, yaw -1.72)
[INFO] [1786950137.313078105] [periodic_relocalize]: relocalize -> (-1.45, -0.39, yaw -0.78)
[INFO] [1786950139.312984215] [periodic_relocalize]: relocalize -> (-1.26, -0.82, yaw 0.16)
[INFO] [1786950141.315195323] [periodic_relocalize]: relocalize -> (-0.94, -1.17, yaw 1.11)
[INFO] [1786950143.313250351] [periodic_relocalize]: relocalize -> (-0.53, -1.40, yaw 2.05)
[INFO] [1786950145.313423147] [periodic_relocalize]: relocalize -> (-0.08, -1.50, yaw 2.99)
[INFO] [1786950147.312676288] [periodic_relocalize]: relocalize -> (0.39, -1.45, yaw -2.35)
[INFO] [1786950149.312883116] [periodic_relocalize]: relocalize -> (0.82, -1.26, yaw -1.41)
[INFO] [1786950151.313400852] [periodic_relocalize]: relocalize -> (1.17, -0.94, yaw -0.47)
[INFO] [1786950153.315135854] [periodic_relocalize]: relocalize -> (1.40, -0.53, yaw 0.48)
[INFO] [1786950155.313277187] [periodic_relocalize]: relocalize -> (1.50, -0.07, yaw 1.42)
[INFO] [1786950157.312711993] [periodic_relocalize]: relocalize -> (1.45, 0.39, yaw 2.36)
[INFO] [1786950159.315465685] [periodic_relocalize]: relocalize -> (1.26, 0.82, yaw -2.98)
[INFO] [1786950161.312950565] [periodic_relocalize]: relocalize -> (0.94, 1.17, yaw -2.04)
[INFO] [1786950163.315683036] [periodic_relocalize]: relocalize -> (0.53, 1.40, yaw -1.09)
[INFO] [1786950165.312769752] [periodic_relocalize]: relocalize -> (0.08, 1.50, yaw -0.15)
[INFO] [1786950167.313099107] [periodic_relocalize]: relocalize -> (-0.39, 1.45, yaw 0.79)
Traceback (most recent call last):
  File "/oomwoo/contributions/compute-benchmark/OsakaTX/scripts/periodic_relocalize.py", line 92, in <module>
    main()
  File "/oomwoo/contributions/compute-benchmark/OsakaTX/scripts/periodic_relocalize.py", line 79, in main
    rclpy.spin(node)
  File "/opt/ros/jazzy/lib/python3.12/site-packages/rclpy/__init__.py", line 247, in spin
    executor.spin_once()
  File "/opt/ros/jazzy/lib/python3.12/site-packages/rclpy/executors.py", line 926, in spin_once
    self._spin_once_impl(timeout_sec)
  File "/opt/ros/jazzy/lib/python3.12/site-packages/rclpy/executors.py", line 907, in _spin_once_impl
    handler, entity, node = self.wait_for_ready_callbacks(
                            ^^^^^^^^^^^^^^^^^^^^^^^^^^^^^^
  File "/opt/ros/jazzy/lib/python3.12/site-packages/rclpy/executors.py", line 877, in wait_for_ready_callbacks
    return next(self._cb_iter)
           ^^^^^^^^^^^^^^^^^^^
  File "/opt/ros/jazzy/lib/python3.12/site-packages/rclpy/executors.py", line 785, in _wait_for_ready_callbacks
    raise ExternalShutdownException()
rclpy.executors.ExternalShutdownException
