[INFO] [1787489040.718208159] [periodic_relocalize]: relocalize -> (1.23, 0.86, yaw -2.88)
[INFO] [1787489042.699884476] [periodic_relocalize]: relocalize -> (0.90, 1.20, yaw -1.94)
[INFO] [1787489044.699325064] [periodic_relocalize]: relocalize -> (0.49, 1.42, yaw -1.00)
[INFO] [1787489046.699218068] [periodic_relocalize]: relocalize -> (0.03, 1.50, yaw -0.06)
[INFO] [1787489048.699377185] [periodic_relocalize]: relocalize -> (-0.44, 1.44, yaw 0.89)
[INFO] [1787489050.699486415] [periodic_relocalize]: relocalize -> (-0.86, 1.23, yaw 1.83)
[INFO] [1787489052.699261357] [periodic_relocalize]: relocalize -> (-1.20, 0.90, yaw 2.77)
[INFO] [1787489054.699302713] [periodic_relocalize]: relocalize -> (-1.42, 0.49, yaw -2.57)
[INFO] [1787489056.699264582] [periodic_relocalize]: relocalize -> (-1.50, 0.03, yaw -1.63)
[INFO] [1787489058.700345668] [periodic_relocalize]: relocalize -> (-1.44, -0.44, yaw -0.69)
[INFO] [1787489060.699512260] [periodic_relocalize]: relocalize -> (-1.23, -0.86, yaw 0.26)
[INFO] [1787489062.699616368] [periodic_relocalize]: relocalize -> (-0.90, -1.20, yaw 1.20)
[INFO] [1787489064.699263487] [periodic_relocalize]: relocalize -> (-0.49, -1.42, yaw 2.14)
[INFO] [1787489066.699716121] [periodic_relocalize]: relocalize -> (-0.03, -1.50, yaw 3.09)
[INFO] [1787489068.699627167] [periodic_relocalize]: relocalize -> (0.44, -1.44, yaw -2.26)
[INFO] [1787489070.699244624] [periodic_relocalize]: relocalize -> (0.86, -1.23, yaw -1.31)
[INFO] [1787489072.699333695] [periodic_relocalize]: relocalize -> (1.20, -0.90, yaw -0.37)
[INFO] [1787489074.699299678] [periodic_relocalize]: relocalize -> (1.42, -0.49, yaw 0.57)
[INFO] [1787489076.699356974] [periodic_relocalize]: relocalize -> (1.50, -0.03, yaw 1.51)
[INFO] [1787489078.699392783] [periodic_relocalize]: relocalize -> (1.44, 0.44, yaw 2.46)
[INFO] [1787489080.699397603] [periodic_relocalize]: relocalize -> (1.23, 0.86, yaw -2.88)
[INFO] [1787489082.699313736] [periodic_relocalize]: relocalize -> (0.90, 1.20, yaw -1.94)
[INFO] [1787489084.699405082] [periodic_relocalize]: relocalize -> (0.49, 1.42, yaw -1.00)
[INFO] [1787489086.699326539] [periodic_relocalize]: relocalize -> (0.03, 1.50, yaw -0.06)
[INFO] [1787489088.699319109] [periodic_relocalize]: relocalize -> (-0.44, 1.44, yaw 0.89)
[INFO] [1787489090.699328591] [periodic_relocalize]: relocalize -> (-0.86, 1.23, yaw 1.83)
[INFO] [1787489092.699808186] [periodic_relocalize]: relocalize -> (-1.20, 0.90, yaw 2.77)
[INFO] [1787489094.699750292] [periodic_relocalize]: relocalize -> (-1.42, 0.49, yaw -2.57)
[INFO] [1787489096.699202408] [periodic_relocalize]: relocalize -> (-1.50, 0.03, yaw -1.63)
[INFO] [1787489098.699316239] [periodic_relocalize]: relocalize -> (-1.44, -0.44, yaw -0.68)
[INFO] [1787489100.699524881] [periodic_relocalize]: relocalize -> (-1.23, -0.86, yaw 0.26)
[INFO] [1787489102.699392634] [periodic_relocalize]: relocalize -> (-0.90, -1.20, yaw 1.20)
[INFO] [1787489104.699205499] [periodic_relocalize]: relocalize -> (-0.49, -1.42, yaw 2.14)
[INFO] [1787489106.699532378] [periodic_relocalize]: relocalize -> (-0.03, -1.50, yaw 3.08)
[INFO] [1787489108.699337766] [periodic_relocalize]: relocalize -> (0.44, -1.44, yaw -2.26)
[INFO] [1787489110.699498267] [periodic_relocalize]: relocalize -> (0.86, -1.23, yaw -1.31)
[INFO] [1787489112.699332279] [periodic_relocalize]: relocalize -> (1.20, -0.90, yaw -0.37)
[INFO] [1787489114.699759604] [periodic_relocalize]: relocalize -> (1.42, -0.49, yaw 0.57)
[INFO] [1787489116.699247238] [periodic_relocalize]: relocalize -> (1.50, -0.03, yaw 1.51)
[INFO] [1787489118.699879987] [periodic_relocalize]: relocalize -> (1.44, 0.44, yaw 2.46)
[INFO] [1787489120.699643845] [periodic_relocalize]: relocalize -> (1.23, 0.86, yaw -2.88)
[INFO] [1787489122.699622614] [periodic_relocalize]: relocalize -> (0.90, 1.20, yaw -1.94)
[INFO] [1787489124.699707696] [periodic_relocalize]: relocalize -> (0.49, 1.42, yaw -1.00)
[INFO] [1787489126.699741088] [periodic_relocalize]: relocalize -> (0.03, 1.50, yaw -0.06)
[INFO] [1787489128.699301090] [periodic_relocalize]: relocalize -> (-0.44, 1.44, yaw 0.89)
[INFO] [1787489130.699530606] [periodic_relocalize]: relocalize -> (-0.86, 1.23, yaw 1.83)
[INFO] [1787489132.699560032] [periodic_relocalize]: relocalize -> (-1.20, 0.90, yaw 2.77)
[INFO] [1787489134.699657570] [periodic_relocalize]: relocalize -> (-1.42, 0.49, yaw -2.57)
[INFO] [1787489136.699423617] [periodic_relocalize]: relocalize -> (-1.50, 0.03, yaw -1.63)
[INFO] [1787489138.699658378] [periodic_relocalize]: relocalize -> (-1.44, -0.44, yaw -0.69)
[INFO] [1787489140.699588848] [periodic_relocalize]: relocalize -> (-1.23, -0.86, yaw 0.26)
[INFO] [1787489142.699704029] [periodic_relocalize]: relocalize -> (-0.90, -1.20, yaw 1.20)
[INFO] [1787489144.699331220] [periodic_relocalize]: relocalize -> (-0.49, -1.42, yaw 2.14)
[INFO] [1787489146.699836825] [periodic_relocalize]: relocalize -> (-0.03, -1.50, yaw 3.09)
[INFO] [1787489148.699525438] [periodic_relocalize]: relocalize -> (0.44, -1.44, yaw -2.26)
[INFO] [1787489150.699299362] [periodic_relocalize]: relocalize -> (0.86, -1.23, yaw -1.31)
[INFO] [1787489152.700646103] [periodic_relocalize]: relocalize -> (1.20, -0.90, yaw -0.37)
[INFO] [1787489154.699348444] [periodic_relocalize]: relocalize -> (1.42, -0.49, yaw 0.57)
[INFO] [1787489156.699514402] [periodic_relocalize]: relocalize -> (1.50, -0.03, yaw 1.51)
[INFO] [1787489158.699231468] [periodic_relocalize]: relocalize -> (1.44, 0.44, yaw 2.46)
[INFO] [1787489160.699269246] [periodic_relocalize]: relocalize -> (1.23, 0.86, yaw -2.88)
[INFO] [1787489162.699295035] [periodic_relocalize]: relocalize -> (0.90, 1.20, yaw -1.94)
[INFO] [1787489164.699224934] [periodic_relocalize]: relocalize -> (0.49, 1.42, yaw -1.00)
[INFO] [1787489166.699765846] [periodic_relocalize]: relocalize -> (0.03, 1.50, yaw -0.06)
[INFO] [1787489168.699605765] [periodic_relocalize]: relocalize -> (-0.44, 1.44, yaw 0.89)
[INFO] [1787489170.699683996] [periodic_relocalize]: relocalize -> (-0.86, 1.23, yaw 1.83)
[INFO] [1787489172.700011838] [periodic_relocalize]: relocalize -> (-1.20, 0.90, yaw 2.77)
[INFO] [1787489174.699379087] [periodic_relocalize]: relocalize -> (-1.42, 0.49, yaw -2.57)
[INFO] [1787489176.699417148] [periodic_relocalize]: relocalize -> (-1.50, 0.03, yaw -1.63)
[INFO] [1787489178.700213322] [periodic_relocalize]: relocalize -> (-1.44, -0.44, yaw -0.68)
[INFO] [1787489180.699352601] [periodic_relocalize]: relocalize -> (-1.23, -0.86, yaw 0.26)
[INFO] [1787489182.699345593] [periodic_relocalize]: relocalize -> (-0.90, -1.20, yaw 1.20)
[INFO] [1787489184.699899897] [periodic_relocalize]: relocalize -> (-0.49, -1.42, yaw 2.14)
[INFO] [1787489186.699540108] [periodic_relocalize]: relocalize -> (-0.03, -1.50, yaw 3.08)
[INFO] [1787489188.699458329] [periodic_relocalize]: relocalize -> (0.44, -1.44, yaw -2.26)
[INFO] [1787489190.699628862] [periodic_relocalize]: relocalize -> (0.86, -1.23, yaw -1.31)
[INFO] [1787489192.699297203] [periodic_relocalize]: relocalize -> (1.20, -0.90, yaw -0.37)
[INFO] [1787489194.699453555] [periodic_relocalize]: relocalize -> (1.42, -0.49, yaw 0.57)
[INFO] [1787489196.699500017] [periodic_relocalize]: relocalize -> (1.50, -0.03, yaw 1.51)
[INFO] [1787489198.699196588] [periodic_relocalize]: relocalize -> (1.44, 0.44, yaw 2.46)
[INFO] [1787489200.699958772] [periodic_relocalize]: relocalize -> (1.23, 0.86, yaw -2.88)
[INFO] [1787489202.699253360] [periodic_relocalize]: relocalize -> (0.90, 1.20, yaw -1.94)
[INFO] [1787489204.699617962] [periodic_relocalize]: relocalize -> (0.49, 1.42, yaw -1.00)
[INFO] [1787489206.699259172] [periodic_relocalize]: relocalize -> (0.03, 1.50, yaw -0.06)
[INFO] [1787489208.699559393] [periodic_relocalize]: relocalize -> (-0.44, 1.44, yaw 0.89)
[INFO] [1787489210.699326722] [periodic_relocalize]: relocalize -> (-0.86, 1.23, yaw 1.83)
[INFO] [1787489212.699792063] [periodic_relocalize]: relocalize -> (-1.20, 0.90, yaw 2.77)
[INFO] [1787489214.699698311] [periodic_relocalize]: relocalize -> (-1.42, 0.49, yaw -2.57)
[INFO] [1787489216.699163367] [periodic_relocalize]: relocalize -> (-1.50, 0.03, yaw -1.63)
[INFO] [1787489218.699263036] [periodic_relocalize]: relocalize -> (-1.44, -0.44, yaw -0.69)
[INFO] [1787489220.699198913] [periodic_relocalize]: relocalize -> (-1.23, -0.86, yaw 0.26)
[INFO] [1787489222.699250399] [periodic_relocalize]: relocalize -> (-0.90, -1.20, yaw 1.20)
[INFO] [1787489224.699340695] [periodic_relocalize]: relocalize -> (-0.49, -1.42, yaw 2.14)
[INFO] [1787489226.699303001] [periodic_relocalize]: relocalize -> (-0.03, -1.50, yaw 3.08)
[INFO] [1787489228.699555816] [periodic_relocalize]: relocalize -> (0.44, -1.44, yaw -2.26)
[INFO] [1787489230.699186938] [periodic_relocalize]: relocalize -> (0.86, -1.23, yaw -1.31)
[INFO] [1787489232.699426172] [periodic_relocalize]: relocalize -> (1.20, -0.90, yaw -0.37)
[INFO] [1787489234.699321814] [periodic_relocalize]: relocalize -> (1.42, -0.49, yaw 0.57)
[INFO] [1787489236.699719766] [periodic_relocalize]: relocalize -> (1.50, -0.03, yaw 1.51)
[INFO] [1787489238.699192325] [periodic_relocalize]: relocalize -> (1.44, 0.44, yaw 2.46)
[INFO] [1787489240.699194794] [periodic_relocalize]: relocalize -> (1.23, 0.86, yaw -2.88)
[INFO] [1787489242.699267672] [periodic_relocalize]: relocalize -> (0.90, 1.20, yaw -1.94)
[INFO] [1787489244.699265760] [periodic_relocalize]: relocalize -> (0.49, 1.42, yaw -1.00)
[INFO] [1787489246.699318156] [periodic_relocalize]: relocalize -> (0.03, 1.50, yaw -0.06)
[INFO] [1787489248.700124565] [periodic_relocalize]: relocalize -> (-0.44, 1.44, yaw 0.89)
[INFO] [1787489250.699298575] [periodic_relocalize]: relocalize -> (-0.86, 1.23, yaw 1.83)
[INFO] [1787489252.699521399] [periodic_relocalize]: relocalize -> (-1.20, 0.90, yaw 2.77)
[INFO] [1787489254.699403730] [periodic_relocalize]: relocalize -> (-1.42, 0.49, yaw -2.57)
[INFO] [1787489256.699261570] [periodic_relocalize]: relocalize -> (-1.50, 0.03, yaw -1.63)
[INFO] [1787489258.699554621] [periodic_relocalize]: relocalize -> (-1.44, -0.44, yaw -0.68)
[INFO] [1787489260.699476278] [periodic_relocalize]: relocalize -> (-1.23, -0.86, yaw 0.26)
[INFO] [1787489262.699233644] [periodic_relocalize]: relocalize -> (-0.90, -1.20, yaw 1.20)
[INFO] [1787489264.699195019] [periodic_relocalize]: relocalize -> (-0.49, -1.42, yaw 2.14)
[INFO] [1787489266.699428604] [periodic_relocalize]: relocalize -> (-0.03, -1.50, yaw 3.09)
[INFO] [1787489268.699832098] [periodic_relocalize]: relocalize -> (0.44, -1.44, yaw -2.26)
[INFO] [1787489270.699278096] [periodic_relocalize]: relocalize -> (0.86, -1.23, yaw -1.31)
[INFO] [1787489272.699244306] [periodic_relocalize]: relocalize -> (1.20, -0.90, yaw -0.37)
[INFO] [1787489274.699379324] [periodic_relocalize]: relocalize -> (1.42, -0.49, yaw 0.57)
[INFO] [1787489276.699677852] [periodic_relocalize]: relocalize -> (1.50, -0.03, yaw 1.51)
[INFO] [1787489278.699167384] [periodic_relocalize]: relocalize -> (1.44, 0.44, yaw 2.46)
[INFO] [1787489280.699492129] [periodic_relocalize]: relocalize -> (1.23, 0.86, yaw -2.88)
[INFO] [1787489282.699449880] [periodic_relocalize]: relocalize -> (0.90, 1.20, yaw -1.94)
[INFO] [1787489284.699248839] [periodic_relocalize]: relocalize -> (0.49, 1.42, yaw -1.00)
[INFO] [1787489286.699308207] [periodic_relocalize]: relocalize -> (0.03, 1.50, yaw -0.06)
[INFO] [1787489288.699259083] [periodic_relocalize]: relocalize -> (-0.44, 1.44, yaw 0.89)
[INFO] [1787489290.699703770] [periodic_relocalize]: relocalize -> (-0.86, 1.23, yaw 1.83)
[INFO] [1787489292.699229660] [periodic_relocalize]: relocalize -> (-1.20, 0.90, yaw 2.77)
[INFO] [1787489294.699428862] [periodic_relocalize]: relocalize -> (-1.42, 0.49, yaw -2.57)
[INFO] [1787489296.699268270] [periodic_relocalize]: relocalize -> (-1.50, 0.03, yaw -1.63)
[INFO] [1787489298.699164887] [periodic_relocalize]: relocalize -> (-1.44, -0.44, yaw -0.69)
[INFO] [1787489300.699384513] [periodic_relocalize]: relocalize -> (-1.23, -0.86, yaw 0.26)
[INFO] [1787489302.699591047] [periodic_relocalize]: relocalize -> (-0.90, -1.20, yaw 1.20)
[INFO] [1787489304.699343187] [periodic_relocalize]: relocalize -> (-0.49, -1.42, yaw 2.14)
[INFO] [1787489306.699477536] [periodic_relocalize]: relocalize -> (-0.03, -1.50, yaw 3.08)
[INFO] [1787489308.699252292] [periodic_relocalize]: relocalize -> (0.44, -1.44, yaw -2.26)
[INFO] [1787489310.699457858] [periodic_relocalize]: relocalize -> (0.86, -1.23, yaw -1.31)
[INFO] [1787489312.699571031] [periodic_relocalize]: relocalize -> (1.20, -0.90, yaw -0.37)
[INFO] [1787489314.699362711] [periodic_relocalize]: relocalize -> (1.42, -0.49, yaw 0.57)
[INFO] [1787489316.699334099] [periodic_relocalize]: relocalize -> (1.50, -0.03, yaw 1.51)
[INFO] [1787489318.699396596] [periodic_relocalize]: relocalize -> (1.44, 0.44, yaw 2.46)
[INFO] [1787489320.699194099] [periodic_relocalize]: relocalize -> (1.23, 0.86, yaw -2.88)
[INFO] [1787489322.699216210] [periodic_relocalize]: relocalize -> (0.90, 1.20, yaw -1.94)
[INFO] [1787489324.699589531] [periodic_relocalize]: relocalize -> (0.49, 1.42, yaw -1.00)
[INFO] [1787489326.699673658] [periodic_relocalize]: relocalize -> (0.03, 1.50, yaw -0.06)
[INFO] [1787489328.699244091] [periodic_relocalize]: relocalize -> (-0.44, 1.44, yaw 0.89)
[INFO] [1787489330.699636135] [periodic_relocalize]: relocalize -> (-0.86, 1.23, yaw 1.83)
[INFO] [1787489332.699189583] [periodic_relocalize]: relocalize -> (-1.20, 0.90, yaw 2.77)
[INFO] [1787489334.699236140] [periodic_relocalize]: relocalize -> (-1.42, 0.49, yaw -2.57)
[INFO] [1787489336.699383005] [periodic_relocalize]: relocalize -> (-1.50, 0.03, yaw -1.63)
[INFO] [1787489338.699554978] [periodic_relocalize]: relocalize -> (-1.44, -0.44, yaw -0.68)
[INFO] [1787489340.699675758] [periodic_relocalize]: relocalize -> (-1.23, -0.86, yaw 0.26)
[INFO] [1787489342.699556145] [periodic_relocalize]: relocalize -> (-0.90, -1.20, yaw 1.20)
[INFO] [1787489344.699332038] [periodic_relocalize]: relocalize -> (-0.49, -1.42, yaw 2.14)
[INFO] [1787489346.699690142] [periodic_relocalize]: relocalize -> (-0.03, -1.50, yaw 3.08)
[INFO] [1787489348.699357149] [periodic_relocalize]: relocalize -> (0.44, -1.44, yaw -2.26)
[INFO] [1787489350.699246765] [periodic_relocalize]: relocalize -> (0.86, -1.23, yaw -1.31)
[INFO] [1787489352.699896092] [periodic_relocalize]: relocalize -> (1.20, -0.90, yaw -0.37)
[INFO] [1787489354.699203120] [periodic_relocalize]: relocalize -> (1.42, -0.49, yaw 0.57)
[INFO] [1787489356.699235958] [periodic_relocalize]: relocalize -> (1.50, -0.03, yaw 1.51)
[INFO] [1787489358.699637305] [periodic_relocalize]: relocalize -> (1.44, 0.44, yaw 2.46)
[INFO] [1787489360.699233556] [periodic_relocalize]: relocalize -> (1.23, 0.86, yaw -2.88)
[INFO] [1787489362.699620117] [periodic_relocalize]: relocalize -> (0.90, 1.20, yaw -1.94)
[INFO] [1787489364.699780085] [periodic_relocalize]: relocalize -> (0.49, 1.42, yaw -1.00)
[INFO] [1787489366.699245756] [periodic_relocalize]: relocalize -> (0.03, 1.50, yaw -0.06)
[INFO] [1787489368.699696939] [periodic_relocalize]: relocalize -> (-0.44, 1.44, yaw 0.89)
[INFO] [1787489370.699584526] [periodic_relocalize]: relocalize -> (-0.86, 1.23, yaw 1.83)
[INFO] [1787489372.699357620] [periodic_relocalize]: relocalize -> (-1.20, 0.90, yaw 2.77)
[INFO] [1787489374.699274122] [periodic_relocalize]: relocalize -> (-1.42, 0.49, yaw -2.57)
[INFO] [1787489376.699295231] [periodic_relocalize]: relocalize -> (-1.50, 0.03, yaw -1.63)
[INFO] [1787489378.699615448] [periodic_relocalize]: relocalize -> (-1.44, -0.44, yaw -0.69)
[INFO] [1787489380.699826471] [periodic_relocalize]: relocalize -> (-1.23, -0.86, yaw 0.26)
[INFO] [1787489382.699263498] [periodic_relocalize]: relocalize -> (-0.90, -1.20, yaw 1.20)
[INFO] [1787489384.700649940] [periodic_relocalize]: relocalize -> (-0.49, -1.42, yaw 2.14)
[INFO] [1787489386.700197981] [periodic_relocalize]: relocalize -> (-0.03, -1.50, yaw 3.08)
[INFO] [1787489388.699661329] [periodic_relocalize]: relocalize -> (0.44, -1.44, yaw -2.26)
[INFO] [1787489390.699278384] [periodic_relocalize]: relocalize -> (0.86, -1.23, yaw -1.31)
[INFO] [1787489392.699798750] [periodic_relocalize]: relocalize -> (1.20, -0.90, yaw -0.37)
[INFO] [1787489394.699319918] [periodic_relocalize]: relocalize -> (1.42, -0.49, yaw 0.57)
[INFO] [1787489396.699539695] [periodic_relocalize]: relocalize -> (1.50, -0.03, yaw 1.51)
[INFO] [1787489398.699215377] [periodic_relocalize]: relocalize -> (1.44, 0.44, yaw 2.46)
[INFO] [1787489400.699194467] [periodic_relocalize]: relocalize -> (1.23, 0.86, yaw -2.88)
[INFO] [1787489402.699387464] [periodic_relocalize]: relocalize -> (0.90, 1.20, yaw -1.94)
[INFO] [1787489404.699498768] [periodic_relocalize]: relocalize -> (0.49, 1.42, yaw -1.00)
[INFO] [1787489406.699301377] [periodic_relocalize]: relocalize -> (0.03, 1.50, yaw -0.06)
[INFO] [1787489408.699425794] [periodic_relocalize]: relocalize -> (-0.44, 1.44, yaw 0.89)
[INFO] [1787489410.699571517] [periodic_relocalize]: relocalize -> (-0.86, 1.23, yaw 1.83)
[INFO] [1787489412.699247145] [periodic_relocalize]: relocalize -> (-1.20, 0.90, yaw 2.77)
[INFO] [1787489414.699245580] [periodic_relocalize]: relocalize -> (-1.42, 0.49, yaw -2.57)
[INFO] [1787489416.699479123] [periodic_relocalize]: relocalize -> (-1.50, 0.03, yaw -1.63)
[INFO] [1787489418.699264571] [periodic_relocalize]: relocalize -> (-1.44, -0.44, yaw -0.68)
[INFO] [1787489420.699296326] [periodic_relocalize]: relocalize -> (-1.23, -0.86, yaw 0.26)
[INFO] [1787489422.699234387] [periodic_relocalize]: relocalize -> (-0.90, -1.20, yaw 1.20)
[INFO] [1787489424.699358555] [periodic_relocalize]: relocalize -> (-0.49, -1.42, yaw 2.14)
[INFO] [1787489426.699661830] [periodic_relocalize]: relocalize -> (-0.03, -1.50, yaw 3.09)
[INFO] [1787489428.699556509] [periodic_relocalize]: relocalize -> (0.44, -1.44, yaw -2.26)
[INFO] [1787489430.699366995] [periodic_relocalize]: relocalize -> (0.86, -1.23, yaw -1.31)
[INFO] [1787489432.699456687] [periodic_relocalize]: relocalize -> (1.20, -0.90, yaw -0.37)
[INFO] [1787489434.699352386] [periodic_relocalize]: relocalize -> (1.42, -0.49, yaw 0.57)
[INFO] [1787489436.699233590] [periodic_relocalize]: relocalize -> (1.50, -0.03, yaw 1.51)
[INFO] [1787489438.699352901] [periodic_relocalize]: relocalize -> (1.44, 0.44, yaw 2.46)
[INFO] [1787489440.699181718] [periodic_relocalize]: relocalize -> (1.23, 0.86, yaw -2.88)
[INFO] [1787489442.699598643] [periodic_relocalize]: relocalize -> (0.90, 1.20, yaw -1.94)
[INFO] [1787489444.699298771] [periodic_relocalize]: relocalize -> (0.49, 1.42, yaw -1.00)
[INFO] [1787489446.699778508] [periodic_relocalize]: relocalize -> (0.03, 1.50, yaw -0.06)
[INFO] [1787489448.699225147] [periodic_relocalize]: relocalize -> (-0.44, 1.44, yaw 0.89)
[INFO] [1787489450.699213794] [periodic_relocalize]: relocalize -> (-0.86, 1.23, yaw 1.83)
[INFO] [1787489452.699333248] [periodic_relocalize]: relocalize -> (-1.20, 0.90, yaw 2.77)
[INFO] [1787489454.699561908] [periodic_relocalize]: relocalize -> (-1.42, 0.49, yaw -2.57)
[INFO] [1787489456.699484573] [periodic_relocalize]: relocalize -> (-1.50, 0.03, yaw -1.63)
[INFO] [1787489458.699602845] [periodic_relocalize]: relocalize -> (-1.44, -0.44, yaw -0.69)
[INFO] [1787489460.699236720] [periodic_relocalize]: relocalize -> (-1.23, -0.86, yaw 0.26)
[INFO] [1787489462.699307404] [periodic_relocalize]: relocalize -> (-0.90, -1.20, yaw 1.20)
[INFO] [1787489464.699430493] [periodic_relocalize]: relocalize -> (-0.49, -1.42, yaw 2.14)
[INFO] [1787489466.699558488] [periodic_relocalize]: relocalize -> (-0.03, -1.50, yaw 3.08)
[INFO] [1787489468.699655189] [periodic_relocalize]: relocalize -> (0.44, -1.44, yaw -2.26)
[INFO] [1787489470.699728895] [periodic_relocalize]: relocalize -> (0.86, -1.23, yaw -1.31)
[INFO] [1787489472.699342905] [periodic_relocalize]: relocalize -> (1.20, -0.90, yaw -0.37)
[INFO] [1787489474.699822525] [periodic_relocalize]: relocalize -> (1.42, -0.49, yaw 0.57)
[INFO] [1787489476.699502547] [periodic_relocalize]: relocalize -> (1.50, -0.03, yaw 1.51)
[INFO] [1787489478.699197875] [periodic_relocalize]: relocalize -> (1.44, 0.44, yaw 2.46)
[INFO] [1787489480.699401310] [periodic_relocalize]: relocalize -> (1.23, 0.86, yaw -2.88)
[INFO] [1787489482.699450251] [periodic_relocalize]: relocalize -> (0.90, 1.20, yaw -1.94)
[INFO] [1787489484.699260496] [periodic_relocalize]: relocalize -> (0.49, 1.42, yaw -1.00)
[INFO] [1787489486.699281147] [periodic_relocalize]: relocalize -> (0.03, 1.50, yaw -0.06)
[INFO] [1787489488.699593106] [periodic_relocalize]: relocalize -> (-0.44, 1.44, yaw 0.89)
[INFO] [1787489490.699342067] [periodic_relocalize]: relocalize -> (-0.86, 1.23, yaw 1.83)
[INFO] [1787489492.699264235] [periodic_relocalize]: relocalize -> (-1.20, 0.90, yaw 2.77)
[INFO] [1787489494.699733111] [periodic_relocalize]: relocalize -> (-1.42, 0.49, yaw -2.57)
[INFO] [1787489496.699361089] [periodic_relocalize]: relocalize -> (-1.50, 0.03, yaw -1.63)
[INFO] [1787489498.699318673] [periodic_relocalize]: relocalize -> (-1.44, -0.44, yaw -0.68)
[INFO] [1787489500.699395463] [periodic_relocalize]: relocalize -> (-1.23, -0.86, yaw 0.26)
[INFO] [1787489502.699665760] [periodic_relocalize]: relocalize -> (-0.90, -1.20, yaw 1.20)
[INFO] [1787489504.699337860] [periodic_relocalize]: relocalize -> (-0.49, -1.42, yaw 2.14)
[INFO] [1787489506.699714967] [periodic_relocalize]: relocalize -> (-0.03, -1.50, yaw 3.08)
[INFO] [1787489508.699603979] [periodic_relocalize]: relocalize -> (0.44, -1.44, yaw -2.26)
[INFO] [1787489510.699853897] [periodic_relocalize]: relocalize -> (0.86, -1.23, yaw -1.31)
[INFO] [1787489512.699342717] [periodic_relocalize]: relocalize -> (1.20, -0.90, yaw -0.37)
[INFO] [1787489514.699788646] [periodic_relocalize]: relocalize -> (1.42, -0.49, yaw 0.57)
[INFO] [1787489516.699777679] [periodic_relocalize]: relocalize -> (1.50, -0.03, yaw 1.51)
[INFO] [1787489518.700014418] [periodic_relocalize]: relocalize -> (1.44, 0.44, yaw 2.46)
[INFO] [1787489520.700575464] [periodic_relocalize]: relocalize -> (1.23, 0.86, yaw -2.88)
[INFO] [1787489522.699426908] [periodic_relocalize]: relocalize -> (0.90, 1.20, yaw -1.94)
[INFO] [1787489524.699374561] [periodic_relocalize]: relocalize -> (0.49, 1.42, yaw -1.00)
[INFO] [1787489526.699479321] [periodic_relocalize]: relocalize -> (0.03, 1.50, yaw -0.06)
[INFO] [1787489528.702407398] [periodic_relocalize]: relocalize -> (-0.43, 1.44, yaw 0.88)
Traceback (most recent call last):
  File "/oomwoo/contributions/compute-benchmark/OsakaTX/scripts/periodic_relocalize.py", line 92, in <module>
    main()
  File "/oomwoo/contributions/compute-benchmark/OsakaTX/scripts/periodic_relocalize.py", line 79, in main
    rclpy.spin(node)
  File "/opt/ros/jazzy/lib/python3.12/site-packages/rclpy/__init__.py", line 247, in spin
    executor.spin_once()
  File "/opt/ros/jazzy/lib/python3.12/site-packages/rclpy/executors.py", line 926, in spin_once
    self._spin_once_impl(timeout_sec)
  File "/opt/ros/jazzy/lib/python3.12/site-packages/rclpy/executors.py", line 907, in _spin_once_impl
    handler, entity, node = self.wait_for_ready_callbacks(
                            ^^^^^^^^^^^^^^^^^^^^^^^^^^^^^^
  File "/opt/ros/jazzy/lib/python3.12/site-packages/rclpy/executors.py", line 877, in wait_for_ready_callbacks
    return next(self._cb_iter)
           ^^^^^^^^^^^^^^^^^^^
  File "/opt/ros/jazzy/lib/python3.12/site-packages/rclpy/executors.py", line 785, in _wait_for_ready_callbacks
    raise ExternalShutdownException()
rclpy.executors.ExternalShutdownException
