[INFO] [1786949750.252354379] [periodic_relocalize]: relocalize -> (1.22, 0.87, yaw -2.86)
[INFO] [1786949752.235247156] [periodic_relocalize]: relocalize -> (0.89, 1.21, yaw -1.91)
[INFO] [1786949754.235121256] [periodic_relocalize]: relocalize -> (0.48, 1.42, yaw -0.97)
[INFO] [1786949756.235413745] [periodic_relocalize]: relocalize -> (0.01, 1.50, yaw -0.03)
[INFO] [1786949758.236457727] [periodic_relocalize]: relocalize -> (-0.45, 1.43, yaw 0.91)
[INFO] [1786949760.235233979] [periodic_relocalize]: relocalize -> (-0.87, 1.22, yaw 1.86)
[INFO] [1786949762.235288527] [periodic_relocalize]: relocalize -> (-1.21, 0.89, yaw 2.80)
[INFO] [1786949764.235380162] [periodic_relocalize]: relocalize -> (-1.42, 0.48, yaw -2.54)
[INFO] [1786949766.235271584] [periodic_relocalize]: relocalize -> (-1.50, 0.01, yaw -1.60)
[INFO] [1786949768.235194492] [periodic_relocalize]: relocalize -> (-1.43, -0.45, yaw -0.66)
[INFO] [1786949770.235738792] [periodic_relocalize]: relocalize -> (-1.22, -0.87, yaw 0.28)
[INFO] [1786949772.235196472] [periodic_relocalize]: relocalize -> (-0.89, -1.21, yaw 1.23)
[INFO] [1786949774.235173242] [periodic_relocalize]: relocalize -> (-0.48, -1.42, yaw 2.17)
[INFO] [1786949776.235322801] [periodic_relocalize]: relocalize -> (-0.01, -1.50, yaw 3.11)
[INFO] [1786949778.235226446] [periodic_relocalize]: relocalize -> (0.45, -1.43, yaw -2.23)
[INFO] [1786949780.235197878] [periodic_relocalize]: relocalize -> (0.87, -1.22, yaw -1.28)
[INFO] [1786949782.235196998] [periodic_relocalize]: relocalize -> (1.21, -0.89, yaw -0.34)
[INFO] [1786949784.235162406] [periodic_relocalize]: relocalize -> (1.42, -0.48, yaw 0.60)
[INFO] [1786949786.235167101] [periodic_relocalize]: relocalize -> (1.50, -0.01, yaw 1.54)
[INFO] [1786949788.235169284] [periodic_relocalize]: relocalize -> (1.43, 0.45, yaw 2.48)
[INFO] [1786949790.235395556] [periodic_relocalize]: relocalize -> (1.22, 0.87, yaw -2.86)
[INFO] [1786949792.235189113] [periodic_relocalize]: relocalize -> (0.89, 1.21, yaw -1.91)
[INFO] [1786949794.235175659] [periodic_relocalize]: relocalize -> (0.48, 1.42, yaw -0.97)
[INFO] [1786949796.235233293] [periodic_relocalize]: relocalize -> (0.01, 1.50, yaw -0.03)
[INFO] [1786949798.235289215] [periodic_relocalize]: relocalize -> (-0.45, 1.43, yaw 0.91)
[INFO] [1786949800.235272124] [periodic_relocalize]: relocalize -> (-0.87, 1.22, yaw 1.86)
[INFO] [1786949802.235424923] [periodic_relocalize]: relocalize -> (-1.21, 0.89, yaw 2.80)
[INFO] [1786949804.235192907] [periodic_relocalize]: relocalize -> (-1.42, 0.48, yaw -2.54)
[INFO] [1786949806.235133680] [periodic_relocalize]: relocalize -> (-1.50, 0.01, yaw -1.60)
[INFO] [1786949808.235156041] [periodic_relocalize]: relocalize -> (-1.43, -0.45, yaw -0.66)
[INFO] [1786949810.235206491] [periodic_relocalize]: relocalize -> (-1.22, -0.87, yaw 0.29)
[INFO] [1786949812.235405131] [periodic_relocalize]: relocalize -> (-0.89, -1.21, yaw 1.23)
[INFO] [1786949814.235307756] [periodic_relocalize]: relocalize -> (-0.48, -1.42, yaw 2.17)
[INFO] [1786949816.235578773] [periodic_relocalize]: relocalize -> (-0.01, -1.50, yaw 3.11)
[INFO] [1786949818.235201572] [periodic_relocalize]: relocalize -> (0.45, -1.43, yaw -2.23)
[INFO] [1786949820.235184963] [periodic_relocalize]: relocalize -> (0.87, -1.22, yaw -1.28)
[INFO] [1786949822.236677154] [periodic_relocalize]: relocalize -> (1.21, -0.89, yaw -0.34)
[INFO] [1786949824.235400112] [periodic_relocalize]: relocalize -> (1.42, -0.48, yaw 0.60)
[INFO] [1786949826.235202167] [periodic_relocalize]: relocalize -> (1.50, -0.01, yaw 1.54)
[INFO] [1786949828.236292420] [periodic_relocalize]: relocalize -> (1.43, 0.45, yaw 2.48)
[INFO] [1786949830.235189445] [periodic_relocalize]: relocalize -> (1.22, 0.87, yaw -2.86)
[INFO] [1786949832.235290068] [periodic_relocalize]: relocalize -> (0.89, 1.21, yaw -1.91)
[INFO] [1786949834.235752382] [periodic_relocalize]: relocalize -> (0.48, 1.42, yaw -0.97)
[INFO] [1786949836.235683681] [periodic_relocalize]: relocalize -> (0.01, 1.50, yaw -0.03)
[INFO] [1786949838.235198766] [periodic_relocalize]: relocalize -> (-0.45, 1.43, yaw 0.91)
[INFO] [1786949840.235190443] [periodic_relocalize]: relocalize -> (-0.87, 1.22, yaw 1.86)
[INFO] [1786949842.235189309] [periodic_relocalize]: relocalize -> (-1.21, 0.89, yaw 2.80)
[INFO] [1786949844.235399865] [periodic_relocalize]: relocalize -> (-1.42, 0.48, yaw -2.54)
[INFO] [1786949846.235182707] [periodic_relocalize]: relocalize -> (-1.50, 0.01, yaw -1.60)
[INFO] [1786949848.235266440] [periodic_relocalize]: relocalize -> (-1.43, -0.45, yaw -0.66)
[INFO] [1786949850.235628765] [periodic_relocalize]: relocalize -> (-1.22, -0.87, yaw 0.29)
[INFO] [1786949852.235156172] [periodic_relocalize]: relocalize -> (-0.89, -1.21, yaw 1.23)
[INFO] [1786949854.235955778] [periodic_relocalize]: relocalize -> (-0.48, -1.42, yaw 2.17)
[INFO] [1786949856.235191861] [periodic_relocalize]: relocalize -> (-0.01, -1.50, yaw 3.11)
[INFO] [1786949858.235152039] [periodic_relocalize]: relocalize -> (0.45, -1.43, yaw -2.23)
[INFO] [1786949860.235469009] [periodic_relocalize]: relocalize -> (0.87, -1.22, yaw -1.28)
[INFO] [1786949862.235207363] [periodic_relocalize]: relocalize -> (1.21, -0.89, yaw -0.34)
[INFO] [1786949864.235230310] [periodic_relocalize]: relocalize -> (1.42, -0.48, yaw 0.60)
[INFO] [1786949866.235363646] [periodic_relocalize]: relocalize -> (1.50, -0.01, yaw 1.54)
[INFO] [1786949868.235159269] [periodic_relocalize]: relocalize -> (1.43, 0.45, yaw 2.48)
[INFO] [1786949870.235123183] [periodic_relocalize]: relocalize -> (1.22, 0.87, yaw -2.86)
[INFO] [1786949872.235234488] [periodic_relocalize]: relocalize -> (0.89, 1.21, yaw -1.91)
[INFO] [1786949874.235908686] [periodic_relocalize]: relocalize -> (0.48, 1.42, yaw -0.97)
[INFO] [1786949876.235177763] [periodic_relocalize]: relocalize -> (0.01, 1.50, yaw -0.03)
[INFO] [1786949878.235455238] [periodic_relocalize]: relocalize -> (-0.45, 1.43, yaw 0.91)
Traceback (most recent call last):
  File "/oomwoo/contributions/compute-benchmark/OsakaTX/scripts/periodic_relocalize.py", line 92, in <module>
    main()
  File "/oomwoo/contributions/compute-benchmark/OsakaTX/scripts/periodic_relocalize.py", line 79, in main
    rclpy.spin(node)
  File "/opt/ros/jazzy/lib/python3.12/site-packages/rclpy/__init__.py", line 247, in spin
    executor.spin_once()
  File "/opt/ros/jazzy/lib/python3.12/site-packages/rclpy/executors.py", line 926, in spin_once
    self._spin_once_impl(timeout_sec)
  File "/opt/ros/jazzy/lib/python3.12/site-packages/rclpy/executors.py", line 907, in _spin_once_impl
    handler, entity, node = self.wait_for_ready_callbacks(
                            ^^^^^^^^^^^^^^^^^^^^^^^^^^^^^^
  File "/opt/ros/jazzy/lib/python3.12/site-packages/rclpy/executors.py", line 877, in wait_for_ready_callbacks
    return next(self._cb_iter)
           ^^^^^^^^^^^^^^^^^^^
  File "/opt/ros/jazzy/lib/python3.12/site-packages/rclpy/executors.py", line 785, in _wait_for_ready_callbacks
    raise ExternalShutdownException()
rclpy.executors.ExternalShutdownException
