[INFO] [launch]: All log files can be found below /root/.ros/log/2026-08-04-19-04-16-979487-d137359281ae-5896
[INFO] [launch]: Default logging verbosity is set to INFO
[INFO] [async_slam_toolbox_node-1]: process started with pid [5913]
[async_slam_toolbox_node-1] [INFO] [1785870257.196083727] [slam_toolbox]: Node using stack size 40000000
[async_slam_toolbox_node-1] [INFO] [1785870257.385102049] [slam_toolbox]: Configuring
[async_slam_toolbox_node-1] [INFO] [1785870257.390865186] [slam_toolbox]: Using solver plugin solver_plugins::CeresSolver
[async_slam_toolbox_node-1] [INFO] [1785870257.391027287] [slam_toolbox]: CeresSolver: Using SCHUR_JACOBI preconditioner.
[INFO] [launch.user]: [LifecycleLaunch] Slamtoolbox node is activating.
[async_slam_toolbox_node-1] [INFO] [1785870257.409180905] [slam_toolbox]: Activating
[async_slam_toolbox_node-1] [INFO] [1785870257.679741854] [slam_toolbox]: Message Filter dropping message: frame 'base_link' at time 1785870257.378 for reason 'discarding message because the queue is full'
[async_slam_toolbox_node-1] [WARN] [1785870257.680019556] [slam_toolbox]: Failed to compute odom pose
[async_slam_toolbox_node-1] [WARN] [1785870257.879791148] [slam_toolbox]: Failed to compute odom pose
[async_slam_toolbox_node-1] [WARN] [1785870258.079573940] [slam_toolbox]: Failed to compute odom pose
[async_slam_toolbox_node-1] [WARN] [1785870258.279247331] [slam_toolbox]: Failed to compute odom pose
[async_slam_toolbox_node-1] [WARN] [1785870258.479969929] [slam_toolbox]: Failed to compute odom pose
[async_slam_toolbox_node-1] [WARN] [1785870258.679283018] [slam_toolbox]: Failed to compute odom pose
[async_slam_toolbox_node-1] [WARN] [1785870258.879261011] [slam_toolbox]: Failed to compute odom pose
[async_slam_toolbox_node-1] [WARN] [1785870259.079529605] [slam_toolbox]: Failed to compute odom pose
[async_slam_toolbox_node-1] [WARN] [1785870259.279554599] [slam_toolbox]: Failed to compute odom pose
[async_slam_toolbox_node-1] [WARN] [1785870259.480094495] [slam_toolbox]: Failed to compute odom pose
[async_slam_toolbox_node-1] [WARN] [1785870259.680729592] [slam_toolbox]: Failed to compute odom pose
[async_slam_toolbox_node-1] [WARN] [1785870259.879895179] [slam_toolbox]: Failed to compute odom pose
[async_slam_toolbox_node-1] [WARN] [1785870260.079982473] [slam_toolbox]: Failed to compute odom pose
[async_slam_toolbox_node-1] [WARN] [1785870260.279921665] [slam_toolbox]: Failed to compute odom pose
[async_slam_toolbox_node-1] [WARN] [1785870260.480158059] [slam_toolbox]: Failed to compute odom pose
[async_slam_toolbox_node-1] [WARN] [1785870260.679756349] [slam_toolbox]: Failed to compute odom pose
[async_slam_toolbox_node-1] [WARN] [1785870260.879504740] [slam_toolbox]: Failed to compute odom pose
[async_slam_toolbox_node-1] [WARN] [1785870261.079272531] [slam_toolbox]: Failed to compute odom pose
[async_slam_toolbox_node-1] [WARN] [1785870261.279295523] [slam_toolbox]: Failed to compute odom pose
[async_slam_toolbox_node-1] [WARN] [1785870261.480089421] [slam_toolbox]: Failed to compute odom pose
[async_slam_toolbox_node-1] [WARN] [1785870261.683153233] [slam_toolbox]: Failed to compute odom pose
[async_slam_toolbox_node-1] [WARN] [1785870261.881675516] [slam_toolbox]: Failed to compute odom pose
[async_slam_toolbox_node-1] [WARN] [1785870262.080579601] [slam_toolbox]: Failed to compute odom pose
[async_slam_toolbox_node-1] [WARN] [1785870262.281337898] [slam_toolbox]: Failed to compute odom pose
[async_slam_toolbox_node-1] [WARN] [1785870262.480846187] [slam_toolbox]: Failed to compute odom pose
[async_slam_toolbox_node-1] [WARN] [1785870262.680408376] [slam_toolbox]: Failed to compute odom pose
[async_slam_toolbox_node-1] [WARN] [1785870262.879766164] [slam_toolbox]: Failed to compute odom pose
[async_slam_toolbox_node-1] [WARN] [1785870263.079861657] [slam_toolbox]: Failed to compute odom pose
[async_slam_toolbox_node-1] [WARN] [1785870263.279830848] [slam_toolbox]: Failed to compute odom pose
[async_slam_toolbox_node-1] [WARN] [1785870263.479072435] [slam_toolbox]: Failed to compute odom pose
[async_slam_toolbox_node-1] [WARN] [1785870263.679093227] [slam_toolbox]: Failed to compute odom pose
[async_slam_toolbox_node-1] [WARN] [1785870263.879079719] [slam_toolbox]: Failed to compute odom pose
[async_slam_toolbox_node-1] [WARN] [1785870264.079369312] [slam_toolbox]: Failed to compute odom pose
[async_slam_toolbox_node-1] [WARN] [1785870264.279777706] [slam_toolbox]: Failed to compute odom pose
[async_slam_toolbox_node-1] [WARN] [1785870264.479935299] [slam_toolbox]: Failed to compute odom pose
[async_slam_toolbox_node-1] [WARN] [1785870264.679649389] [slam_toolbox]: Failed to compute odom pose
[async_slam_toolbox_node-1] [WARN] [1785870264.879643480] [slam_toolbox]: Failed to compute odom pose
[async_slam_toolbox_node-1] [WARN] [1785870265.079661072] [slam_toolbox]: Failed to compute odom pose
[async_slam_toolbox_node-1] [WARN] [1785870265.279675563] [slam_toolbox]: Failed to compute odom pose
[async_slam_toolbox_node-1] [WARN] [1785870265.479553054] [slam_toolbox]: Failed to compute odom pose
[async_slam_toolbox_node-1] [WARN] [1785870265.679845447] [slam_toolbox]: Failed to compute odom pose
[async_slam_toolbox_node-1] [WARN] [1785870265.879769137] [slam_toolbox]: Failed to compute odom pose
[async_slam_toolbox_node-1] [WARN] [1785870266.079286126] [slam_toolbox]: Failed to compute odom pose
[async_slam_toolbox_node-1] [WARN] [1785870266.279091915] [slam_toolbox]: Failed to compute odom pose
[async_slam_toolbox_node-1] [WARN] [1785870266.479172307] [slam_toolbox]: Failed to compute odom pose
[async_slam_toolbox_node-1] [WARN] [1785870266.679025497] [slam_toolbox]: Failed to compute odom pose
[async_slam_toolbox_node-1] [WARN] [1785870266.879102288] [slam_toolbox]: Failed to compute odom pose
[async_slam_toolbox_node-1] [WARN] [1785870267.079466782] [slam_toolbox]: Failed to compute odom pose
[async_slam_toolbox_node-1] [WARN] [1785870267.279992776] [slam_toolbox]: Failed to compute odom pose
[async_slam_toolbox_node-1] [WARN] [1785870267.479944166] [slam_toolbox]: Failed to compute odom pose
[async_slam_toolbox_node-1] [WARN] [1785870267.679745155] [slam_toolbox]: Failed to compute odom pose
[async_slam_toolbox_node-1] [WARN] [1785870267.879566845] [slam_toolbox]: Failed to compute odom pose
[async_slam_toolbox_node-1] [WARN] [1785870268.079231934] [slam_toolbox]: Failed to compute odom pose
[async_slam_toolbox_node-1] [WARN] [1785870268.280438432] [slam_toolbox]: Failed to compute odom pose
[async_slam_toolbox_node-1] [WARN] [1785870268.481423129] [slam_toolbox]: Failed to compute odom pose
[async_slam_toolbox_node-1] [WARN] [1785870268.680797315] [slam_toolbox]: Failed to compute odom pose
[async_slam_toolbox_node-1] [WARN] [1785870268.879596998] [slam_toolbox]: Failed to compute odom pose
[async_slam_toolbox_node-1] [WARN] [1785870269.079710089] [slam_toolbox]: Failed to compute odom pose
[async_slam_toolbox_node-1] [WARN] [1785870269.279774679] [slam_toolbox]: Failed to compute odom pose
[async_slam_toolbox_node-1] [WARN] [1785870269.479304867] [slam_toolbox]: Failed to compute odom pose
[async_slam_toolbox_node-1] [WARN] [1785870269.679746360] [slam_toolbox]: Failed to compute odom pose
[async_slam_toolbox_node-1] [WARN] [1785870269.879740850] [slam_toolbox]: Failed to compute odom pose
[async_slam_toolbox_node-1] [WARN] [1785870270.080727146] [slam_toolbox]: Failed to compute odom pose
[async_slam_toolbox_node-1] [WARN] [1785870270.279859230] [slam_toolbox]: Failed to compute odom pose
[async_slam_toolbox_node-1] [WARN] [1785870270.479395117] [slam_toolbox]: Failed to compute odom pose
[async_slam_toolbox_node-1] [WARN] [1785870270.679661309] [slam_toolbox]: Failed to compute odom pose
[async_slam_toolbox_node-1] [WARN] [1785870270.879750900] [slam_toolbox]: Failed to compute odom pose
[async_slam_toolbox_node-1] [WARN] [1785870271.079858590] [slam_toolbox]: Failed to compute odom pose
[async_slam_toolbox_node-1] [WARN] [1785870271.280547884] [slam_toolbox]: Failed to compute odom pose
[async_slam_toolbox_node-1] [WARN] [1785870271.479275666] [slam_toolbox]: Failed to compute odom pose
[async_slam_toolbox_node-1] [WARN] [1785870271.679240155] [slam_toolbox]: Failed to compute odom pose
[async_slam_toolbox_node-1] [WARN] [1785870271.879781848] [slam_toolbox]: Failed to compute odom pose
[async_slam_toolbox_node-1] [WARN] [1785870272.079274935] [slam_toolbox]: Failed to compute odom pose
[async_slam_toolbox_node-1] [WARN] [1785870272.279190623] [slam_toolbox]: Failed to compute odom pose
[async_slam_toolbox_node-1] [WARN] [1785870272.479788417] [slam_toolbox]: Failed to compute odom pose
[async_slam_toolbox_node-1] [WARN] [1785870272.679749306] [slam_toolbox]: Failed to compute odom pose
[async_slam_toolbox_node-1] [WARN] [1785870272.879556994] [slam_toolbox]: Failed to compute odom pose
[async_slam_toolbox_node-1] [WARN] [1785870273.079355482] [slam_toolbox]: Failed to compute odom pose
[async_slam_toolbox_node-1] [WARN] [1785870273.279692573] [slam_toolbox]: Failed to compute odom pose
[async_slam_toolbox_node-1] [WARN] [1785870273.480287966] [slam_toolbox]: Failed to compute odom pose
[async_slam_toolbox_node-1] [WARN] [1785870273.679883153] [slam_toolbox]: Failed to compute odom pose
[async_slam_toolbox_node-1] [WARN] [1785870273.880621647] [slam_toolbox]: Failed to compute odom pose
[async_slam_toolbox_node-1] [WARN] [1785870274.079785030] [slam_toolbox]: Failed to compute odom pose
[async_slam_toolbox_node-1] [WARN] [1785870274.279466217] [slam_toolbox]: Failed to compute odom pose
[async_slam_toolbox_node-1] [WARN] [1785870274.480818815] [slam_toolbox]: Failed to compute odom pose
[async_slam_toolbox_node-1] [WARN] [1785870274.680221700] [slam_toolbox]: Failed to compute odom pose
[async_slam_toolbox_node-1] [WARN] [1785870274.879511484] [slam_toolbox]: Failed to compute odom pose
[async_slam_toolbox_node-1] [WARN] [1785870275.081420685] [slam_toolbox]: Failed to compute odom pose
[async_slam_toolbox_node-1] [WARN] [1785870275.280661669] [slam_toolbox]: Failed to compute odom pose
[async_slam_toolbox_node-1] [WARN] [1785870275.481221761] [slam_toolbox]: Failed to compute odom pose
[async_slam_toolbox_node-1] [WARN] [1785870275.682082555] [slam_toolbox]: Failed to compute odom pose
[async_slam_toolbox_node-1] [WARN] [1785870275.879924330] [slam_toolbox]: Failed to compute odom pose
[async_slam_toolbox_node-1] [WARN] [1785870276.079688517] [slam_toolbox]: Failed to compute odom pose
[async_slam_toolbox_node-1] [WARN] [1785870276.280062307] [slam_toolbox]: Failed to compute odom pose
[async_slam_toolbox_node-1] [WARN] [1785870276.479963795] [slam_toolbox]: Failed to compute odom pose
[async_slam_toolbox_node-1] [WARN] [1785870276.679883883] [slam_toolbox]: Failed to compute odom pose
[async_slam_toolbox_node-1] [WARN] [1785870276.879706270] [slam_toolbox]: Failed to compute odom pose
[async_slam_toolbox_node-1] [WARN] [1785870277.079724059] [slam_toolbox]: Failed to compute odom pose
[async_slam_toolbox_node-1] [WARN] [1785870277.279797547] [slam_toolbox]: Failed to compute odom pose
[async_slam_toolbox_node-1] [WARN] [1785870277.479369232] [slam_toolbox]: Failed to compute odom pose
[async_slam_toolbox_node-1] [WARN] [1785870277.679488921] [slam_toolbox]: Failed to compute odom pose
[async_slam_toolbox_node-1] [WARN] [1785870277.879081407] [slam_toolbox]: Failed to compute odom pose
[async_slam_toolbox_node-1] [WARN] [1785870278.079726299] [slam_toolbox]: Failed to compute odom pose
[async_slam_toolbox_node-1] [WARN] [1785870278.279233683] [slam_toolbox]: Failed to compute odom pose
[async_slam_toolbox_node-1] [WARN] [1785870278.479907876] [slam_toolbox]: Failed to compute odom pose
[async_slam_toolbox_node-1] [WARN] [1785870278.679722862] [slam_toolbox]: Failed to compute odom pose
[async_slam_toolbox_node-1] [WARN] [1785870278.879772950] [slam_toolbox]: Failed to compute odom pose
[async_slam_toolbox_node-1] [WARN] [1785870279.081109247] [slam_toolbox]: Failed to compute odom pose
[async_slam_toolbox_node-1] [WARN] [1785870279.279831126] [slam_toolbox]: Failed to compute odom pose
[async_slam_toolbox_node-1] [WARN] [1785870279.479328110] [slam_toolbox]: Failed to compute odom pose
[async_slam_toolbox_node-1] [WARN] [1785870279.679261797] [slam_toolbox]: Failed to compute odom pose
[async_slam_toolbox_node-1] [WARN] [1785870279.879247985] [slam_toolbox]: Failed to compute odom pose
[async_slam_toolbox_node-1] [WARN] [1785870280.079038271] [slam_toolbox]: Failed to compute odom pose
[async_slam_toolbox_node-1] [WARN] [1785870280.279159759] [slam_toolbox]: Failed to compute odom pose
[async_slam_toolbox_node-1] [WARN] [1785870280.480061452] [slam_toolbox]: Failed to compute odom pose
[async_slam_toolbox_node-1] [WARN] [1785870280.680757744] [slam_toolbox]: Failed to compute odom pose
[async_slam_toolbox_node-1] [WARN] [1785870280.879678524] [slam_toolbox]: Failed to compute odom pose
[async_slam_toolbox_node-1] [WARN] [1785870281.081606224] [slam_toolbox]: Failed to compute odom pose
[async_slam_toolbox_node-1] [WARN] [1785870281.279432097] [slam_toolbox]: Failed to compute odom pose
[async_slam_toolbox_node-1] [WARN] [1785870281.480541191] [slam_toolbox]: Failed to compute odom pose
[async_slam_toolbox_node-1] [WARN] [1785870281.681067382] [slam_toolbox]: Failed to compute odom pose
[async_slam_toolbox_node-1] [WARN] [1785870281.881509471] [slam_toolbox]: Failed to compute odom pose
[async_slam_toolbox_node-1] [WARN] [1785870282.081856761] [slam_toolbox]: Failed to compute odom pose
[async_slam_toolbox_node-1] [WARN] [1785870282.279638633] [slam_toolbox]: Failed to compute odom pose
[async_slam_toolbox_node-1] [WARN] [1785870282.479342718] [slam_toolbox]: Failed to compute odom pose
[async_slam_toolbox_node-1] [WARN] [1785870282.680140010] [slam_toolbox]: Failed to compute odom pose
[async_slam_toolbox_node-1] [WARN] [1785870282.879962896] [slam_toolbox]: Failed to compute odom pose
[async_slam_toolbox_node-1] [WARN] [1785870283.079802881] [slam_toolbox]: Failed to compute odom pose
[async_slam_toolbox_node-1] [WARN] [1785870283.279973369] [slam_toolbox]: Failed to compute odom pose
[async_slam_toolbox_node-1] [WARN] [1785870283.480055656] [slam_toolbox]: Failed to compute odom pose
[async_slam_toolbox_node-1] [WARN] [1785870283.679478339] [slam_toolbox]: Failed to compute odom pose
[async_slam_toolbox_node-1] [WARN] [1785870283.879355524] [slam_toolbox]: Failed to compute odom pose
[async_slam_toolbox_node-1] [WARN] [1785870284.079892314] [slam_toolbox]: Failed to compute odom pose
[async_slam_toolbox_node-1] [WARN] [1785870284.280813306] [slam_toolbox]: Failed to compute odom pose
[async_slam_toolbox_node-1] [WARN] [1785870284.480753292] [slam_toolbox]: Failed to compute odom pose
[async_slam_toolbox_node-1] [WARN] [1785870284.679977973] [slam_toolbox]: Failed to compute odom pose
[async_slam_toolbox_node-1] [WARN] [1785870284.879287055] [slam_toolbox]: Failed to compute odom pose
[async_slam_toolbox_node-1] [WARN] [1785870285.079230841] [slam_toolbox]: Failed to compute odom pose
[async_slam_toolbox_node-1] [WARN] [1785870285.279758730] [slam_toolbox]: Failed to compute odom pose
[async_slam_toolbox_node-1] [WARN] [1785870285.479205313] [slam_toolbox]: Failed to compute odom pose
[async_slam_toolbox_node-1] [WARN] [1785870285.679167499] [slam_toolbox]: Failed to compute odom pose
[async_slam_toolbox_node-1] [WARN] [1785870285.879792589] [slam_toolbox]: Failed to compute odom pose
[async_slam_toolbox_node-1] [WARN] [1785870286.079991976] [slam_toolbox]: Failed to compute odom pose
[async_slam_toolbox_node-1] [WARN] [1785870286.279830061] [slam_toolbox]: Failed to compute odom pose
[async_slam_toolbox_node-1] [WARN] [1785870286.479268343] [slam_toolbox]: Failed to compute odom pose
[async_slam_toolbox_node-1] [WARN] [1785870286.679848732] [slam_toolbox]: Failed to compute odom pose
[async_slam_toolbox_node-1] [WARN] [1785870286.879921318] [slam_toolbox]: Failed to compute odom pose
[async_slam_toolbox_node-1] [WARN] [1785870287.079863804] [slam_toolbox]: Failed to compute odom pose
[async_slam_toolbox_node-1] [WARN] [1785870287.281018897] [slam_toolbox]: Failed to compute odom pose
[async_slam_toolbox_node-1] [WARN] [1785870287.481709286] [slam_toolbox]: Failed to compute odom pose
[async_slam_toolbox_node-1] [WARN] [1785870287.679232456] [slam_toolbox]: Failed to compute odom pose
[async_slam_toolbox_node-1] [WARN] [1785870287.879984946] [slam_toolbox]: Failed to compute odom pose
[async_slam_toolbox_node-1] [WARN] [1785870288.080547135] [slam_toolbox]: Failed to compute odom pose
[async_slam_toolbox_node-1] [WARN] [1785870288.279834516] [slam_toolbox]: Failed to compute odom pose
[async_slam_toolbox_node-1] [WARN] [1785870288.479643300] [slam_toolbox]: Failed to compute odom pose
[async_slam_toolbox_node-1] [WARN] [1785870288.679640885] [slam_toolbox]: Failed to compute odom pose
[async_slam_toolbox_node-1] [WARN] [1785870288.879771971] [slam_toolbox]: Failed to compute odom pose
[async_slam_toolbox_node-1] [WARN] [1785870289.079627355] [slam_toolbox]: Failed to compute odom pose
[async_slam_toolbox_node-1] [WARN] [1785870289.279945842] [slam_toolbox]: Failed to compute odom pose
[async_slam_toolbox_node-1] [WARN] [1785870289.481452537] [slam_toolbox]: Failed to compute odom pose
[async_slam_toolbox_node-1] [WARN] [1785870289.681084920] [slam_toolbox]: Failed to compute odom pose
[async_slam_toolbox_node-1] [WARN] [1785870289.879781196] [slam_toolbox]: Failed to compute odom pose
[async_slam_toolbox_node-1] [WARN] [1785870290.079573580] [slam_toolbox]: Failed to compute odom pose
[async_slam_toolbox_node-1] [WARN] [1785870290.279096661] [slam_toolbox]: Failed to compute odom pose
[async_slam_toolbox_node-1] [WARN] [1785870290.479171047] [slam_toolbox]: Failed to compute odom pose
[async_slam_toolbox_node-1] [WARN] [1785870290.679486833] [slam_toolbox]: Failed to compute odom pose
[async_slam_toolbox_node-1] [WARN] [1785870290.879386417] [slam_toolbox]: Failed to compute odom pose
[async_slam_toolbox_node-1] [WARN] [1785870291.079865205] [slam_toolbox]: Failed to compute odom pose
[async_slam_toolbox_node-1] [WARN] [1785870291.279456787] [slam_toolbox]: Failed to compute odom pose
[async_slam_toolbox_node-1] [WARN] [1785870291.479790474] [slam_toolbox]: Failed to compute odom pose
[async_slam_toolbox_node-1] [WARN] [1785870291.679877359] [slam_toolbox]: Failed to compute odom pose
[async_slam_toolbox_node-1] [WARN] [1785870291.880372546] [slam_toolbox]: Failed to compute odom pose
[async_slam_toolbox_node-1] [WARN] [1785870292.080327330] [slam_toolbox]: Failed to compute odom pose
[async_slam_toolbox_node-1] [WARN] [1785870292.279147707] [slam_toolbox]: Failed to compute odom pose
[async_slam_toolbox_node-1] [WARN] [1785870292.479741195] [slam_toolbox]: Failed to compute odom pose
[async_slam_toolbox_node-1] [WARN] [1785870292.679871280] [slam_toolbox]: Failed to compute odom pose
[async_slam_toolbox_node-1] [WARN] [1785870292.879471062] [slam_toolbox]: Failed to compute odom pose
[async_slam_toolbox_node-1] [WARN] [1785870293.079163444] [slam_toolbox]: Failed to compute odom pose
[async_slam_toolbox_node-1] [WARN] [1785870293.279064527] [slam_toolbox]: Failed to compute odom pose
[async_slam_toolbox_node-1] [WARN] [1785870293.479088011] [slam_toolbox]: Failed to compute odom pose
[async_slam_toolbox_node-1] [WARN] [1785870293.680497004] [slam_toolbox]: Failed to compute odom pose
[async_slam_toolbox_node-1] [WARN] [1785870293.879301880] [slam_toolbox]: Failed to compute odom pose
[async_slam_toolbox_node-1] [WARN] [1785870294.080488372] [slam_toolbox]: Failed to compute odom pose
[async_slam_toolbox_node-1] [WARN] [1785870294.280468755] [slam_toolbox]: Failed to compute odom pose
[async_slam_toolbox_node-1] [WARN] [1785870294.481466346] [slam_toolbox]: Failed to compute odom pose
[async_slam_toolbox_node-1] [WARN] [1785870294.680588924] [slam_toolbox]: Failed to compute odom pose
[async_slam_toolbox_node-1] [WARN] [1785870294.879632701] [slam_toolbox]: Failed to compute odom pose
[async_slam_toolbox_node-1] [WARN] [1785870295.079572584] [slam_toolbox]: Failed to compute odom pose
[async_slam_toolbox_node-1] [WARN] [1785870295.281260979] [slam_toolbox]: Failed to compute odom pose
[async_slam_toolbox_node-1] [WARN] [1785870295.481974167] [slam_toolbox]: Failed to compute odom pose
[async_slam_toolbox_node-1] [WARN] [1785870295.680936143] [slam_toolbox]: Failed to compute odom pose
[async_slam_toolbox_node-1] [WARN] [1785870295.880438824] [slam_toolbox]: Failed to compute odom pose
[async_slam_toolbox_node-1] [WARN] [1785870296.080604008] [slam_toolbox]: Failed to compute odom pose
[async_slam_toolbox_node-1] [WARN] [1785870296.281916500] [slam_toolbox]: Failed to compute odom pose
[async_slam_toolbox_node-1] [WARN] [1785870296.479200165] [slam_toolbox]: Failed to compute odom pose
[async_slam_toolbox_node-1] [WARN] [1785870296.679115348] [slam_toolbox]: Failed to compute odom pose
[async_slam_toolbox_node-1] [WARN] [1785870296.879767935] [slam_toolbox]: Failed to compute odom pose
[async_slam_toolbox_node-1] [WARN] [1785870297.079875919] [slam_toolbox]: Failed to compute odom pose
[async_slam_toolbox_node-1] [WARN] [1785870297.279820202] [slam_toolbox]: Failed to compute odom pose
[async_slam_toolbox_node-1] [WARN] [1785870297.480022886] [slam_toolbox]: Failed to compute odom pose
[async_slam_toolbox_node-1] [WARN] [1785870297.679234964] [slam_toolbox]: Failed to compute odom pose
[async_slam_toolbox_node-1] [WARN] [1785870297.880171353] [slam_toolbox]: Failed to compute odom pose
[async_slam_toolbox_node-1] [WARN] [1785870298.079942134] [slam_toolbox]: Failed to compute odom pose
[async_slam_toolbox_node-1] [WARN] [1785870298.279756416] [slam_toolbox]: Failed to compute odom pose
[async_slam_toolbox_node-1] [WARN] [1785870298.479999000] [slam_toolbox]: Failed to compute odom pose
[async_slam_toolbox_node-1] [WARN] [1785870298.679234478] [slam_toolbox]: Failed to compute odom pose
[async_slam_toolbox_node-1] [WARN] [1785870298.879452962] [slam_toolbox]: Failed to compute odom pose
[async_slam_toolbox_node-1] [WARN] [1785870299.079026942] [slam_toolbox]: Failed to compute odom pose
[async_slam_toolbox_node-1] [WARN] [1785870299.279333726] [slam_toolbox]: Failed to compute odom pose
[async_slam_toolbox_node-1] [WARN] [1785870299.479703311] [slam_toolbox]: Failed to compute odom pose
[async_slam_toolbox_node-1] [WARN] [1785870299.679321991] [slam_toolbox]: Failed to compute odom pose
[async_slam_toolbox_node-1] [WARN] [1785870299.881183985] [slam_toolbox]: Failed to compute odom pose
[async_slam_toolbox_node-1] [WARN] [1785870300.081197468] [slam_toolbox]: Failed to compute odom pose
[async_slam_toolbox_node-1] [WARN] [1785870300.279766541] [slam_toolbox]: Failed to compute odom pose
[async_slam_toolbox_node-1] [WARN] [1785870300.480017025] [slam_toolbox]: Failed to compute odom pose
[async_slam_toolbox_node-1] [WARN] [1785870300.681687817] [slam_toolbox]: Failed to compute odom pose
