wrote /wt/contributions/compute-benchmark/OsakaTX/scripts/../results/combo2/combo2_nav2_map.pgm/.yaml (200x200, 912 occupied cells @ 0.05 m)
=== [2026-09-21T08:41:13Z] arm=async regime=churn every=22.0 -> /wt/contributions/compute-benchmark/OsakaTX/scripts/../results/combo2/regA2_20260921T084113Z.csv
=== goal seq pid 343517 (regime churn, slice/pause 22.0/2.0 s) ===
=== node list ===
/behavior_server
/bt_navigator
/bt_navigator_navigate_through_poses_rclcpp_node
/bt_navigator_navigate_to_pose_rclcpp_node
/collision_monitor
/controller_server
/docking_server
/global_costmap/global_costmap
/launch_ros_343405
/launch_ros_343406
/lifecycle_manager_navigation
/local_costmap/local_costmap
/nav2_container
/planner_server
/route_server
/slam_toolbox
/smoother_server
/synthetic_scan_publisher
/transform_listener_impl_5e1a0ab35840
/transform_listener_impl_740930002080
/transform_listener_impl_7409380020e0
/velocity_smoother
/waypoint_follower
=== tf map->odom (slam must own it) ===
At time 1789980117.289942090
- Translation: [-0.003, 0.004, 0.000]
- Rotation: in Quaternion (xyzw) [0.000, 0.000, -0.002, 1.000]
- Rotation: in RPY (radian) [0.000, 0.000, -0.003]
=== stopping stack ===
=== CSV: /wt/contributions/compute-benchmark/OsakaTX/scripts/../results/combo2/regA2_20260921T084113Z.csv ===
=== terminal goal cycles (F) ===
15
=== settle / watchdog / slice events ===
[INFO] [1789980138.061009117] [nav_goal_seq]: cycle 1 SLICE elapsed -> canceling
[INFO] [1789980162.105031465] [nav_goal_seq]: cycle 2 SLICE elapsed -> canceling
[INFO] [1789980186.144805843] [nav_goal_seq]: cycle 3 SLICE elapsed -> canceling
[INFO] [1789980210.176484913] [nav_goal_seq]: cycle 4 SLICE elapsed -> canceling
[INFO] [1789980234.216551589] [nav_goal_seq]: cycle 5 SLICE elapsed -> canceling
[INFO] [1789980258.237304941] [nav_goal_seq]: cycle 6 SLICE elapsed -> canceling
[INFO] [1789980282.258686226] [nav_goal_seq]: cycle 7 SLICE elapsed -> canceling
[INFO] [1789980306.305661859] [nav_goal_seq]: cycle 8 SLICE elapsed -> canceling
=== slam health ===
odom-pose failures: 0
=== nav2 health ===
state-change failures: 0
costmap resizes: 20
=== done 2026-09-21T08:48:21Z ===
