[INFO] [1789980116.048174776] [nav_goal_seq]: cycle 1 sending goal x=4.000 y=4.000 yaw=0.000
[INFO] [1789980116.050273871] [nav_goal_seq]: cycle 1 goal ACCEPTED: True
[INFO] [1789980138.061009117] [nav_goal_seq]: cycle 1 SLICE elapsed -> canceling
[INFO] [1789980138.091429623] [nav_goal_seq]: cycle 1 goal FINAL status=5 CANCELED (next in 2.0s)
[INFO] [1789980140.098053583] [nav_goal_seq]: cycle 2 sending goal x=4.000 y=4.000 yaw=0.000
[INFO] [1789980140.102458943] [nav_goal_seq]: cycle 2 goal ACCEPTED: True
[INFO] [1789980162.105031465] [nav_goal_seq]: cycle 2 SLICE elapsed -> canceling
[INFO] [1789980162.135639728] [nav_goal_seq]: cycle 2 goal FINAL status=5 CANCELED (next in 2.0s)
[INFO] [1789980164.142373516] [nav_goal_seq]: cycle 3 sending goal x=4.000 y=4.000 yaw=0.000
[INFO] [1789980164.143949971] [nav_goal_seq]: cycle 3 goal ACCEPTED: True
[INFO] [1789980186.144805843] [nav_goal_seq]: cycle 3 SLICE elapsed -> canceling
[INFO] [1789980186.165521830] [nav_goal_seq]: cycle 3 goal FINAL status=5 CANCELED (next in 2.0s)
[INFO] [1789980188.171318463] [nav_goal_seq]: cycle 4 sending goal x=4.000 y=4.000 yaw=0.000
[INFO] [1789980188.172923616] [nav_goal_seq]: cycle 4 goal ACCEPTED: True
[INFO] [1789980210.176484913] [nav_goal_seq]: cycle 4 SLICE elapsed -> canceling
[INFO] [1789980210.198283403] [nav_goal_seq]: cycle 4 goal FINAL status=5 CANCELED (next in 2.0s)
[INFO] [1789980212.204496169] [nav_goal_seq]: cycle 5 sending goal x=4.000 y=4.000 yaw=0.000
[INFO] [1789980212.205949215] [nav_goal_seq]: cycle 5 goal ACCEPTED: True
[INFO] [1789980234.216551589] [nav_goal_seq]: cycle 5 SLICE elapsed -> canceling
[INFO] [1789980234.228427448] [nav_goal_seq]: cycle 5 goal FINAL status=5 CANCELED (next in 2.0s)
[INFO] [1789980236.234890478] [nav_goal_seq]: cycle 6 sending goal x=4.000 y=4.000 yaw=0.000
[INFO] [1789980236.236433624] [nav_goal_seq]: cycle 6 goal ACCEPTED: True
[INFO] [1789980258.237304941] [nav_goal_seq]: cycle 6 SLICE elapsed -> canceling
[INFO] [1789980258.248393561] [nav_goal_seq]: cycle 6 goal FINAL status=5 CANCELED (next in 2.0s)
[INFO] [1789980260.254263662] [nav_goal_seq]: cycle 7 sending goal x=4.000 y=4.000 yaw=0.000
[INFO] [1789980260.255812406] [nav_goal_seq]: cycle 7 goal ACCEPTED: True
[INFO] [1789980282.258686226] [nav_goal_seq]: cycle 7 SLICE elapsed -> canceling
[INFO] [1789980282.289189168] [nav_goal_seq]: cycle 7 goal FINAL status=5 CANCELED (next in 2.0s)
[INFO] [1789980284.298364270] [nav_goal_seq]: cycle 8 sending goal x=4.000 y=4.000 yaw=0.000
[INFO] [1789980284.300057517] [nav_goal_seq]: cycle 8 goal ACCEPTED: True
[INFO] [1789980306.305661859] [nav_goal_seq]: cycle 8 SLICE elapsed -> canceling
[INFO] [1789980306.323586632] [nav_goal_seq]: cycle 8 goal FINAL status=5 CANCELED (next in 2.0s)
[INFO] [1789980308.330807709] [nav_goal_seq]: cycle 9 sending goal x=4.000 y=4.000 yaw=0.000
[INFO] [1789980308.332389050] [nav_goal_seq]: cycle 9 goal ACCEPTED: True
[INFO] [1789980330.333138004] [nav_goal_seq]: cycle 9 SLICE elapsed -> canceling
[INFO] [1789980330.354581144] [nav_goal_seq]: cycle 9 goal FINAL status=5 CANCELED (next in 2.0s)
[INFO] [1789980332.361303551] [nav_goal_seq]: cycle 10 sending goal x=4.000 y=4.000 yaw=0.000
[INFO] [1789980332.362965693] [nav_goal_seq]: cycle 10 goal ACCEPTED: True
[INFO] [1789980354.363637600] [nav_goal_seq]: cycle 10 SLICE elapsed -> canceling
[INFO] [1789980354.384970114] [nav_goal_seq]: cycle 10 goal FINAL status=5 CANCELED (next in 2.0s)
[INFO] [1789980356.390590345] [nav_goal_seq]: cycle 11 sending goal x=4.000 y=4.000 yaw=0.000
[INFO] [1789980356.392358788] [nav_goal_seq]: cycle 11 goal ACCEPTED: True
[INFO] [1789980378.403192645] [nav_goal_seq]: cycle 11 SLICE elapsed -> canceling
[INFO] [1789980378.433135934] [nav_goal_seq]: cycle 11 goal FINAL status=5 CANCELED (next in 2.0s)
[INFO] [1789980380.439933646] [nav_goal_seq]: cycle 12 sending goal x=4.000 y=4.000 yaw=0.000
[INFO] [1789980380.441334378] [nav_goal_seq]: cycle 12 goal ACCEPTED: True
[INFO] [1789980402.442822722] [nav_goal_seq]: cycle 12 SLICE elapsed -> canceling
[INFO] [1789980402.463516677] [nav_goal_seq]: cycle 12 goal FINAL status=5 CANCELED (next in 2.0s)
[INFO] [1789980404.470555947] [nav_goal_seq]: cycle 13 sending goal x=4.000 y=4.000 yaw=0.000
[INFO] [1789980404.471805775] [nav_goal_seq]: cycle 13 goal ACCEPTED: True
[INFO] [1789980426.472699280] [nav_goal_seq]: cycle 13 SLICE elapsed -> canceling
[INFO] [1789980426.493932127] [nav_goal_seq]: cycle 13 goal FINAL status=5 CANCELED (next in 2.0s)
[INFO] [1789980428.501024545] [nav_goal_seq]: cycle 14 sending goal x=4.000 y=4.000 yaw=0.000
[INFO] [1789980428.502628578] [nav_goal_seq]: cycle 14 goal ACCEPTED: True
[INFO] [1789980450.505341801] [nav_goal_seq]: cycle 14 SLICE elapsed -> canceling
[INFO] [1789980450.536245622] [nav_goal_seq]: cycle 14 goal FINAL status=5 CANCELED (next in 2.0s)
[INFO] [1789980452.542798365] [nav_goal_seq]: cycle 15 sending goal x=4.000 y=4.000 yaw=0.000
[INFO] [1789980452.544498699] [nav_goal_seq]: cycle 15 goal ACCEPTED: True
[INFO] [1789980474.546897646] [nav_goal_seq]: cycle 15 SLICE elapsed -> canceling
[INFO] [1789980474.578022944] [nav_goal_seq]: cycle 15 goal FINAL status=5 CANCELED (next in 2.0s)
[INFO] [1789980476.584698710] [nav_goal_seq]: cycle 16 sending goal x=4.000 y=4.000 yaw=0.000
[INFO] [1789980476.586116037] [nav_goal_seq]: cycle 16 goal ACCEPTED: True
Traceback (most recent call last):
  File "/wt/contributions/compute-benchmark/OsakaTX/scripts/nav_goal_seq.py", line 204, in <module>
    main()
  File "/wt/contributions/compute-benchmark/OsakaTX/scripts/nav_goal_seq.py", line 195, in main
    node.spin_once()
  File "/wt/contributions/compute-benchmark/OsakaTX/scripts/nav_goal_seq.py", line 109, in spin_once
    if not self.client.server_is_ready():
           ^^^^^^^^^^^^^^^^^^^^^^^^^^^^^
  File "/opt/ros/jazzy/lib/python3.12/site-packages/rclpy/action/client.py", line 582, in server_is_ready
    return self._client_handle.is_action_server_available()
           ^^^^^^^^^^^^^^^^^^^^^^^^^^^^^^^^^^^^^^^^^^^^^^^^
rclpy._rclpy_pybind11.RCLError: Failed to check if action server is available: rcl node's context is invalid, at ./src/rcl/node.c:404
