wrote /wt/contributions/compute-benchmark/OsakaTX/scripts/../results/combo2/combo2_nav2_map.pgm/.yaml (200x200, 912 occupied cells @ 0.05 m)
=== [2026-09-21T08:13:35Z] arm=lifelong regime=churn every=22.0 -> /wt/contributions/compute-benchmark/OsakaTX/scripts/../results/combo2/regB1_20260921T081335Z.csv
=== goal seq pid 183439 (regime churn, slice/pause 22.0/2.0 s) ===
=== node list ===
/behavior_server
/bt_navigator
/bt_navigator_navigate_through_poses_rclcpp_node
/bt_navigator_navigate_to_pose_rclcpp_node
/collision_monitor
/controller_server
/docking_server
/global_costmap/global_costmap
/launch_ros_183320
/launch_ros_183321
/lifecycle_manager_navigation
/local_costmap/local_costmap
/nav2_container
/planner_server
/route_server
/slam_toolbox
/smoother_server
/synthetic_scan_publisher
/transform_listener_impl_57aece9b9820
/transform_listener_impl_7a3554002080
/transform_listener_impl_7a35680020e0
/velocity_smoother
/waypoint_follower
=== tf map->odom (slam must own it) ===
At time 1789978459.425173004
- Translation: [-0.004, 0.006, 0.000]
- Rotation: in Quaternion (xyzw) [0.000, 0.000, -0.002, 1.000]
- Rotation: in RPY (radian) [0.000, 0.000, -0.005]
=== stopping stack ===
=== CSV: /wt/contributions/compute-benchmark/OsakaTX/scripts/../results/combo2/regB1_20260921T081335Z.csv ===
=== terminal goal cycles (F) ===
16
=== settle / watchdog / slice events ===
[INFO] [1789978480.455008719] [nav_goal_seq]: cycle 1 SLICE elapsed -> canceling
[INFO] [1789978504.486278642] [nav_goal_seq]: cycle 2 SLICE elapsed -> canceling
[INFO] [1789978528.538211858] [nav_goal_seq]: cycle 3 SLICE elapsed -> canceling
[INFO] [1789978552.558348508] [nav_goal_seq]: cycle 4 SLICE elapsed -> canceling
[INFO] [1789978576.578084958] [nav_goal_seq]: cycle 5 SLICE elapsed -> canceling
[INFO] [1789978600.623857401] [nav_goal_seq]: cycle 6 SLICE elapsed -> canceling
[INFO] [1789978624.647010535] [nav_goal_seq]: cycle 7 SLICE elapsed -> canceling
[INFO] [1789978648.686646204] [nav_goal_seq]: cycle 8 SLICE elapsed -> canceling
=== slam health ===
odom-pose failures: 0
=== nav2 health ===
state-change failures: 0
costmap resizes: 32
=== done 2026-09-21T08:20:43Z ===
