wrote /wt/contributions/compute-benchmark/OsakaTX/scripts/../results/combo2/combo2_nav2_map.pgm/.yaml (200x200, 912 occupied cells @ 0.05 m)
=== [2026-09-21T08:31:19Z] arm=lifelong regime=converge every=22.0 -> /wt/contributions/compute-benchmark/OsakaTX/scripts/../results/combo2/regD1_20260921T083119Z.csv
=== goal seq pid 289087 (regime converge, slice/pause 22.0/2.0 s) ===
=== node list ===
/behavior_server
/bt_navigator
/bt_navigator_navigate_through_poses_rclcpp_node
/bt_navigator_navigate_to_pose_rclcpp_node
/collision_monitor
/controller_server
/docking_server
/global_costmap/global_costmap
/launch_ros_288967
/launch_ros_288968
/lifecycle_manager_navigation
/local_costmap/local_costmap
/nav2_container
/planner_server
/route_server
/slam_toolbox
/smoother_server
/synthetic_scan_publisher
/transform_listener_impl_6093210cb810
/transform_listener_impl_797ab0002080
/transform_listener_impl_797ab40020e0
/velocity_smoother
/waypoint_follower
=== tf map->odom (slam must own it) ===
At time 1789979523.286454238
- Translation: [0.004, 0.005, 0.000]
- Rotation: in Quaternion (xyzw) [0.000, 0.000, -0.001, 1.000]
- Rotation: in RPY (radian) [0.000, 0.000, -0.003]
=== stopping stack ===
=== CSV: /wt/contributions/compute-benchmark/OsakaTX/scripts/../results/combo2/regD1_20260921T083119Z.csv ===
=== terminal goal cycles (F) ===
19
=== settle / watchdog / slice events ===
=== slam health ===
odom-pose failures: 0
=== nav2 health ===
state-change failures: 0
costmap resizes: 42
=== done 2026-09-21T08:38:27Z ===
