[INFO] [launch]: All log files can be found below /root/.ros/log/2026-09-21-07-55-05-059731-89594396727c-106631
[INFO] [launch]: Default logging verbosity is set to INFO
[INFO] [component_container_isolated-1]: process started with pid [106683]
[component_container_isolated-1] [INFO] [1789977306.127913539] [nav2_container]: Load Library: /opt/ros/jazzy/lib/libcontroller_server_core.so
[component_container_isolated-1] [INFO] [1789977306.139045038] [nav2_container]: Found class: rclcpp_components::NodeFactoryTemplate<nav2_controller::ControllerServer>
[component_container_isolated-1] [INFO] [1789977306.139113637] [nav2_container]: Instantiate class: rclcpp_components::NodeFactoryTemplate<nav2_controller::ControllerServer>
[component_container_isolated-1] [INFO] [1789977306.150016439] [controller_server]: 
[component_container_isolated-1] 	controller_server lifecycle node launched. 
[component_container_isolated-1] 	Waiting on external lifecycle transitions to activate
[component_container_isolated-1] 	See https://design.ros2.org/articles/node_lifecycle.html for more information.
[component_container_isolated-1] [INFO] [1789977306.153161210] [controller_server]: Creating controller server
[component_container_isolated-1] [INFO] [1789977306.161698132] [local_costmap.local_costmap]: 
[component_container_isolated-1] 	local_costmap lifecycle node launched. 
[component_container_isolated-1] 	Waiting on external lifecycle transitions to activate
[component_container_isolated-1] 	See https://design.ros2.org/articles/node_lifecycle.html for more information.
[component_container_isolated-1] [INFO] [1789977306.162118829] [local_costmap.local_costmap]: Creating Costmap
[INFO] [launch_ros.actions.load_composable_nodes]: Loaded node '/controller_server' in container '/nav2_container'
[component_container_isolated-1] [INFO] [1789977306.165134501] [nav2_container]: Load Library: /opt/ros/jazzy/lib/libsmoother_server_core.so
[component_container_isolated-1] [INFO] [1789977306.167235782] [nav2_container]: Found class: rclcpp_components::NodeFactoryTemplate<nav2_smoother::SmootherServer>
[component_container_isolated-1] [INFO] [1789977306.167262782] [nav2_container]: Instantiate class: rclcpp_components::NodeFactoryTemplate<nav2_smoother::SmootherServer>
[component_container_isolated-1] [INFO] [1789977306.175597806] [smoother_server]: 
[component_container_isolated-1] 	smoother_server lifecycle node launched. 
[component_container_isolated-1] 	Waiting on external lifecycle transitions to activate
[component_container_isolated-1] 	See https://design.ros2.org/articles/node_lifecycle.html for more information.
[component_container_isolated-1] [INFO] [1789977306.176760796] [smoother_server]: Creating smoother server
[INFO] [launch_ros.actions.load_composable_nodes]: Loaded node '/smoother_server' in container '/nav2_container'
[component_container_isolated-1] [INFO] [1789977306.178574479] [nav2_container]: Load Library: /opt/ros/jazzy/lib/libplanner_server_core.so
[component_container_isolated-1] [INFO] [1789977306.179579270] [nav2_container]: Found class: rclcpp_components::NodeFactoryTemplate<nav2_planner::PlannerServer>
[component_container_isolated-1] [INFO] [1789977306.179607670] [nav2_container]: Instantiate class: rclcpp_components::NodeFactoryTemplate<nav2_planner::PlannerServer>
[component_container_isolated-1] [INFO] [1789977306.188978085] [planner_server]: 
[component_container_isolated-1] 	planner_server lifecycle node launched. 
[component_container_isolated-1] 	Waiting on external lifecycle transitions to activate
[component_container_isolated-1] 	See https://design.ros2.org/articles/node_lifecycle.html for more information.
[component_container_isolated-1] [INFO] [1789977306.190164474] [planner_server]: Creating
[component_container_isolated-1] [INFO] [1789977306.200255282] [global_costmap.global_costmap]: 
[component_container_isolated-1] 	global_costmap lifecycle node launched. 
[component_container_isolated-1] 	Waiting on external lifecycle transitions to activate
[component_container_isolated-1] 	See https://design.ros2.org/articles/node_lifecycle.html for more information.
[component_container_isolated-1] [INFO] [1789977306.200585079] [global_costmap.global_costmap]: Creating Costmap
[INFO] [launch_ros.actions.load_composable_nodes]: Loaded node '/planner_server' in container '/nav2_container'
[component_container_isolated-1] [INFO] [1789977306.204162047] [nav2_container]: Load Library: /opt/ros/jazzy/lib/libroute_server_core.so
[component_container_isolated-1] [INFO] [1789977306.206109229] [nav2_container]: Found class: rclcpp_components::NodeFactoryTemplate<nav2_route::RouteServer>
[component_container_isolated-1] [INFO] [1789977306.206135929] [nav2_container]: Instantiate class: rclcpp_components::NodeFactoryTemplate<nav2_route::RouteServer>
[component_container_isolated-1] [INFO] [1789977306.215619443] [route_server]: 
[component_container_isolated-1] 	route_server lifecycle node launched. 
[component_container_isolated-1] 	Waiting on external lifecycle transitions to activate
[INFO] [launch_ros.actions.load_composable_nodes]: Loaded node '/route_server' in container '/nav2_container'
[component_container_isolated-1] 	See https://design.ros2.org/articles/node_lifecycle.html for more information.
[component_container_isolated-1] [INFO] [1789977306.217352827] [nav2_container]: Load Library: /opt/ros/jazzy/lib/libbehavior_server_core.so
[component_container_isolated-1] [INFO] [1789977306.218434217] [nav2_container]: Found class: rclcpp_components::NodeFactoryTemplate<behavior_server::BehaviorServer>
[component_container_isolated-1] [INFO] [1789977306.218458117] [nav2_container]: Instantiate class: rclcpp_components::NodeFactoryTemplate<behavior_server::BehaviorServer>
[component_container_isolated-1] [INFO] [1789977306.228593325] [behavior_server]: 
[component_container_isolated-1] 	behavior_server lifecycle node launched. 
[component_container_isolated-1] 	Waiting on external lifecycle transitions to activate
[component_container_isolated-1] 	See https://design.ros2.org/articles/node_lifecycle.html for more information.
[INFO] [launch_ros.actions.load_composable_nodes]: Loaded node '/behavior_server' in container '/nav2_container'
[component_container_isolated-1] [INFO] [1789977306.231757896] [nav2_container]: Load Library: /opt/ros/jazzy/lib/libbt_navigator_core.so
[component_container_isolated-1] [INFO] [1789977306.235684961] [nav2_container]: Found class: rclcpp_components::NodeFactoryTemplate<nav2_bt_navigator::BtNavigator>
[component_container_isolated-1] [INFO] [1789977306.235713261] [nav2_container]: Instantiate class: rclcpp_components::NodeFactoryTemplate<nav2_bt_navigator::BtNavigator>
[component_container_isolated-1] [INFO] [1789977306.246740560] [bt_navigator]: 
[component_container_isolated-1] 	bt_navigator lifecycle node launched. 
[component_container_isolated-1] 	Waiting on external lifecycle transitions to activate
[component_container_isolated-1] 	See https://design.ros2.org/articles/node_lifecycle.html for more information.
[component_container_isolated-1] [INFO] [1789977306.247876550] [bt_navigator]: Creating
[INFO] [launch_ros.actions.load_composable_nodes]: Loaded node '/bt_navigator' in container '/nav2_container'
[component_container_isolated-1] [INFO] [1789977306.249306237] [nav2_container]: Load Library: /opt/ros/jazzy/lib/libwaypoint_follower_core.so
[component_container_isolated-1] [INFO] [1789977306.250579426] [nav2_container]: Found class: rclcpp_components::NodeFactoryTemplate<nav2_waypoint_follower::WaypointFollower>
[component_container_isolated-1] [INFO] [1789977306.250605125] [nav2_container]: Instantiate class: rclcpp_components::NodeFactoryTemplate<nav2_waypoint_follower::WaypointFollower>
[component_container_isolated-1] [INFO] [1789977306.261473027] [waypoint_follower]: 
[component_container_isolated-1] 	waypoint_follower lifecycle node launched. 
[component_container_isolated-1] 	Waiting on external lifecycle transitions to activate
[component_container_isolated-1] 	See https://design.ros2.org/articles/node_lifecycle.html for more information.
[component_container_isolated-1] [INFO] [1789977306.261771224] [waypoint_follower]: Creating
[INFO] [launch_ros.actions.load_composable_nodes]: Loaded node '/waypoint_follower' in container '/nav2_container'
[component_container_isolated-1] [INFO] [1789977306.265030294] [nav2_container]: Load Library: /opt/ros/jazzy/lib/libvelocity_smoother_core.so
[component_container_isolated-1] [INFO] [1789977306.266074385] [nav2_container]: Found class: rclcpp_components::NodeFactoryTemplate<nav2_velocity_smoother::VelocitySmoother>
[component_container_isolated-1] [INFO] [1789977306.266100685] [nav2_container]: Instantiate class: rclcpp_components::NodeFactoryTemplate<nav2_velocity_smoother::VelocitySmoother>
[component_container_isolated-1] [INFO] [1789977306.278218875] [velocity_smoother]: 
[component_container_isolated-1] 	velocity_smoother lifecycle node launched. 
[component_container_isolated-1] 	Waiting on external lifecycle transitions to activate
[component_container_isolated-1] 	See https://design.ros2.org/articles/node_lifecycle.html for more information.
[INFO] [launch_ros.actions.load_composable_nodes]: Loaded node '/velocity_smoother' in container '/nav2_container'
[component_container_isolated-1] [INFO] [1789977306.279895459] [nav2_container]: Load Library: /opt/ros/jazzy/lib/libcollision_monitor_core.so
[component_container_isolated-1] [INFO] [1789977306.283427027] [nav2_container]: Found class: rclcpp_components::NodeFactoryTemplate<nav2_collision_monitor::CollisionMonitor>
[component_container_isolated-1] [INFO] [1789977306.283453927] [nav2_container]: Instantiate class: rclcpp_components::NodeFactoryTemplate<nav2_collision_monitor::CollisionMonitor>
[component_container_isolated-1] [INFO] [1789977306.295082322] [collision_monitor]: 
[component_container_isolated-1] 	collision_monitor lifecycle node launched. 
[component_container_isolated-1] 	Waiting on external lifecycle transitions to activate
[component_container_isolated-1] 	See https://design.ros2.org/articles/node_lifecycle.html for more information.
[INFO] [launch_ros.actions.load_composable_nodes]: Loaded node '/collision_monitor' in container '/nav2_container'
[component_container_isolated-1] [INFO] [1789977306.297216502] [nav2_container]: Load Library: /opt/ros/jazzy/lib/libopennav_docking_core.so
[component_container_isolated-1] [INFO] [1789977306.299462382] [nav2_container]: Found class: rclcpp_components::NodeFactoryTemplate<opennav_docking::DockingServer>
[component_container_isolated-1] [INFO] [1789977306.299491082] [nav2_container]: Instantiate class: rclcpp_components::NodeFactoryTemplate<opennav_docking::DockingServer>
[component_container_isolated-1] [INFO] [1789977306.311327074] [docking_server]: 
[component_container_isolated-1] 	docking_server lifecycle node launched. 
[component_container_isolated-1] 	Waiting on external lifecycle transitions to activate
[component_container_isolated-1] 	See https://design.ros2.org/articles/node_lifecycle.html for more information.
[component_container_isolated-1] [INFO] [1789977306.311373074] [docking_server]: Creating docking_server
[INFO] [launch_ros.actions.load_composable_nodes]: Loaded node '/docking_server' in container '/nav2_container'
[component_container_isolated-1] [INFO] [1789977306.313614653] [nav2_container]: Load Library: /opt/ros/jazzy/lib/libnav2_lifecycle_manager_core.so
[component_container_isolated-1] [INFO] [1789977306.314734043] [nav2_container]: Found class: rclcpp_components::NodeFactoryTemplate<nav2_lifecycle_manager::LifecycleManager>
[component_container_isolated-1] [INFO] [1789977306.314758843] [nav2_container]: Instantiate class: rclcpp_components::NodeFactoryTemplate<nav2_lifecycle_manager::LifecycleManager>
[component_container_isolated-1] [INFO] [1789977306.324836752] [lifecycle_manager_navigation]: Creating
[INFO] [launch_ros.actions.load_composable_nodes]: Loaded node '/lifecycle_manager_navigation' in container '/nav2_container'
[component_container_isolated-1] [INFO] [1789977306.329946805] [lifecycle_manager_navigation]: [34m[1mCreating and initializing lifecycle service clients[0m[0m
[component_container_isolated-1] [INFO] [1789977306.346729453] [lifecycle_manager_navigation]: [34m[1mStarting managed nodes bringup...[0m[0m
[component_container_isolated-1] [INFO] [1789977306.346768652] [lifecycle_manager_navigation]: [34m[1mConfiguring controller_server[0m[0m
[component_container_isolated-1] [INFO] [1789977306.346981650] [controller_server]: Configuring controller interface
[component_container_isolated-1] [INFO] [1789977306.347012150] [controller_server]: getting progress checker plugins..
[component_container_isolated-1] [INFO] [1789977306.347208548] [controller_server]: getting goal checker plugins..
[component_container_isolated-1] [INFO] [1789977306.347387547] [controller_server]: Controller frequency set to 20.0000Hz
[component_container_isolated-1] [INFO] [1789977306.347437546] [local_costmap.local_costmap]: Configuring
[component_container_isolated-1] [INFO] [1789977306.353455892] [local_costmap.local_costmap]: Using plugin "voxel_layer"
[component_container_isolated-1] [INFO] [1789977306.356890661] [local_costmap.local_costmap]: Subscribed to Topics: scan
[component_container_isolated-1] [INFO] [1789977306.366388374] [local_costmap.local_costmap]: Initialized plugin "voxel_layer"
[component_container_isolated-1] [INFO] [1789977306.366409174] [local_costmap.local_costmap]: Using plugin "inflation_layer"
[component_container_isolated-1] [INFO] [1789977306.367165267] [local_costmap.local_costmap]: Initialized plugin "inflation_layer"
[component_container_isolated-1] [INFO] [1789977306.380058650] [controller_server]: Created progress_checker : progress_checker of type nav2_controller::SimpleProgressChecker
[component_container_isolated-1] [INFO] [1789977306.380427647] [controller_server]: Controller Server has progress_checker  progress checkers available.
[component_container_isolated-1] [INFO] [1789977306.381075641] [controller_server]: Created goal checker : general_goal_checker of type nav2_controller::SimpleGoalChecker
[component_container_isolated-1] [INFO] [1789977306.381720235] [controller_server]: Controller Server has general_goal_checker  goal checkers available.
[component_container_isolated-1] [INFO] [1789977306.383048623] [controller_server]: Created controller : FollowPath of type nav2_mppi_controller::MPPIController
[component_container_isolated-1] [INFO] [1789977306.385742799] [controller_server]: Controller period is equal to model dt. Control sequence shifting is ON
[component_container_isolated-1] [INFO] [1789977306.387514183] [controller_server]: ConstraintCritic instantiated with 1 power and 4.000000 weight.
[component_container_isolated-1] [INFO] [1789977306.387547182] [controller_server]: Critic loaded : mppi::critics::ConstraintCritic
[component_container_isolated-1] [INFO] [1789977306.389345066] [controller_server]: InflationCostCritic instantiated with 1 power and 300.000000 / 0.015000 weights. Critic will collision check based on circular cost.
[component_container_isolated-1] [INFO] [1789977306.389376766] [controller_server]: Critic loaded : mppi::critics::CostCritic
[component_container_isolated-1] [INFO] [1789977306.392021742] [controller_server]: GoalCritic instantiated with 1 power and 5.000000 weight.
[component_container_isolated-1] [INFO] [1789977306.392045241] [controller_server]: Critic loaded : mppi::critics::GoalCritic
[component_container_isolated-1] [INFO] [1789977306.392704135] [controller_server]: GoalAngleCritic instantiated with 1 power, 3.000000 weight, 0.500000 angular threshold and symmetric_yaw_tolerance disabled
[component_container_isolated-1] [INFO] [1789977306.392725935] [controller_server]: Critic loaded : mppi::critics::GoalAngleCritic
[component_container_isolated-1] [INFO] [1789977306.393873925] [controller_server]: ReferenceTrajectoryCritic instantiated with 1 power and 14.000000 weight
[component_container_isolated-1] [INFO] [1789977306.393897525] [controller_server]: Critic loaded : mppi::critics::PathAlignCritic
[component_container_isolated-1] [INFO] [1789977306.394559519] [controller_server]: Critic loaded : mppi::critics::PathFollowCritic
[component_container_isolated-1] [INFO] [1789977306.397558391] [controller_server]: PathAngleCritic instantiated with 1 power and 2.000000 weight. Mode set to: Forward Preference
[component_container_isolated-1] [INFO] [1789977306.397590491] [controller_server]: Critic loaded : mppi::critics::PathAngleCritic
[component_container_isolated-1] [INFO] [1789977306.398282485] [controller_server]: PreferForwardCritic instantiated with 1 power and 5.000000 weight.
[component_container_isolated-1] [INFO] [1789977306.398312685] [controller_server]: Critic loaded : mppi::critics::PreferForwardCritic
[component_container_isolated-1] [INFO] [1789977306.401621154] [controller_server]: Optimizer reset
[component_container_isolated-1] [INFO] [1789977306.406604309] [MPPIController]: Configured MPPI Controller: FollowPath
[component_container_isolated-1] [INFO] [1789977306.406630609] [controller_server]: Controller Server has FollowPath  controllers available.
[component_container_isolated-1] [INFO] [1789977306.415029633] [lifecycle_manager_navigation]: [34m[1mConfiguring smoother_server[0m[0m
[component_container_isolated-1] [INFO] [1789977306.415179431] [smoother_server]: Configuring smoother server
[component_container_isolated-1] [INFO] [1789977306.420257585] [smoother_server]: Created smoother : simple_smoother of type nav2_smoother::SimpleSmoother
[component_container_isolated-1] [INFO] [1789977306.421093878] [smoother_server]: Smoother Server has simple_smoother  smoothers available.
[component_container_isolated-1] [INFO] [1789977306.425782735] [lifecycle_manager_navigation]: [34m[1mConfiguring planner_server[0m[0m
[component_container_isolated-1] [INFO] [1789977306.425919334] [planner_server]: Configuring
[component_container_isolated-1] [INFO] [1789977306.425964334] [global_costmap.global_costmap]: Configuring
[component_container_isolated-1] [INFO] [1789977306.434220159] [global_costmap.global_costmap]: Using plugin "static_layer"
[component_container_isolated-1] [INFO] [1789977306.435390648] [global_costmap.global_costmap]: Subscribing to the map topic (/map) with transient local durability
[component_container_isolated-1] [INFO] [1789977306.436015342] [global_costmap.global_costmap]: Initialized plugin "static_layer"
[component_container_isolated-1] [INFO] [1789977306.436039942] [global_costmap.global_costmap]: Using plugin "obstacle_layer"
[component_container_isolated-1] [INFO] [1789977306.436903634] [global_costmap.global_costmap]: Subscribed to Topics: scan
[component_container_isolated-1] [INFO] [1789977306.441067096] [global_costmap.global_costmap]: Initialized plugin "obstacle_layer"
[component_container_isolated-1] [INFO] [1789977306.441094896] [global_costmap.global_costmap]: Using plugin "inflation_layer"
[component_container_isolated-1] [INFO] [1789977306.441900989] [global_costmap.global_costmap]: Initialized plugin "inflation_layer"
[component_container_isolated-1] [INFO] [1789977306.458094242] [planner_server]: Created global planner plugin GridBased of type nav2_navfn_planner::NavfnPlanner
[component_container_isolated-1] [INFO] [1789977306.458136841] [planner_server]: Configuring plugin GridBased of type NavfnPlanner
[component_container_isolated-1] [INFO] [1789977306.459277231] [planner_server]: Planner Server has GridBased  planners available.
[component_container_isolated-1] [INFO] [1789977306.468035152] [lifecycle_manager_navigation]: [34m[1mConfiguring route_server[0m[0m
[component_container_isolated-1] [INFO] [1789977306.468166450] [route_server]: Configuring
[component_container_isolated-1] [INFO] [1789977306.484411903] [route_server]: Created GraphFileLoader GeoJsonGraphFileLoader of type nav2_route::GeoJsonGraphFileLoader
[component_container_isolated-1] [INFO] [1789977306.484445303] [route_server]: Configuring geojson graph file loader
[component_container_isolated-1] [INFO] [1789977306.484455103] [route_server]: No graph file provided to load yet.
[component_container_isolated-1] [INFO] [1789977306.487192478] [route_server]: Created edge cost function plugin DistanceScorer of type nav2_route::DistanceScorer
[component_container_isolated-1] [INFO] [1789977306.487228877] [route_server]: Configuring distance scorer.
[component_container_isolated-1] [INFO] [1789977306.487745273] [route_server]: Created edge cost function plugin CostmapScorer of type nav2_route::CostmapScorer
[component_container_isolated-1] [INFO] [1789977306.487773972] [route_server]: Configuring costmap scorer.
[component_container_isolated-1] [INFO] [1789977306.491303540] [route_server]: Created route operation AdjustSpeedLimit of type nav2_route::AdjustSpeedLimit
[component_container_isolated-1] [INFO] [1789977306.491341340] [route_server]: Configuring Adjust speed limit operation.
[component_container_isolated-1] [INFO] [1789977306.492663128] [route_server]: Created route operation ReroutingService of type nav2_route::ReroutingService
[component_container_isolated-1] [INFO] [1789977306.492738627] [route_server]: Configuring Rerouting service operation.
[component_container_isolated-1] [INFO] [1789977306.493986716] [route_server]: Created route operation CollisionMonitor of type nav2_route::CollisionMonitor
[component_container_isolated-1] [INFO] [1789977306.494155814] [route_server]: Using costmap topic: local_costmap/costmap_raw instead of server costmap topic: global_costmap/costmap_raw for CollisionMonitor.
[component_container_isolated-1] [INFO] [1789977306.498473475] [lifecycle_manager_navigation]: [34m[1mConfiguring behavior_server[0m[0m
[component_container_isolated-1] [INFO] [1789977306.498689073] [behavior_server]: Configuring
[component_container_isolated-1] [INFO] [1789977306.501760345] [behavior_server]: Creating behavior plugin spin of type nav2_behaviors::Spin
[component_container_isolated-1] [INFO] [1789977306.503063134] [behavior_server]: Creating behavior plugin backup of type nav2_behaviors::BackUp
[component_container_isolated-1] [INFO] [1789977306.504217823] [behavior_server]: Creating behavior plugin drive_on_heading of type nav2_behaviors::DriveOnHeading
[component_container_isolated-1] [INFO] [1789977306.505323513] [behavior_server]: Creating behavior plugin assisted_teleop of type nav2_behaviors::AssistedTeleop
[component_container_isolated-1] [INFO] [1789977306.507066297] [behavior_server]: Creating behavior plugin wait of type nav2_behaviors::Wait
[component_container_isolated-1] [INFO] [1789977306.509669574] [behavior_server]: Configuring spin
[component_container_isolated-1] [INFO] [1789977306.515456621] [behavior_server]: Configuring backup
[component_container_isolated-1] [INFO] [1789977306.523097252] [behavior_server]: Configuring drive_on_heading
[component_container_isolated-1] [INFO] [1789977306.529179097] [behavior_server]: Configuring assisted_teleop
[component_container_isolated-1] [INFO] [1789977306.535887336] [behavior_server]: Configuring wait
[component_container_isolated-1] [INFO] [1789977306.541167488] [lifecycle_manager_navigation]: [34m[1mConfiguring velocity_smoother[0m[0m
[component_container_isolated-1] [INFO] [1789977306.541316186] [velocity_smoother]: Configuring velocity smoother
[component_container_isolated-1] [INFO] [1789977306.545300850] [lifecycle_manager_navigation]: [34m[1mConfiguring collision_monitor[0m[0m
[component_container_isolated-1] [INFO] [1789977306.545510148] [collision_monitor]: Configuring
[component_container_isolated-1] [INFO] [1789977306.550027107] [collision_monitor]: [scan]: Creating Scan
[component_container_isolated-1] [INFO] [1789977306.551660592] [collision_monitor]: [FootprintApproach]: Creating Polygon
[component_container_isolated-1] [INFO] [1789977306.551894490] [collision_monitor]: [FootprintApproach]: Polygon points are not defined. Using dynamic subscription instead.
[component_container_isolated-1] [INFO] [1789977306.553387577] [collision_monitor]: [FootprintApproach]: Making footprint subscriber on /local_costmap/published_footprint topic
[component_container_isolated-1] [INFO] [1789977306.557932236] [lifecycle_manager_navigation]: [34m[1mConfiguring bt_navigator[0m[0m
[component_container_isolated-1] [INFO] [1789977306.558071734] [bt_navigator]: Configuring
[component_container_isolated-1] [INFO] [1789977306.561420004] [bt_navigator]: Creating navigator id navigate_to_pose of type nav2_bt_navigator::NavigateToPoseNavigator
[component_container_isolated-1] [INFO] [1789977306.637978609] [bt_navigator]: Creating navigator id navigate_through_poses of type nav2_bt_navigator::NavigateThroughPosesNavigator
[component_container_isolated-1] [INFO] [1789977306.664331070] [lifecycle_manager_navigation]: [34m[1mConfiguring waypoint_follower[0m[0m
[component_container_isolated-1] [INFO] [1789977306.664512568] [waypoint_follower]: Configuring
[component_container_isolated-1] [INFO] [1789977306.681554213] [waypoint_follower]: Created waypoint_task_executor : wait_at_waypoint of type nav2_waypoint_follower::WaitAtWaypoint
[component_container_isolated-1] [INFO] [1789977306.682323906] [lifecycle_manager_navigation]: [34m[1mConfiguring docking_server[0m[0m
[component_container_isolated-1] [INFO] [1789977306.682482305] [docking_server]: Configuring docking_server
[component_container_isolated-1] [INFO] [1789977306.682540704] [docking_server]: Controller frequency set to 50.0000Hz
[component_container_isolated-1] [INFO] [1789977306.701907729] [docking_server]: Created charging dock plugin simple_charging_dock of type opennav_docking::SimpleChargingDock
[component_container_isolated-1] [WARN] [1789977306.708750666] [docking_server]: Dock database filepath nor dock parameters set. Docking actions can only be executed specifying the dock pose via the action request. Or update the dock database via the reload_database service.
[component_container_isolated-1] [INFO] [1789977306.708802566] [docking_server]: Docking Server has 1 dock types and 0 dock instances available.
[component_container_isolated-1] [INFO] [1789977306.710101754] [lifecycle_manager_navigation]: [34m[1mActivating controller_server[0m[0m
[component_container_isolated-1] [INFO] [1789977306.710229353] [controller_server]: Activating
[component_container_isolated-1] [INFO] [1789977306.710271253] [local_costmap.local_costmap]: Activating
[component_container_isolated-1] [INFO] [1789977306.710286752] [local_costmap.local_costmap]: Checking transform
[component_container_isolated-1] [INFO] [1789977306.710430451] [local_costmap.local_costmap]: start
[component_container_isolated-1] [WARN] [1789977306.961385673] [controller_server]: Parameter controller_server.verbose not found
[component_container_isolated-1] [INFO] [1789977306.964129648] [controller_server]: Optimizer reset
[component_container_isolated-1] [INFO] [1789977306.964639744] [MPPIController]: Activated MPPI Controller: FollowPath
[component_container_isolated-1] [INFO] [1789977306.964685143] [controller_server]: Creating bond (controller_server) to lifecycle manager.
[component_container_isolated-1] [INFO] [1789977307.072665862] [lifecycle_manager_navigation]: Server controller_server connected with bond.
[component_container_isolated-1] [INFO] [1789977307.072738162] [lifecycle_manager_navigation]: [34m[1mActivating smoother_server[0m[0m
[component_container_isolated-1] [INFO] [1789977307.073122458] [smoother_server]: Activating
[component_container_isolated-1] [INFO] [1789977307.073161058] [smoother_server]: Creating bond (smoother_server) to lifecycle manager.
[component_container_isolated-1] [INFO] [1789977307.179943688] [lifecycle_manager_navigation]: Server smoother_server connected with bond.
[component_container_isolated-1] [INFO] [1789977307.180008987] [lifecycle_manager_navigation]: [34m[1mActivating planner_server[0m[0m
[component_container_isolated-1] [INFO] [1789977307.180370984] [planner_server]: Activating
[component_container_isolated-1] [INFO] [1789977307.180440883] [global_costmap.global_costmap]: Activating
[component_container_isolated-1] [INFO] [1789977307.180453083] [global_costmap.global_costmap]: Checking transform
[component_container_isolated-1] [INFO] [1789977307.180623381] [global_costmap.global_costmap]: start
[component_container_isolated-1] [INFO] [1789977308.182739175] [planner_server]: Activating plugin GridBased of type NavfnPlanner
[component_container_isolated-1] [INFO] [1789977308.185548949] [planner_server]: Creating bond (planner_server) to lifecycle manager.
[component_container_isolated-1] [INFO] [1789977308.290895591] [lifecycle_manager_navigation]: Server planner_server connected with bond.
[component_container_isolated-1] [INFO] [1789977308.290970890] [lifecycle_manager_navigation]: [34m[1mActivating route_server[0m[0m
[component_container_isolated-1] [INFO] [1789977308.291431986] [route_server]: Activating
[component_container_isolated-1] [INFO] [1789977308.291659984] [route_server]: Creating bond (route_server) to lifecycle manager.
[component_container_isolated-1] [INFO] [1789977308.395875136] [lifecycle_manager_navigation]: Server route_server connected with bond.
[component_container_isolated-1] [INFO] [1789977308.395919436] [lifecycle_manager_navigation]: [34m[1mActivating behavior_server[0m[0m
[component_container_isolated-1] [INFO] [1789977308.396143834] [behavior_server]: Activating
[component_container_isolated-1] [INFO] [1789977308.396173534] [behavior_server]: Activating spin
[component_container_isolated-1] [INFO] [1789977308.396198133] [behavior_server]: Activating backup
[component_container_isolated-1] [INFO] [1789977308.396210233] [behavior_server]: Activating drive_on_heading
[component_container_isolated-1] [INFO] [1789977308.396220233] [behavior_server]: Activating assisted_teleop
[component_container_isolated-1] [INFO] [1789977308.396242233] [behavior_server]: Activating wait
[component_container_isolated-1] [INFO] [1789977308.396257833] [behavior_server]: Creating bond (behavior_server) to lifecycle manager.
[component_container_isolated-1] [INFO] [1789977308.501352077] [lifecycle_manager_navigation]: Server behavior_server connected with bond.
[component_container_isolated-1] [INFO] [1789977308.501404577] [lifecycle_manager_navigation]: [34m[1mActivating velocity_smoother[0m[0m
[component_container_isolated-1] [INFO] [1789977308.501711074] [velocity_smoother]: Activating
[component_container_isolated-1] [INFO] [1789977308.501798573] [velocity_smoother]: Creating bond (velocity_smoother) to lifecycle manager.
[component_container_isolated-1] [INFO] [1789977308.509509903] [global_costmap.global_costmap]: StaticLayer: Resizing costmap to 200 X 200 at 0.050000 m/pix
[component_container_isolated-1] [INFO] [1789977308.609460394] [lifecycle_manager_navigation]: Server velocity_smoother connected with bond.
[component_container_isolated-1] [INFO] [1789977308.609514994] [lifecycle_manager_navigation]: [34m[1mActivating collision_monitor[0m[0m
[component_container_isolated-1] [INFO] [1789977308.609869190] [collision_monitor]: Activating
[component_container_isolated-1] [INFO] [1789977308.609955790] [collision_monitor]: Creating bond (collision_monitor) to lifecycle manager.
[component_container_isolated-1] [INFO] [1789977308.717420612] [lifecycle_manager_navigation]: Server collision_monitor connected with bond.
[component_container_isolated-1] [INFO] [1789977308.717517111] [lifecycle_manager_navigation]: [34m[1mActivating bt_navigator[0m[0m
[component_container_isolated-1] [INFO] [1789977308.718110106] [bt_navigator]: Activating
[component_container_isolated-1] [INFO] [1789977308.789340458] [bt_navigator]: Creating bond (bt_navigator) to lifecycle manager.
[component_container_isolated-1] [INFO] [1789977308.894761799] [lifecycle_manager_navigation]: Server bt_navigator connected with bond.
[component_container_isolated-1] [INFO] [1789977308.894849299] [lifecycle_manager_navigation]: [34m[1mActivating waypoint_follower[0m[0m
[component_container_isolated-1] [INFO] [1789977308.895077097] [waypoint_follower]: Activating
[component_container_isolated-1] [INFO] [1789977308.895138396] [waypoint_follower]: Creating bond (waypoint_follower) to lifecycle manager.
[component_container_isolated-1] [INFO] [1789977309.001414630] [lifecycle_manager_navigation]: Server waypoint_follower connected with bond.
[component_container_isolated-1] [INFO] [1789977309.001569328] [lifecycle_manager_navigation]: [34m[1mActivating docking_server[0m[0m
[component_container_isolated-1] [INFO] [1789977309.002312321] [docking_server]: Activating docking_server
[component_container_isolated-1] [INFO] [1789977309.013976315] [docking_server]: Creating bond (docking_server) to lifecycle manager.
[component_container_isolated-1] [INFO] [1789977309.121143340] [lifecycle_manager_navigation]: Server docking_server connected with bond.
[component_container_isolated-1] [INFO] [1789977309.121226939] [lifecycle_manager_navigation]: [34m[1mManaged nodes are active[0m[0m
[component_container_isolated-1] [INFO] [1789977309.121280638] [lifecycle_manager_navigation]: [34m[1mCreating bond timer...[0m[0m
[component_container_isolated-1] [INFO] [1789977312.180856161] [global_costmap.global_costmap]: StaticLayer: Resizing costmap to 200 X 200 at 0.050000 m/pix
[component_container_isolated-1] [INFO] [1789977315.180784453] [global_costmap.global_costmap]: StaticLayer: Resizing costmap to 200 X 200 at 0.050000 m/pix
[component_container_isolated-1] [INFO] [1789977335.732521461] [bt_navigator]: Begin navigating from current location (0.63, -1.36) to (1.06, 1.06)
[component_container_isolated-1] [INFO] [1789977335.753666064] [controller_server]: Received a goal, begin computing control effort.
[component_container_isolated-1] [WARN] [1789977335.753745464] [controller_server]: No goal checker was specified in parameter 'current_goal_checker'. Server will use only plugin loaded general_goal_checker . This warning will appear once.
[component_container_isolated-1] [WARN] [1789977335.753763563] [controller_server]: No progress checker was specified in parameter 'current_progress_checker'. Server will use only plugin loaded progress_checker . This warning will appear once.
[component_container_isolated-1] [INFO] [1789977336.803921582] [controller_server]: Passing new path to controller.
[component_container_isolated-1] [INFO] [1789977337.803916659] [controller_server]: Passing new path to controller.
[component_container_isolated-1] [INFO] [1789977338.853905662] [controller_server]: Passing new path to controller.
[component_container_isolated-1] [INFO] [1789977339.853912024] [controller_server]: Passing new path to controller.
[component_container_isolated-1] [INFO] [1789977340.903910810] [controller_server]: Passing new path to controller.
[component_container_isolated-1] [INFO] [1789977341.903911856] [controller_server]: Passing new path to controller.
[component_container_isolated-1] [INFO] [1789977342.954073725] [controller_server]: Passing new path to controller.
[component_container_isolated-1] [INFO] [1789977343.953909356] [controller_server]: Passing new path to controller.
[component_container_isolated-1] [INFO] [1789977344.113826357] [controller_server]: Optimizer reset
[component_container_isolated-1] [INFO] [1789977344.124166760] [controller_server]: Optimizer reset
[component_container_isolated-1] [WARN] [1789977344.124270259] [controller_server]: Optimizer fail to compute path
[component_container_isolated-1] [INFO] [1789977344.212090835] [collision_monitor]: Robot to approach for 1.200000 seconds away from collision
[component_container_isolated-1] [INFO] [1789977344.311311105] [controller_server]: Optimizer reset
[component_container_isolated-1] [INFO] [1789977344.321367311] [controller_server]: Optimizer reset
[component_container_isolated-1] [WARN] [1789977344.321503309] [controller_server]: Optimizer fail to compute path
[component_container_isolated-1] [INFO] [1789977344.372274233] [collision_monitor]: Robot to continue normal operation
[component_container_isolated-1] [INFO] [1789977344.412084960] [collision_monitor]: Robot to approach for 1.200000 seconds away from collision
[component_container_isolated-1] [INFO] [1789977344.509814943] [controller_server]: Optimizer reset
[component_container_isolated-1] [INFO] [1789977344.517236674] [controller_server]: Optimizer reset
[component_container_isolated-1] [WARN] [1789977344.517302773] [controller_server]: Optimizer fail to compute path
[component_container_isolated-1] [INFO] [1789977344.559463178] [controller_server]: Optimizer reset
[component_container_isolated-1] [INFO] [1789977344.563776837] [controller_server]: Optimizer reset
[component_container_isolated-1] [WARN] [1789977344.563848237] [controller_server]: Optimizer fail to compute path
[component_container_isolated-1] [INFO] [1789977344.572278258] [collision_monitor]: Robot to continue normal operation
[component_container_isolated-1] [INFO] [1789977344.610916395] [controller_server]: Optimizer reset
[component_container_isolated-1] [INFO] [1789977344.618934420] [controller_server]: Optimizer reset
[component_container_isolated-1] [WARN] [1789977344.618993520] [controller_server]: Optimizer fail to compute path
[component_container_isolated-1] [INFO] [1789977344.659616339] [controller_server]: Optimizer reset
[component_container_isolated-1] [INFO] [1789977344.664618292] [controller_server]: Optimizer reset
[component_container_isolated-1] [WARN] [1789977344.664674591] [controller_server]: Optimizer fail to compute path
[component_container_isolated-1] [INFO] [1789977344.709632970] [controller_server]: Optimizer reset
[component_container_isolated-1] [INFO] [1789977344.717314598] [controller_server]: Optimizer reset
[component_container_isolated-1] [WARN] [1789977344.717376997] [controller_server]: Optimizer fail to compute path
[component_container_isolated-1] [INFO] [1789977344.812026209] [collision_monitor]: Robot to approach for 1.200000 seconds away from collision
[component_container_isolated-1] [WARN] [1789977344.943488777] [planner_server]: GridBased plugin failed to plan from (1.43, 0.45) to (1.06, 1.06): "Failed to create plan with tolerance of: 0.500000"
[component_container_isolated-1] [WARN] [1789977344.943557676] [planner_server]: [compute_path_to_pose] [ActionServer] Aborting handle.
[component_container_isolated-1] [INFO] [1789977344.963271391] [global_costmap.global_costmap]: Received request to clear entirely the global_costmap
[component_container_isolated-1] [INFO] [1789977345.180785250] [global_costmap.global_costmap]: StaticLayer: Resizing costmap to 200 X 200 at 0.050000 m/pix
[component_container_isolated-1] [WARN] [1789977345.184106619] [planner_server]: GridBased plugin failed to plan from (1.41, 0.51) to (1.06, 1.06): "Failed to create plan with tolerance of: 0.500000"
[component_container_isolated-1] [WARN] [1789977345.184161318] [planner_server]: [compute_path_to_pose] [ActionServer] Aborting handle.
[component_container_isolated-1] [INFO] [1789977345.203906733] [controller_server]: Cancellation was successful. Stopping the robot.
[component_container_isolated-1] [INFO] [1789977345.203940833] [controller_server]: [follow_path] [ActionServer] Client requested to cancel the goal. Cancelling.
[component_container_isolated-1] [INFO] [1789977345.204212130] [local_costmap.local_costmap]: Received request to clear entirely the local_costmap
[component_container_isolated-1] [INFO] [1789977345.204556227] [global_costmap.global_costmap]: Received request to clear entirely the global_costmap
[component_container_isolated-1] [INFO] [1789977345.205414719] [controller_server]: Optimizer reset
[component_container_isolated-1] [INFO] [1789977345.272198092] [collision_monitor]: Robot to continue normal operation
[component_container_isolated-1] [WARN] [1789977346.186131713] [planner_server]: Planner loop missed its desired rate of 20.0000 Hz. Current loop rate is 1.0199 Hz
[component_container_isolated-1] [INFO] [1789977346.203302252] [controller_server]: Received a goal, begin computing control effort.
[component_container_isolated-1] [INFO] [1789977346.272186905] [collision_monitor]: Robot to approach for 1.200000 seconds away from collision
[component_container_isolated-1] [INFO] [1789977346.573337576] [collision_monitor]: Robot to continue normal operation
[component_container_isolated-1] [INFO] [1789977347.253449886] [controller_server]: Passing new path to controller.
[component_container_isolated-1] [INFO] [1789977348.303460013] [controller_server]: Passing new path to controller.
[component_container_isolated-1] [INFO] [1789977349.303468902] [controller_server]: Passing new path to controller.
[component_container_isolated-1] [INFO] [1789977350.353507213] [controller_server]: Passing new path to controller.
[component_container_isolated-1] [INFO] [1789977351.353468088] [controller_server]: Passing new path to controller.
[component_container_isolated-1] [INFO] [1789977352.403453583] [controller_server]: Passing new path to controller.
[component_container_isolated-1] [INFO] [1789977353.403460741] [controller_server]: Passing new path to controller.
[component_container_isolated-1] [INFO] [1789977354.453457420] [controller_server]: Passing new path to controller.
[component_container_isolated-1] [INFO] [1789977355.453470764] [controller_server]: Passing new path to controller.
[component_container_isolated-1] [INFO] [1789977356.503468426] [controller_server]: Passing new path to controller.
[component_container_isolated-1] [INFO] [1789977357.503464755] [controller_server]: Passing new path to controller.
[component_container_isolated-1] [INFO] [1789977358.553494401] [controller_server]: Passing new path to controller.
[component_container_isolated-1] [INFO] [1789977359.553468215] [controller_server]: Passing new path to controller.
[component_container_isolated-1] [INFO] [1789977360.603482045] [controller_server]: Passing new path to controller.
[component_container_isolated-1] [INFO] [1789977361.603569642] [controller_server]: Passing new path to controller.
[component_container_isolated-1] [INFO] [1789977362.653471758] [controller_server]: Passing new path to controller.
[component_container_isolated-1] [INFO] [1789977363.653482141] [controller_server]: Passing new path to controller.
[component_container_isolated-1] [INFO] [1789977364.703666139] [controller_server]: Passing new path to controller.
[component_container_isolated-1] [INFO] [1789977365.753459932] [controller_server]: Passing new path to controller.
[component_container_isolated-1] [INFO] [1789977366.753465392] [controller_server]: Passing new path to controller.
[component_container_isolated-1] [INFO] [1789977367.804853455] [controller_server]: Passing new path to controller.
[component_container_isolated-1] [INFO] [1789977368.803458613] [controller_server]: Passing new path to controller.
[component_container_isolated-1] [INFO] [1789977369.853506773] [controller_server]: Passing new path to controller.
[component_container_isolated-1] [INFO] [1789977370.853569903] [controller_server]: Passing new path to controller.
[component_container_isolated-1] [INFO] [1789977371.903461848] [controller_server]: Passing new path to controller.
[component_container_isolated-1] [INFO] [1789977372.903456864] [controller_server]: Passing new path to controller.
[component_container_isolated-1] [INFO] [1789977373.953458893] [controller_server]: Passing new path to controller.
[component_container_isolated-1] [INFO] [1789977374.953470894] [controller_server]: Passing new path to controller.
[component_container_isolated-1] [INFO] [1789977376.003467207] [controller_server]: Passing new path to controller.
[component_container_isolated-1] [INFO] [1789977377.003458094] [controller_server]: Passing new path to controller.
[component_container_isolated-1] [INFO] [1789977378.053462891] [controller_server]: Passing new path to controller.
[component_container_isolated-1] [INFO] [1789977379.053464363] [controller_server]: Passing new path to controller.
[component_container_isolated-1] [INFO] [1789977380.103464646] [controller_server]: Passing new path to controller.
[component_container_isolated-1] [INFO] [1789977381.103473203] [controller_server]: Passing new path to controller.
[component_container_isolated-1] [INFO] [1789977382.153472570] [controller_server]: Passing new path to controller.
[component_container_isolated-1] [INFO] [1789977383.153602311] [controller_server]: Passing new path to controller.
[component_container_isolated-1] [INFO] [1789977384.109809071] [controller_server]: Optimizer reset
[component_container_isolated-1] [INFO] [1789977384.117334798] [controller_server]: Optimizer reset
[component_container_isolated-1] [WARN] [1789977384.117403897] [controller_server]: Optimizer fail to compute path
[component_container_isolated-1] [INFO] [1789977384.203452865] [controller_server]: Passing new path to controller.
[component_container_isolated-1] [INFO] [1789977384.212275580] [collision_monitor]: Robot to approach for 1.200000 seconds away from collision
[component_container_isolated-1] [INFO] [1789977384.308352951] [controller_server]: Optimizer reset
[component_container_isolated-1] [INFO] [1789977384.315428982] [controller_server]: Optimizer reset
[component_container_isolated-1] [WARN] [1789977384.315494782] [controller_server]: Optimizer fail to compute path
[component_container_isolated-1] [INFO] [1789977384.372537330] [collision_monitor]: Robot to continue normal operation
[component_container_isolated-1] [INFO] [1789977384.412153347] [collision_monitor]: Robot to approach for 1.200000 seconds away from collision
[component_container_isolated-1] [INFO] [1789977384.509646204] [controller_server]: Optimizer reset
[component_container_isolated-1] [INFO] [1789977384.519021413] [controller_server]: Optimizer reset
[component_container_isolated-1] [WARN] [1789977384.519111112] [controller_server]: Optimizer fail to compute path
[component_container_isolated-1] [INFO] [1789977384.561215705] [controller_server]: Optimizer reset
[component_container_isolated-1] [INFO] [1789977384.569946921] [controller_server]: Optimizer reset
[component_container_isolated-1] [WARN] [1789977384.570028320] [controller_server]: Optimizer fail to compute path
[component_container_isolated-1] [INFO] [1789977384.572237799] [collision_monitor]: Robot to continue normal operation
[component_container_isolated-1] [INFO] [1789977384.609522238] [controller_server]: Optimizer reset
[component_container_isolated-1] [INFO] [1789977384.617732259] [controller_server]: Optimizer reset
[component_container_isolated-1] [WARN] [1789977384.617793158] [controller_server]: Optimizer fail to compute path
[component_container_isolated-1] [INFO] [1789977384.660007050] [controller_server]: Optimizer reset
[component_container_isolated-1] [INFO] [1789977384.668058672] [controller_server]: Optimizer reset
[component_container_isolated-1] [WARN] [1789977384.668129571] [controller_server]: Optimizer fail to compute path
[component_container_isolated-1] [INFO] [1789977384.709921567] [controller_server]: Optimizer reset
[component_container_isolated-1] [INFO] [1789977384.717573793] [controller_server]: Optimizer reset
[component_container_isolated-1] [WARN] [1789977384.717629793] [controller_server]: Optimizer fail to compute path
[component_container_isolated-1] [INFO] [1789977384.812236978] [collision_monitor]: Robot to approach for 1.200000 seconds away from collision
[component_container_isolated-1] [INFO] [1789977384.909008142] [controller_server]: Optimizer reset
[component_container_isolated-1] [INFO] [1789977384.913218301] [controller_server]: Optimizer reset
[component_container_isolated-1] [WARN] [1789977384.913273501] [controller_server]: Optimizer fail to compute path
[component_container_isolated-1] [INFO] [1789977384.972565527] [collision_monitor]: Robot to continue normal operation
[component_container_isolated-1] [INFO] [1789977385.012145345] [collision_monitor]: Robot to approach for 1.200000 seconds away from collision
[component_container_isolated-1] [WARN] [1789977385.163660478] [planner_server]: GridBased plugin failed to plan from (1.41, 0.50) to (1.06, 1.06): "Failed to create plan with tolerance of: 0.500000"
[component_container_isolated-1] [WARN] [1789977385.163724878] [planner_server]: [compute_path_to_pose] [ActionServer] Aborting handle.
[component_container_isolated-1] [INFO] [1789977385.183005391] [global_costmap.global_costmap]: Received request to clear entirely the global_costmap
[component_container_isolated-1] [INFO] [1789977385.862360217] [controller_server]: Optimizer reset
[component_container_isolated-1] [INFO] [1789977385.872560118] [controller_server]: Optimizer reset
[component_container_isolated-1] [WARN] [1789977385.872710317] [controller_server]: Optimizer fail to compute path
[component_container_isolated-1] [INFO] [1789977385.912195634] [collision_monitor]: Robot to continue normal operation
[component_container_isolated-1] [INFO] [1789977385.972918947] [collision_monitor]: Robot to approach for 1.200000 seconds away from collision
[component_container_isolated-1] [INFO] [1789977386.113597785] [controller_server]: Optimizer reset
[component_container_isolated-1] [INFO] [1789977386.124059383] [controller_server]: Optimizer reset
[component_container_isolated-1] [WARN] [1789977386.124152382] [controller_server]: Optimizer fail to compute path
[component_container_isolated-1] [INFO] [1789977386.172314216] [collision_monitor]: Robot to continue normal operation
[component_container_isolated-1] [WARN] [1789977386.183935003] [planner_server]: Planner loop missed its desired rate of 20.0000 Hz. Current loop rate is 0.9995 Hz
[component_container_isolated-1] [INFO] [1789977386.203594013] [controller_server]: Passing new path to controller.
[component_container_isolated-1] [INFO] [1789977386.212320029] [collision_monitor]: Robot to approach for 1.200000 seconds away from collision
[component_container_isolated-1] [INFO] [1789977386.572319042] [collision_monitor]: Robot to continue normal operation
[component_container_isolated-1] [INFO] [1789977387.253507244] [controller_server]: Passing new path to controller.
[component_container_isolated-1] [INFO] [1789977388.253464251] [controller_server]: Passing new path to controller.
[component_container_isolated-1] [INFO] [1789977389.303452166] [controller_server]: Passing new path to controller.
[component_container_isolated-1] [INFO] [1789977390.180886248] [global_costmap.global_costmap]: StaticLayer: Resizing costmap to 200 X 200 at 0.050000 m/pix
[component_container_isolated-1] [INFO] [1789977390.303457258] [controller_server]: Passing new path to controller.
[component_container_isolated-1] [INFO] [1789977391.353468158] [controller_server]: Passing new path to controller.
[component_container_isolated-1] [INFO] [1789977392.353524935] [controller_server]: Passing new path to controller.
[component_container_isolated-1] [INFO] [1789977393.403467521] [controller_server]: Passing new path to controller.
[component_container_isolated-1] [INFO] [1789977394.403465385] [controller_server]: Passing new path to controller.
[component_container_isolated-1] [INFO] [1789977395.453453655] [controller_server]: Passing new path to controller.
[component_container_isolated-1] [INFO] [1789977396.453459905] [controller_server]: Passing new path to controller.
[component_container_isolated-1] [INFO] [1789977397.503454260] [controller_server]: Passing new path to controller.
[component_container_isolated-1] [INFO] [1789977398.503469196] [controller_server]: Passing new path to controller.
[component_container_isolated-1] [INFO] [1789977399.553455136] [controller_server]: Passing new path to controller.
[component_container_isolated-1] [INFO] [1789977400.553467358] [controller_server]: Passing new path to controller.
[component_container_isolated-1] [INFO] [1789977401.603456884] [controller_server]: Passing new path to controller.
[component_container_isolated-1] [INFO] [1789977402.603463892] [controller_server]: Passing new path to controller.
[component_container_isolated-1] [INFO] [1789977403.653494103] [controller_server]: Passing new path to controller.
[component_container_isolated-1] [INFO] [1789977404.653463997] [controller_server]: Passing new path to controller.
[component_container_isolated-1] [INFO] [1789977405.703471093] [controller_server]: Passing new path to controller.
[component_container_isolated-1] [INFO] [1789977406.703460074] [controller_server]: Passing new path to controller.
[component_container_isolated-1] [INFO] [1789977407.753465756] [controller_server]: Passing new path to controller.
[component_container_isolated-1] [INFO] [1789977408.753455222] [controller_server]: Passing new path to controller.
[component_container_isolated-1] [INFO] [1789977409.804346881] [controller_server]: Passing new path to controller.
[component_container_isolated-1] [INFO] [1789977410.803469543] [controller_server]: Passing new path to controller.
[component_container_isolated-1] [INFO] [1789977411.853567395] [controller_server]: Passing new path to controller.
[component_container_isolated-1] [INFO] [1789977412.853929430] [controller_server]: Passing new path to controller.
[component_container_isolated-1] [INFO] [1789977413.853466967] [controller_server]: Passing new path to controller.
[component_container_isolated-1] [INFO] [1789977414.903452099] [controller_server]: Passing new path to controller.
[component_container_isolated-1] [INFO] [1789977415.903472118] [controller_server]: Passing new path to controller.
[component_container_isolated-1] [INFO] [1789977416.953482036] [controller_server]: Passing new path to controller.
[component_container_isolated-1] [INFO] [1789977417.953472941] [controller_server]: Passing new path to controller.
[component_container_isolated-1] [INFO] [1789977419.003455245] [controller_server]: Passing new path to controller.
[component_container_isolated-1] [INFO] [1789977420.003586035] [controller_server]: Passing new path to controller.
[component_container_isolated-1] [INFO] [1789977421.053482525] [controller_server]: Passing new path to controller.
[component_container_isolated-1] [INFO] [1789977422.053489503] [controller_server]: Passing new path to controller.
[component_container_isolated-1] [INFO] [1789977423.103463379] [controller_server]: Passing new path to controller.
[component_container_isolated-1] [INFO] [1789977424.104033338] [controller_server]: Passing new path to controller.
[component_container_isolated-1] [INFO] [1789977424.110599173] [controller_server]: Optimizer reset
[component_container_isolated-1] [INFO] [1789977424.115110728] [controller_server]: Optimizer reset
[component_container_isolated-1] [WARN] [1789977424.115170727] [controller_server]: Optimizer fail to compute path
[component_container_isolated-1] [INFO] [1789977424.212118663] [collision_monitor]: Robot to approach for 1.200000 seconds away from collision
[component_container_isolated-1] [INFO] [1789977424.309739093] [controller_server]: Optimizer reset
[component_container_isolated-1] [INFO] [1789977424.316952221] [controller_server]: Optimizer reset
[component_container_isolated-1] [WARN] [1789977424.317028121] [controller_server]: Optimizer fail to compute path
[component_container_isolated-1] [INFO] [1789977424.372204972] [collision_monitor]: Robot to continue normal operation
[component_container_isolated-1] [INFO] [1789977424.412129175] [collision_monitor]: Robot to approach for 1.200000 seconds away from collision
[component_container_isolated-1] [INFO] [1789977424.509162611] [controller_server]: Optimizer reset
[component_container_isolated-1] [INFO] [1789977424.513587767] [controller_server]: Optimizer reset
[component_container_isolated-1] [WARN] [1789977424.513652566] [controller_server]: Optimizer fail to compute path
[component_container_isolated-1] [INFO] [1789977424.558851317] [controller_server]: Optimizer reset
[component_container_isolated-1] [INFO] [1789977424.563250873] [controller_server]: Optimizer reset
[component_container_isolated-1] [WARN] [1789977424.563307572] [controller_server]: Optimizer fail to compute path
[component_container_isolated-1] [INFO] [1789977424.572174584] [collision_monitor]: Robot to continue normal operation
[component_container_isolated-1] [INFO] [1789977424.609687611] [controller_server]: Optimizer reset
[component_container_isolated-1] [INFO] [1789977424.616418344] [controller_server]: Optimizer reset
[component_container_isolated-1] [WARN] [1789977424.616476544] [controller_server]: Optimizer fail to compute path
[component_container_isolated-1] [INFO] [1789977424.659048421] [controller_server]: Optimizer reset
[component_container_isolated-1] [INFO] [1789977424.666192750] [controller_server]: Optimizer reset
[component_container_isolated-1] [WARN] [1789977424.666251849] [controller_server]: Optimizer fail to compute path
[component_container_isolated-1] [INFO] [1789977424.710846806] [controller_server]: Optimizer reset
[component_container_isolated-1] [INFO] [1789977424.719493620] [controller_server]: Optimizer reset
[component_container_isolated-1] [WARN] [1789977424.719568819] [controller_server]: Optimizer fail to compute path
[component_container_isolated-1] [INFO] [1789977424.812147999] [collision_monitor]: Robot to approach for 1.200000 seconds away from collision
[component_container_isolated-1] [WARN] [1789977425.103423402] [planner_server]: GridBased plugin failed to plan from (1.42, 0.49) to (1.06, 1.06): "Failed to create plan with tolerance of: 0.500000"
[component_container_isolated-1] [WARN] [1789977425.103496502] [planner_server]: [compute_path_to_pose] [ActionServer] Aborting handle.
[component_container_isolated-1] [INFO] [1789977425.113170905] [global_costmap.global_costmap]: Received request to clear entirely the global_costmap
[component_container_isolated-1] [WARN] [1789977425.183942401] [planner_server]: GridBased plugin failed to plan from (1.41, 0.51) to (1.06, 1.06): "Failed to create plan with tolerance of: 0.500000"
[component_container_isolated-1] [WARN] [1789977425.183999301] [planner_server]: [compute_path_to_pose] [ActionServer] Aborting handle.
[component_container_isolated-1] [INFO] [1789977425.203456707] [controller_server]: Cancellation was successful. Stopping the robot.
[component_container_isolated-1] [INFO] [1789977425.203498307] [controller_server]: [follow_path] [ActionServer] Client requested to cancel the goal. Cancelling.
[component_container_isolated-1] [INFO] [1789977425.203960702] [behavior_server]: Running spin
[component_container_isolated-1] [INFO] [1789977425.204038302] [behavior_server]: Turning 1.57 for spin behavior.
[component_container_isolated-1] [INFO] [1789977425.204812794] [controller_server]: Optimizer reset
[component_container_isolated-1] [WARN] [1789977425.404235810] [behavior_server]: Collision Ahead - Exiting Spin
[component_container_isolated-1] [WARN] [1789977425.404289310] [behavior_server]: spin failed
[component_container_isolated-1] [WARN] [1789977425.404307409] [behavior_server]: [spin] [ActionServer] Aborting handle.
[component_container_isolated-1] [INFO] [1789977425.423371020] [behavior_server]: Running wait
[component_container_isolated-1] [INFO] [1789977425.672340043] [collision_monitor]: Robot to continue normal operation
