wrote /wt/contributions/compute-benchmark/OsakaTX/scripts/../results/combo2/combo2_nav2_map.pgm/.yaml (200x200, 912 occupied cells @ 0.05 m)
=== [2026-09-21T08:00:16Z] arm=async regime=converge every=22.0 -> /wt/contributions/compute-benchmark/OsakaTX/scripts/../results/combo2/smoke_conv2_a_20260921T080016Z.csv
=== goal seq pid 119035 (regime converge, slice/pause 22.0/2.0 s) ===
=== node list ===
/behavior_server
/bt_navigator
/bt_navigator_navigate_through_poses_rclcpp_node
/bt_navigator_navigate_to_pose_rclcpp_node
/collision_monitor
/controller_server
/docking_server
/global_costmap/global_costmap
/launch_ros_118923
/launch_ros_118924
/lifecycle_manager_navigation
/local_costmap/local_costmap
/nav2_container
/planner_server
/route_server
/slam_toolbox
/smoother_server
/synthetic_scan_publisher
/transform_listener_impl_61d556f7d840
/transform_listener_impl_7183e4002080
/transform_listener_impl_7183e80020e0
/velocity_smoother
/waypoint_follower
=== tf map->odom (slam must own it) ===
At time 1789977650.526202914
- Translation: [-0.003, 0.004, 0.000]
- Rotation: in Quaternion (xyzw) [0.000, 0.000, -0.002, 1.000]
- Rotation: in RPY (radian) [0.000, 0.000, -0.003]
=== stopping stack ===
=== CSV: /wt/contributions/compute-benchmark/OsakaTX/scripts/../results/combo2/smoke_conv2_a_20260921T080016Z.csv ===
=== terminal goal cycles (F) ===
1
=== settle / watchdog / slice events ===
=== slam health ===
odom-pose failures: 0
=== nav2 health ===
state-change failures: 0
costmap resizes: 7
=== done 2026-09-21T08:02:24Z ===
